Archive member included to satisfy reference by file (symbol)

/Users/zuba1/Library/gcc-arm-none-eabi-9-2019-q4-major/bin/../lib/gcc/arm-none-eabi/9.2.1/../../../../arm-none-eabi/lib/thumb/v7e-m+fp/hard/libc_nano.a(lib_a-abs.o)
                              _build/nrf52832_xxaa/ssd1306.c.o (abs)
/Users/zuba1/Library/gcc-arm-none-eabi-9-2019-q4-major/bin/../lib/gcc/arm-none-eabi/9.2.1/../../../../arm-none-eabi/lib/thumb/v7e-m+fp/hard/libc_nano.a(lib_a-ctype_.o)
                              _build/nrf52832_xxaa/nrf_log_str_formatter.c.o (_ctype_)
/Users/zuba1/Library/gcc-arm-none-eabi-9-2019-q4-major/bin/../lib/gcc/arm-none-eabi/9.2.1/../../../../arm-none-eabi/lib/thumb/v7e-m+fp/hard/libc_nano.a(lib_a-exit.o)
                              /Users/zuba1/Library/gcc-arm-none-eabi-9-2019-q4-major/bin/../lib/gcc/arm-none-eabi/9.2.1/../../../../arm-none-eabi/lib/thumb/v7e-m+fp/hard/crt0.o (exit)
/Users/zuba1/Library/gcc-arm-none-eabi-9-2019-q4-major/bin/../lib/gcc/arm-none-eabi/9.2.1/../../../../arm-none-eabi/lib/thumb/v7e-m+fp/hard/libc_nano.a(lib_a-impure.o)
                              /Users/zuba1/Library/gcc-arm-none-eabi-9-2019-q4-major/bin/../lib/gcc/arm-none-eabi/9.2.1/../../../../arm-none-eabi/lib/thumb/v7e-m+fp/hard/libc_nano.a(lib_a-exit.o) (_global_impure_ptr)
/Users/zuba1/Library/gcc-arm-none-eabi-9-2019-q4-major/bin/../lib/gcc/arm-none-eabi/9.2.1/../../../../arm-none-eabi/lib/thumb/v7e-m+fp/hard/libc_nano.a(lib_a-init.o)
                              /Users/zuba1/Library/gcc-arm-none-eabi-9-2019-q4-major/bin/../lib/gcc/arm-none-eabi/9.2.1/../../../../arm-none-eabi/lib/thumb/v7e-m+fp/hard/crt0.o (__libc_init_array)
/Users/zuba1/Library/gcc-arm-none-eabi-9-2019-q4-major/bin/../lib/gcc/arm-none-eabi/9.2.1/../../../../arm-none-eabi/lib/thumb/v7e-m+fp/hard/libc_nano.a(lib_a-memcmp.o)
                              _build/nrf52832_xxaa/ble_advdata.c.o (memcmp)
/Users/zuba1/Library/gcc-arm-none-eabi-9-2019-q4-major/bin/../lib/gcc/arm-none-eabi/9.2.1/../../../../arm-none-eabi/lib/thumb/v7e-m+fp/hard/libc_nano.a(lib_a-memcpy-stub.o)
                              _build/nrf52832_xxaa/nrf_log_frontend.c.o (memcpy)
/Users/zuba1/Library/gcc-arm-none-eabi-9-2019-q4-major/bin/../lib/gcc/arm-none-eabi/9.2.1/../../../../arm-none-eabi/lib/thumb/v7e-m+fp/hard/libc_nano.a(lib_a-memset.o)
                              /Users/zuba1/Library/gcc-arm-none-eabi-9-2019-q4-major/bin/../lib/gcc/arm-none-eabi/9.2.1/../../../../arm-none-eabi/lib/thumb/v7e-m+fp/hard/crt0.o (memset)
/Users/zuba1/Library/gcc-arm-none-eabi-9-2019-q4-major/bin/../lib/gcc/arm-none-eabi/9.2.1/../../../../arm-none-eabi/lib/thumb/v7e-m+fp/hard/libc_nano.a(lib_a-sprintf.o)
                              _build/nrf52832_xxaa/main.c.o (sprintf)
/Users/zuba1/Library/gcc-arm-none-eabi-9-2019-q4-major/bin/../lib/gcc/arm-none-eabi/9.2.1/../../../../arm-none-eabi/lib/thumb/v7e-m+fp/hard/libc_nano.a(lib_a-strcpy.o)
                              _build/nrf52832_xxaa/SEGGER_RTT.c.o (strcpy)
/Users/zuba1/Library/gcc-arm-none-eabi-9-2019-q4-major/bin/../lib/gcc/arm-none-eabi/9.2.1/../../../../arm-none-eabi/lib/thumb/v7e-m+fp/hard/libc_nano.a(lib_a-strlen.o)
                              _build/nrf52832_xxaa/nrf_log_frontend.c.o (strlen)
/Users/zuba1/Library/gcc-arm-none-eabi-9-2019-q4-major/bin/../lib/gcc/arm-none-eabi/9.2.1/../../../../arm-none-eabi/lib/thumb/v7e-m+fp/hard/libc_nano.a(lib_a-nano-svfprintf.o)
                              /Users/zuba1/Library/gcc-arm-none-eabi-9-2019-q4-major/bin/../lib/gcc/arm-none-eabi/9.2.1/../../../../arm-none-eabi/lib/thumb/v7e-m+fp/hard/libc_nano.a(lib_a-sprintf.o) (_svfprintf_r)
/Users/zuba1/Library/gcc-arm-none-eabi-9-2019-q4-major/bin/../lib/gcc/arm-none-eabi/9.2.1/../../../../arm-none-eabi/lib/thumb/v7e-m+fp/hard/libc_nano.a(lib_a-nano-vfprintf_i.o)
                              /Users/zuba1/Library/gcc-arm-none-eabi-9-2019-q4-major/bin/../lib/gcc/arm-none-eabi/9.2.1/../../../../arm-none-eabi/lib/thumb/v7e-m+fp/hard/libc_nano.a(lib_a-nano-svfprintf.o) (_printf_i)
/Users/zuba1/Library/gcc-arm-none-eabi-9-2019-q4-major/bin/../lib/gcc/arm-none-eabi/9.2.1/../../../../arm-none-eabi/lib/thumb/v7e-m+fp/hard/libc_nano.a(lib_a-memchr.o)
                              /Users/zuba1/Library/gcc-arm-none-eabi-9-2019-q4-major/bin/../lib/gcc/arm-none-eabi/9.2.1/../../../../arm-none-eabi/lib/thumb/v7e-m+fp/hard/libc_nano.a(lib_a-nano-svfprintf.o) (memchr)
/Users/zuba1/Library/gcc-arm-none-eabi-9-2019-q4-major/bin/../lib/gcc/arm-none-eabi/9.2.1/../../../../arm-none-eabi/lib/thumb/v7e-m+fp/hard/libc_nano.a(lib_a-memmove.o)
                              /Users/zuba1/Library/gcc-arm-none-eabi-9-2019-q4-major/bin/../lib/gcc/arm-none-eabi/9.2.1/../../../../arm-none-eabi/lib/thumb/v7e-m+fp/hard/libc_nano.a(lib_a-nano-svfprintf.o) (memmove)
/Users/zuba1/Library/gcc-arm-none-eabi-9-2019-q4-major/bin/../lib/gcc/arm-none-eabi/9.2.1/../../../../arm-none-eabi/lib/thumb/v7e-m+fp/hard/libc_nano.a(lib_a-nano-freer.o)
[...]
Memory Configuration

Name             Origin             Length             Attributes
FLASH            0x0000000000026000 0x000000000005a000 xr
RAM              0x00000000200029e0 0x000000000000d620 xrw
*default*        0x0000000000000000 0xffffffffffffffff

Linker script and memory map


.text           0x0000000000026000     0x983c
 *(.isr_vector)
 .isr_vector    0x0000000000026000      0x200 _build/nrf52832_xxaa/gcc_startup_nrf52.S.o
                0x0000000000026000                __isr_vector
 *(.text*)
 .text          0x0000000000026200       0x40 /Users/zuba1/Library/gcc-arm-none-eabi-9-2019-q4-major/bin/../lib/gcc/arm-none-eabi/9.2.1/thumb/v7e-m+fp/hard/crtbegin.o
 .text          0x0000000000026240       0x74 /Users/zuba1/Library/gcc-arm-none-eabi-9-2019-q4-major/bin/../lib/gcc/arm-none-eabi/9.2.1/../../../../arm-none-eabi/lib/thumb/v7e-m+fp/hard/crt0.o
                0x0000000000026240                _mainCRTStartup
                0x0000000000026240                _start
 .text          0x00000000000262b4       0x3c _build/nrf52832_xxaa/gcc_startup_nrf52.S.o
                0x00000000000262b4                Reset_Handler
                0x00000000000262dc                NMI_Handler
                0x00000000000262de                HardFault_Handler
                0x00000000000262e0                MemoryManagement_Handler
                0x00000000000262e2                BusFault_Handler
                0x00000000000262e4                UsageFault_Handler
                0x00000000000262e6                SVC_Handler
                0x00000000000262e8                DebugMon_Handler
                0x00000000000262ea                PendSV_Handler
                0x00000000000262ec                SysTick_Handler
                0x00000000000262ee                TIMER4_IRQHandler
                0x00000000000262ee                I2S_IRQHandler
                0x00000000000262ee                SWI4_EGU4_IRQHandler
                0x00000000000262ee                TIMER0_IRQHandler
                0x00000000000262ee                TIMER1_IRQHandler
                0x00000000000262ee                PWM2_IRQHandler
                0x00000000000262ee                ECB_IRQHandler
                0x00000000000262ee                SPIM1_SPIS1_TWIM1_TWIS1_SPI1_TWI1_IRQHandler
                0x00000000000262ee                Default_Handler
                0x00000000000262ee                CCM_AAR_IRQHandler
                0x00000000000262ee                SWI5_EGU5_IRQHandler
                0x00000000000262ee                RNG_IRQHandler
                0x00000000000262ee                RTC2_IRQHandler
                0x00000000000262ee                PWM0_IRQHandler
                0x00000000000262ee                SWI3_EGU3_IRQHandler
                0x00000000000262ee                SWI1_EGU1_IRQHandler
                0x00000000000262ee                SPIM2_SPIS2_SPI2_IRQHandler
                0x00000000000262ee                NFCT_IRQHandler
                0x00000000000262ee                MWU_IRQHandler
                0x00000000000262ee                TIMER2_IRQHandler
                0x00000000000262ee                COMP_LPCOMP_IRQHandler
                0x00000000000262ee                RTC0_IRQHandler
                0x00000000000262ee                PWM1_IRQHandler
                0x00000000000262ee                RADIO_IRQHandler
                0x00000000000262ee                PDM_IRQHandler
                0x00000000000262ee                TEMP_IRQHandler
                0x00000000000262ee                QDEC_IRQHandler
                0x00000000000262ee                TIMER3_IRQHandler
                0x00000000000262ee                FPU_IRQHandler
                0x00000000000262ee                SPIM0_SPIS0_TWIM0_TWIS0_SPI0_TWI0_IRQHandler
 .text.nrf_log_backend_rtt_flush
                0x00000000000262f0        0x4 _build/nrf52832_xxaa/nrf_log_backend_rtt.c.o
 .text.nrf_log_backend_rtt_put
                0x00000000000262f4       0x20 _build/nrf52832_xxaa/nrf_log_backend_rtt.c.o
 .text.serial_tx
                0x0000000000026314       0x54 _build/nrf52832_xxaa/nrf_log_backend_rtt.c.o
 .text.nrf_log_backend_rtt_panic_set
                0x0000000000026368        0x4 _build/nrf52832_xxaa/nrf_log_backend_rtt.c.o
 .text.nrf_log_backend_rtt_init
                0x000000000002636c        0x4 _build/nrf52832_xxaa/nrf_log_backend_rtt.c.o
                0x000000000002636c                nrf_log_backend_rtt_init
 .text.nrf_log_backend_serial_put
                0x0000000000026370       0xd8 _build/nrf52832_xxaa/nrf_log_backend_serial.c.o
                0x0000000000026370                nrf_log_backend_serial_put
 .text.nrf_log_default_backends_init
                0x0000000000026448       0x1c _build/nrf52832_xxaa/nrf_log_default_backends.c.o
                0x0000000000026448                nrf_log_default_backends_init
 .text.nrf_log_init
                0x0000000000026464       0x58 _build/nrf52832_xxaa/nrf_log_frontend.c.o
                0x0000000000026464                nrf_log_init
 .text.nrf_log_module_name_get
                0x00000000000264bc       0x48 _build/nrf52832_xxaa/nrf_log_frontend.c.o
                0x00000000000264bc                nrf_log_module_name_get
 .text.nrf_log_color_id_get
                0x0000000000026504       0x2c _build/nrf52832_xxaa/nrf_log_frontend.c.o
                0x0000000000026504                nrf_log_color_id_get
 .text.nrf_log_frontend_dequeue
                0x0000000000026530      0x254 _build/nrf52832_xxaa/nrf_log_frontend.c.o
                0x0000000000026530                nrf_log_frontend_dequeue
 .text.nrf_log_frontend_std_0
                0x0000000000026784      0x194 _build/nrf52832_xxaa/nrf_log_frontend.c.o
                0x0000000000026784                nrf_log_frontend_std_0
 .text.nrf_log_frontend_std_1
                0x0000000000026918      0x1b0 _build/nrf52832_xxaa/nrf_log_frontend.c.o
                0x0000000000026918                nrf_log_frontend_std_1
 .text.nrf_log_frontend_std_2
                0x0000000000026ac8      0x1b0 _build/nrf52832_xxaa/nrf_log_frontend.c.o
                0x0000000000026ac8                nrf_log_frontend_std_2
 .text.nrf_log_frontend_std_6
                0x0000000000026c78      0x208 _build/nrf52832_xxaa/nrf_log_frontend.c.o
                0x0000000000026c78                nrf_log_frontend_std_6
 .text.nrf_log_backend_add
                0x0000000000026e80       0x50 _build/nrf52832_xxaa/nrf_log_frontend.c.o
                0x0000000000026e80                nrf_log_backend_add
 .text.nrf_log_panic
                0x0000000000026ed0       0x28 _build/nrf52832_xxaa/nrf_log_frontend.c.o
                0x0000000000026ed0                nrf_log_panic
 .text.prefix_process
                0x0000000000026ef8       0x80 _build/nrf52832_xxaa/nrf_log_str_formatter.c.o
 .text.nrf_log_std_entry_process
                0x0000000000026f78       0xf0 _build/nrf52832_xxaa/nrf_log_str_formatter.c.o
                0x0000000000026f78                nrf_log_std_entry_process
 .text.nrf_log_hexdump_entry_process
                0x0000000000027068       0xf4 _build/nrf52832_xxaa/nrf_log_str_formatter.c.o
                0x0000000000027068                nrf_log_hexdump_entry_process
 .text.WDT_IRQHandler
                0x000000000002715c       0x30 _build/nrf52832_xxaa/nrfx_wdt.c.o
                0x000000000002715c                WDT_IRQHandler
 .text.nrfx_wdt_init
                0x000000000002718c       0x60 _build/nrf52832_xxaa/nrfx_wdt.c.o
                0x000000000002718c                nrfx_wdt_init
 .text.nrfx_wdt_enable
                0x00000000000271ec       0x1c _build/nrf52832_xxaa/nrfx_wdt.c.o
                0x00000000000271ec                nrfx_wdt_enable
 .text.nrfx_wdt_channel_alloc
                0x0000000000027208       0x5c _build/nrf52832_xxaa/nrfx_wdt.c.o
                0x0000000000027208                nrfx_wdt_channel_alloc
 .text.nrfx_wdt_channel_feed
                0x0000000000027264       0x18 _build/nrf52832_xxaa/nrfx_wdt.c.o
                0x0000000000027264                nrfx_wdt_channel_feed
 .text.SAADC_IRQHandler
                0x000000000002727c      0x1b4 _build/nrf52832_xxaa/nrfx_saadc.c.o
                0x000000000002727c                SAADC_IRQHandler
 .text.nrfx_saadc_init
                0x0000000000027430       0x9c _build/nrf52832_xxaa/nrfx_saadc.c.o
                0x0000000000027430                nrfx_saadc_init
 .text.nrfx_saadc_channel_init
                0x00000000000274cc       0xe4 _build/nrf52832_xxaa/nrfx_saadc.c.o
                0x00000000000274cc                nrfx_saadc_channel_init
 .text.nrfx_saadc_buffer_convert
                0x00000000000275b0       0xc4 _build/nrf52832_xxaa/nrfx_saadc.c.o
                0x00000000000275b0                nrfx_saadc_buffer_convert
 .text.nrfx_saadc_sample
                0x0000000000027674       0x30 _build/nrf52832_xxaa/nrfx_saadc.c.o
                0x0000000000027674                nrfx_saadc_sample
 .text.app_error_handler_bare
                0x00000000000276a4       0x20 _build/nrf52832_xxaa/app_error.c.o
                0x00000000000276a4                app_error_handler_bare
 .text.app_error_fault_handler
                0x00000000000276c4       0x6c _build/nrf52832_xxaa/app_error_weak.c.o
                0x00000000000276c4                app_error_fault_handler
 .text.RTC1_IRQHandler
                0x0000000000027730       0xa0 _build/nrf52832_xxaa/app_timer.c.o
                0x0000000000027730                RTC1_IRQHandler
 .text.SWI0_EGU0_IRQHandler
                0x00000000000277d0      0x3e0 _build/nrf52832_xxaa/app_timer.c.o
                0x00000000000277d0                SWI0_EGU0_IRQHandler
 .text.app_timer_init
                0x0000000000027bb0       0xa8 _build/nrf52832_xxaa/app_timer.c.o
                0x0000000000027bb0                app_timer_init
 .text.app_timer_create
                0x0000000000027c58       0x24 _build/nrf52832_xxaa/app_timer.c.o
                0x0000000000027c58                app_timer_create
 .text.app_timer_start
                0x0000000000027c7c       0xac _build/nrf52832_xxaa/app_timer.c.o
                0x0000000000027c7c                app_timer_start
 .text.app_util_critical_region_enter
                0x0000000000027d28       0x4c _build/nrf52832_xxaa/app_util_platform.c.o
                0x0000000000027d28                app_util_critical_region_enter
 .text.app_util_critical_region_exit
                0x0000000000027d74       0x30 _build/nrf52832_xxaa/app_util_platform.c.o
                0x0000000000027d74                app_util_critical_region_exit
 .text.nrf_atomic_u32_fetch_store
                0x0000000000027da4       0x1c _build/nrf52832_xxaa/nrf_atomic.c.o
                0x0000000000027da4                nrf_atomic_u32_fetch_store
 .text.nrf_atomic_u32_add
                0x0000000000027dc0       0x1c _build/nrf52832_xxaa/nrf_atomic.c.o
                0x0000000000027dc0                nrf_atomic_u32_add
 .text.nrf_atomic_u32_sub
                0x0000000000027ddc       0x1c _build/nrf52832_xxaa/nrf_atomic.c.o
                0x0000000000027ddc                nrf_atomic_u32_sub
 .text.nrf_atomic_flag_set
                0x0000000000027df8       0x20 _build/nrf52832_xxaa/nrf_atomic.c.o
                0x0000000000027df8                nrf_atomic_flag_set
 .text.nrf_atomic_flag_clear_fetch
                0x0000000000027e18       0x20 _build/nrf52832_xxaa/nrf_atomic.c.o
                0x0000000000027e18                nrf_atomic_flag_clear_fetch
 .text.nrf_balloc_init
                0x0000000000027e38       0x38 _build/nrf52832_xxaa/nrf_balloc.c.o
                0x0000000000027e38                nrf_balloc_init
 .text.nrf_balloc_alloc
                0x0000000000027e70       0x50 _build/nrf52832_xxaa/nrf_balloc.c.o
                0x0000000000027e70                nrf_balloc_alloc
 .text.nrf_balloc_free
                0x0000000000027ec0       0x38 _build/nrf52832_xxaa/nrf_balloc.c.o
                0x0000000000027ec0                nrf_balloc_free
 .text.nrf_fprintf_buffer_flush
                0x0000000000027ef8       0x18 _build/nrf52832_xxaa/nrf_fprintf.c.o
                0x0000000000027ef8                nrf_fprintf_buffer_flush
 .text.nrf_fprintf
                0x0000000000027f10       0x20 _build/nrf52832_xxaa/nrf_fprintf.c.o
                0x0000000000027f10                nrf_fprintf
 .text.unsigned_print
                0x0000000000027f30      0x118 _build/nrf52832_xxaa/nrf_fprintf_format.c.o
 .text.nrf_fprintf_fmt
                0x0000000000028048      0x4bc _build/nrf52832_xxaa/nrf_fprintf_format.c.o
                0x0000000000028048                nrf_fprintf_fmt
 .text.nrf_memobj_pool_init
                0x0000000000028504        0x4 _build/nrf52832_xxaa/nrf_memobj.c.o
                0x0000000000028504                nrf_memobj_pool_init
 .text.nrf_memobj_alloc
                0x0000000000028508       0x94 _build/nrf52832_xxaa/nrf_memobj.c.o
                0x0000000000028508                nrf_memobj_alloc
 .text.nrf_memobj_get
                0x000000000002859c        0x8 _build/nrf52832_xxaa/nrf_memobj.c.o
                0x000000000002859c                nrf_memobj_get
 .text.nrf_memobj_put
                0x00000000000285a4       0x58 _build/nrf52832_xxaa/nrf_memobj.c.o
                0x00000000000285a4                nrf_memobj_put
 .text.nrf_memobj_write
                0x00000000000285fc       0x58 _build/nrf52832_xxaa/nrf_memobj.c.o
                0x00000000000285fc                nrf_memobj_write
 .text.nrf_memobj_read
                0x0000000000028654       0x58 _build/nrf52832_xxaa/nrf_memobj.c.o
                0x0000000000028654                nrf_memobj_read
 .text.sd_app_evt_wait
                0x00000000000286ac        0x4 _build/nrf52832_xxaa/nrf_pwr_mgmt.c.o
 .text.nrf_pwr_mgmt_init
                0x00000000000286b0       0x2c _build/nrf52832_xxaa/nrf_pwr_mgmt.c.o
                0x00000000000286b0                nrf_pwr_mgmt_init
 .text.nrf_pwr_mgmt_run
                0x00000000000286dc       0x54 _build/nrf52832_xxaa/nrf_pwr_mgmt.c.o
                0x00000000000286dc                nrf_pwr_mgmt_run
 .text.nrf_section_iter_init
                0x0000000000028730       0x14 _build/nrf52832_xxaa/nrf_section_iter.c.o
                0x0000000000028730                nrf_section_iter_init
 .text.nrf_section_iter_next
                0x0000000000028744       0x18 _build/nrf52832_xxaa/nrf_section_iter.c.o
                0x0000000000028744                nrf_section_iter_next
 .text.nrf_strerror_get
                0x000000000002875c       0x50 _build/nrf52832_xxaa/nrf_strerror.c.o
                0x000000000002875c                nrf_strerror_get
 .text.SystemInit
                0x00000000000287ac      0x3b4 _build/nrf52832_xxaa/system_nrf52.c.o
                0x00000000000287ac                SystemInit
 .text.clock_irq_handler
                0x0000000000028b60       0x44 _build/nrf52832_xxaa/nrf_drv_clock.c.o
 .text.soc_evt_handler
                0x0000000000028ba4       0x28 _build/nrf52832_xxaa/nrf_drv_clock.c.o
 .text.sd_state_evt_handler
                0x0000000000028bcc       0xa8 _build/nrf52832_xxaa/nrf_drv_clock.c.o
 .text.nrfx_clock_init
                0x0000000000028c74       0x18 _build/nrf52832_xxaa/nrfx_clock.c.o
                0x0000000000028c74                nrfx_clock_init
 .text.nrfx_clock_enable
                0x0000000000028c8c       0x28 _build/nrf52832_xxaa/nrfx_clock.c.o
                0x0000000000028c8c                nrfx_clock_enable
 .text.nrfx_clock_lfclk_stop
                0x0000000000028cb4       0x18 _build/nrf52832_xxaa/nrfx_clock.c.o
                0x0000000000028cb4                nrfx_clock_lfclk_stop
 .text.POWER_CLOCK_IRQHandler
                0x0000000000028ccc       0x6c _build/nrf52832_xxaa/nrfx_clock.c.o
                0x0000000000028ccc                POWER_CLOCK_IRQHandler
 .text.GPIOTE_IRQHandler
                0x0000000000028d38      0x4ec _build/nrf52832_xxaa/nrfx_gpiote.c.o
                0x0000000000028d38                GPIOTE_IRQHandler
 .text.UARTE0_UART0_IRQHandler
                0x0000000000029224        0xc _build/nrf52832_xxaa/nrfx_prs.c.o
                0x0000000000029224                UARTE0_UART0_IRQHandler
 .text.app_ble_config
                0x0000000000029230       0xc0 _build/nrf52832_xxaa/main.c.o
                0x0000000000029230                app_ble_config
 .text.app_ble_treminal
                0x00000000000292f0       0x64 _build/nrf52832_xxaa/main.c.o
                0x00000000000292f0                app_ble_treminal
 .text.app_ble_live
                0x0000000000029354      0x26c _build/nrf52832_xxaa/main.c.o
                0x0000000000029354                app_ble_live
 .text.app_sys_info
                0x00000000000295c0       0x9c _build/nrf52832_xxaa/main.c.o
                0x00000000000295c0                app_sys_info
 .text.app_ir_sumoremote
                0x000000000002965c      0x13c _build/nrf52832_xxaa/main.c.o
                0x000000000002965c                app_ir_sumoremote
 .text.app_ir_RC5
                0x0000000000029798      0x244 _build/nrf52832_xxaa/main.c.o
                0x0000000000029798                app_ir_RC5
 .text.startup.main
                0x00000000000299dc      0x2d8 _build/nrf52832_xxaa/main.c.o
                0x00000000000299dc                main
 .text.i2c_Init
                0x0000000000029cb4       0x40 _build/nrf52832_xxaa/i2c.c.o
                0x0000000000029cb4                i2c_Init
 .text.i2c_add_device
                0x0000000000029cf4       0x38 _build/nrf52832_xxaa/i2c.c.o
                0x0000000000029cf4                i2c_add_device
 .text.i2c_Start
                0x0000000000029d2c       0xd8 _build/nrf52832_xxaa/i2c.c.o
                0x0000000000029d2c                i2c_Start
 .text.i2c_Stop
                0x0000000000029e04       0xd8 _build/nrf52832_xxaa/i2c.c.o
                0x0000000000029e04                i2c_Stop
 .text.i2c_Write
                0x0000000000029edc      0x120 _build/nrf52832_xxaa/i2c.c.o
                0x0000000000029edc                i2c_Write
 .text.oled_init
                0x0000000000029ffc       0x58 _build/nrf52832_xxaa/oled.c.o
                0x0000000000029ffc                oled_init
 .text.oled_print
                0x000000000002a054       0x54 _build/nrf52832_xxaa/oled.c.o
                0x000000000002a054                oled_print
 .text.oled_clear
                0x000000000002a0a8        0x4 _build/nrf52832_xxaa/oled.c.o
                0x000000000002a0a8                oled_clear
 .text.ssd1306_draw_pixel.part.0
                0x000000000002a0ac       0xdc _build/nrf52832_xxaa/ssd1306.c.o
 .text.ssd1306_draw_fast_hline_internal.part.0
                0x000000000002a188      0x194 _build/nrf52832_xxaa/ssd1306.c.o
 .text.ssd1306_draw_fast_vline_internal.part.0
                0x000000000002a31c      0x150 _build/nrf52832_xxaa/ssd1306.c.o
 .text.ssd1306_init_i2c
                0x000000000002a46c       0x14 _build/nrf52832_xxaa/ssd1306.c.o
                0x000000000002a46c                ssd1306_init_i2c
 .text.ssd1306_begin
                0x000000000002a480      0x450 _build/nrf52832_xxaa/ssd1306.c.o
                0x000000000002a480                ssd1306_begin
 .text.ssd1306_display
                0x000000000002a8d0      0x11c _build/nrf52832_xxaa/ssd1306.c.o
                0x000000000002a8d0                ssd1306_display
 .text.ssd1306_clear_display
                0x000000000002a9ec       0x10 _build/nrf52832_xxaa/ssd1306.c.o
                0x000000000002a9ec                ssd1306_clear_display
 .text.ssd1306_draw_fast_vline
                0x000000000002a9fc       0x80 _build/nrf52832_xxaa/ssd1306.c.o
                0x000000000002a9fc                ssd1306_draw_fast_vline
 .text.ssd1306_draw_circle
                0x000000000002aa7c      0x348 _build/nrf52832_xxaa/ssd1306.c.o
                0x000000000002aa7c                ssd1306_draw_circle
 .text.ssd1306_fill_circle
                0x000000000002adc4      0x100 _build/nrf52832_xxaa/ssd1306.c.o
                0x000000000002adc4                ssd1306_fill_circle
 .text.ssd1306_draw_line
                0x000000000002aec4      0x13c _build/nrf52832_xxaa/ssd1306.c.o
                0x000000000002aec4                ssd1306_draw_line
 .text.ssd1306_fill_screen
                0x000000000002b000       0xbc _build/nrf52832_xxaa/ssd1306.c.o
                0x000000000002b000                ssd1306_fill_screen
 .text.ssd1306_draw_char
                0x000000000002b0bc      0x2a4 _build/nrf52832_xxaa/ssd1306.c.o
                0x000000000002b0bc                ssd1306_draw_char
 .text.ssd1306_write
                0x000000000002b360       0xac _build/nrf52832_xxaa/ssd1306.c.o
                0x000000000002b360                ssd1306_write
 .text.ssd1306_set_cursor
                0x000000000002b40c       0x14 _build/nrf52832_xxaa/ssd1306.c.o
                0x000000000002b40c                ssd1306_set_cursor
 .text.ssd1306_set_textsize
                0x000000000002b420       0x10 _build/nrf52832_xxaa/ssd1306.c.o
                0x000000000002b420                ssd1306_set_textsize
 .text.ssd1306_set_textcolor
                0x000000000002b430       0x14 _build/nrf52832_xxaa/ssd1306.c.o
                0x000000000002b430                ssd1306_set_textcolor
 .text.sd_ble_gap_conn_param_update
                0x000000000002b444        0x4 _build/nrf52832_xxaa/ble_app.c.o
 .text.sd_ble_gap_disconnect
                0x000000000002b448        0x4 _build/nrf52832_xxaa/ble_app.c.o
 .text.sd_ble_gap_sec_params_reply
                0x000000000002b44c        0x4 _build/nrf52832_xxaa/ble_app.c.o
 .text.sd_ble_gap_scan_start
                0x000000000002b450        0x4 _build/nrf52832_xxaa/ble_app.c.o
 .text.sd_ble_gap_connect
                0x000000000002b454        0x4 _build/nrf52832_xxaa/ble_app.c.o
 .text.sd_ble_gap_phy_update
                0x000000000002b458        0x4 _build/nrf52832_xxaa/ble_app.c.o
 .text.shutdown_handler
                0x000000000002b45c        0x4 _build/nrf52832_xxaa/ble_app.c.o
 .text.db_disc_handler
                0x000000000002b460        0xc _build/nrf52832_xxaa/ble_app.c.o
 .text.ble_evt_handler
                0x000000000002b46c      0x184 _build/nrf52832_xxaa/ble_app.c.o
 .text.gatt_evt_handler
                0x000000000002b5f0       0x48 _build/nrf52832_xxaa/ble_app.c.o
                0x000000000002b5f0                gatt_evt_handler
 .text.ble_nus_c_evt_handler
                0x000000000002b638      0x198 _build/nrf52832_xxaa/ble_app.c.o
 .text.ble_disonnect
                0x000000000002b7d0        0x4 _build/nrf52832_xxaa/ble_app.c.o
                0x000000000002b7d0                ble_disonnect
 .text.ble_scan_start
                0x000000000002b7d4       0x28 _build/nrf52832_xxaa/ble_app.c.o
                0x000000000002b7d4                ble_scan_start
 .text.ble_get_status
                0x000000000002b7fc        0xc _build/nrf52832_xxaa/ble_app.c.o
                0x000000000002b7fc                ble_get_status
 .text.ble_is_new_data
                0x000000000002b808        0xc _build/nrf52832_xxaa/ble_app.c.o
                0x000000000002b808                ble_is_new_data
 .text.ble_get_data
                0x000000000002b814       0x24 _build/nrf52832_xxaa/ble_app.c.o
                0x000000000002b814                ble_get_data
 .text.ble_send
                0x000000000002b838       0x58 _build/nrf52832_xxaa/ble_app.c.o
                0x000000000002b838                ble_send
 .text.ble_init
                0x000000000002b890       0xac _build/nrf52832_xxaa/ble_app.c.o
                0x000000000002b890                ble_init
 .text.wdt_event_handler
                0x000000000002b93c        0x4 _build/nrf52832_xxaa/hardware.c.o
                0x000000000002b93c                wdt_event_handler
 .text.systime_task
                0x000000000002b940       0x10 _build/nrf52832_xxaa/hardware.c.o
 .text.power_manage
                0x000000000002b950       0x14 _build/nrf52832_xxaa/hardware.c.o
                0x000000000002b950                power_manage
 .text.set_power_mode
                0x000000000002b964       0x40 _build/nrf52832_xxaa/hardware.c.o
                0x000000000002b964                set_power_mode
 .text.check_buttons
                0x000000000002b9a4       0x64 _build/nrf52832_xxaa/hardware.c.o
                0x000000000002b9a4                check_buttons
 .text.led_task
                0x000000000002ba08      0x264 _build/nrf52832_xxaa/hardware.c.o
 .text.set_led  0x000000000002bc6c       0x20 _build/nrf52832_xxaa/hardware.c.o
                0x000000000002bc6c                set_led
 .text.init_buttons_and_leds
                0x000000000002bc8c       0xe8 _build/nrf52832_xxaa/hardware.c.o
                0x000000000002bc8c                init_buttons_and_leds
 .text.init_hardware
                0x000000000002bd74       0xa0 _build/nrf52832_xxaa/hardware.c.o
                0x000000000002bd74                init_hardware
 .text.get_one_button_state
                0x000000000002be14       0x78 _build/nrf52832_xxaa/hardware.c.o
                0x000000000002be14                get_one_button_state
 .text.getsystemtime
                0x000000000002be8c        0xc _build/nrf52832_xxaa/hardware.c.o
                0x000000000002be8c                getsystemtime
 .text.saadc_callback
                0x000000000002be98       0x48 _build/nrf52832_xxaa/adc.c.o
                0x000000000002be98                saadc_callback
 .text.saadc_init
                0x000000000002bee0       0x7c _build/nrf52832_xxaa/adc.c.o
                0x000000000002bee0                saadc_init
 .text.get_battery_voltage
                0x000000000002bf5c        0xc _build/nrf52832_xxaa/adc.c.o
                0x000000000002bf5c                get_battery_voltage
 .text.SEGGER_RTT_WriteNoLock
                0x000000000002bf68      0x1bc _build/nrf52832_xxaa/SEGGER_RTT.c.o
                0x000000000002bf68                SEGGER_RTT_WriteNoLock
 .text.SEGGER_RTT_Init
                0x000000000002c124       0x60 _build/nrf52832_xxaa/SEGGER_RTT.c.o
                0x000000000002c124                SEGGER_RTT_Init
 .text.sd_ble_uuid_encode
                0x000000000002c184        0x4 _build/nrf52832_xxaa/ble_advdata.c.o
 .text.ble_advdata_uuid_find
                0x000000000002c188       0xf8 _build/nrf52832_xxaa/ble_advdata.c.o
                0x000000000002c188                ble_advdata_uuid_find
 .text.sd_ble_gattc_primary_services_discover
                0x000000000002c280        0x4 _build/nrf52832_xxaa/ble_db_discovery.c.o
 .text.sd_ble_gattc_characteristics_discover
                0x000000000002c284        0x4 _build/nrf52832_xxaa/ble_db_discovery.c.o
 .text.sd_ble_gattc_descriptors_discover
                0x000000000002c288        0x4 _build/nrf52832_xxaa/ble_db_discovery.c.o
 .text.discovery_error_evt_trigger
                0x000000000002c28c       0xd8 _build/nrf52832_xxaa/ble_db_discovery.c.o
 .text.discovery_complete_evt_trigger
                0x000000000002c364      0x12c _build/nrf52832_xxaa/ble_db_discovery.c.o
 .text.descriptors_discover
                0x000000000002c490       0xcc _build/nrf52832_xxaa/ble_db_discovery.c.o
 .text.ble_db_discovery_init
                0x000000000002c55c       0x34 _build/nrf52832_xxaa/ble_db_discovery.c.o
                0x000000000002c55c                ble_db_discovery_init
 .text.ble_db_discovery_evt_register
                0x000000000002c590       0xcc _build/nrf52832_xxaa/ble_db_discovery.c.o
                0x000000000002c590                ble_db_discovery_evt_register
 .text.ble_db_discovery_start
                0x000000000002c65c       0x84 _build/nrf52832_xxaa/ble_db_discovery.c.o
                0x000000000002c65c                ble_db_discovery_start
 .text.ble_db_discovery_on_ble_evt
                0x000000000002c6e0      0x920 _build/nrf52832_xxaa/ble_db_discovery.c.o
                0x000000000002c6e0                ble_db_discovery_on_ble_evt
 .text.sd_ble_gap_data_length_update
                0x000000000002d000        0x4 _build/nrf52832_xxaa/nrf_ble_gatt.c.o
 .text.sd_ble_gattc_exchange_mtu_request
                0x000000000002d004        0x4 _build/nrf52832_xxaa/nrf_ble_gatt.c.o
 .text.sd_ble_gatts_exchange_mtu_reply
                0x000000000002d008        0x4 _build/nrf52832_xxaa/nrf_ble_gatt.c.o
 .text.data_length_update.constprop.0
                0x000000000002d00c       0x90 _build/nrf52832_xxaa/nrf_ble_gatt.c.o
 .text.nrf_ble_gatt_init
                0x000000000002d09c       0x30 _build/nrf52832_xxaa/nrf_ble_gatt.c.o
                0x000000000002d09c                nrf_ble_gatt_init
 .text.nrf_ble_gatt_att_mtu_central_set
                0x000000000002d0cc       0x18 _build/nrf52832_xxaa/nrf_ble_gatt.c.o
                0x000000000002d0cc                nrf_ble_gatt_att_mtu_central_set
 .text.nrf_ble_gatt_on_ble_evt
                0x000000000002d0e4      0x1c0 _build/nrf52832_xxaa/nrf_ble_gatt.c.o
                0x000000000002d0e4                nrf_ble_gatt_on_ble_evt
 .text.sd_ble_gattc_write
                0x000000000002d2a4        0x4 _build/nrf52832_xxaa/ble_nus_c.c.o
 .text.sd_ble_uuid_vs_add
                0x000000000002d2a8        0x4 _build/nrf52832_xxaa/ble_nus_c.c.o
 .text.ble_nus_c_on_db_disc_evt
                0x000000000002d2ac       0x90 _build/nrf52832_xxaa/ble_nus_c.c.o
                0x000000000002d2ac                ble_nus_c_on_db_disc_evt
 .text.ble_nus_c_init
                0x000000000002d33c       0x54 _build/nrf52832_xxaa/ble_nus_c.c.o
                0x000000000002d33c                ble_nus_c_init
 .text.ble_nus_c_on_ble_evt
                0x000000000002d390       0x80 _build/nrf52832_xxaa/ble_nus_c.c.o
                0x000000000002d390                ble_nus_c_on_ble_evt
 .text.ble_nus_c_tx_notif_enable
                0x000000000002d410       0x44 _build/nrf52832_xxaa/ble_nus_c.c.o
                0x000000000002d410                ble_nus_c_tx_notif_enable
 .text.ble_nus_c_string_send
                0x000000000002d454       0x78 _build/nrf52832_xxaa/ble_nus_c.c.o
                0x000000000002d454                ble_nus_c_string_send
 .text.ble_nus_c_handles_assign
                0x000000000002d4cc       0x1c _build/nrf52832_xxaa/ble_nus_c.c.o
                0x000000000002d4cc                ble_nus_c_handles_assign
 .text.sd_softdevice_enable
                0x000000000002d4e8        0x4 _build/nrf52832_xxaa/nrf_sdh.c.o
 .text.nrf_sdh_enable_request
                0x000000000002d4ec      0x124 _build/nrf52832_xxaa/nrf_sdh.c.o
                0x000000000002d4ec                nrf_sdh_enable_request
 .text.nrf_sdh_is_enabled
                0x000000000002d610        0xc _build/nrf52832_xxaa/nrf_sdh.c.o
                0x000000000002d610                nrf_sdh_is_enabled
 .text.SWI2_EGU2_IRQHandler
                0x000000000002d61c       0x2c _build/nrf52832_xxaa/nrf_sdh.c.o
                0x000000000002d61c                SWI2_EGU2_IRQHandler
 .text.sd_ble_enable
                0x000000000002d648        0x4 _build/nrf52832_xxaa/nrf_sdh_ble.c.o
 .text.sd_ble_cfg_set
                0x000000000002d64c        0x4 _build/nrf52832_xxaa/nrf_sdh_ble.c.o
 .text.sd_ble_evt_get
                0x000000000002d650        0x4 _build/nrf52832_xxaa/nrf_sdh_ble.c.o
 .text.nrf_sdh_ble_evts_poll.part.0
                0x000000000002d654       0x54 _build/nrf52832_xxaa/nrf_sdh_ble.c.o
 .text.nrf_sdh_ble_evts_poll
                0x000000000002d6a8       0x10 _build/nrf52832_xxaa/nrf_sdh_ble.c.o
 .text.nrf_sdh_ble_default_cfg_set
                0x000000000002d6b8      0x1b0 _build/nrf52832_xxaa/nrf_sdh_ble.c.o
                0x000000000002d6b8                nrf_sdh_ble_default_cfg_set
 .text.nrf_sdh_ble_enable
                0x000000000002d868       0x9c _build/nrf52832_xxaa/nrf_sdh_ble.c.o
                0x000000000002d868                nrf_sdh_ble_enable
 .text.sd_evt_get
                0x000000000002d904        0x4 _build/nrf52832_xxaa/nrf_sdh_soc.c.o
 .text.nrf_sdh_soc_evts_poll
                0x000000000002d908       0x4c _build/nrf52832_xxaa/nrf_sdh_soc.c.o
 .text.abs      0x000000000002d954        0x8 /Users/zuba1/Library/gcc-arm-none-eabi-9-2019-q4-major/bin/../lib/gcc/arm-none-eabi/9.2.1/../../../../arm-none-eabi/lib/thumb/v7e-m+fp/hard/libc_nano.a(lib_a-abs.o)
                0x000000000002d954                abs
 .text.exit     0x000000000002d95c       0x28 /Users/zuba1/Library/gcc-arm-none-eabi-9-2019-q4-major/bin/../lib/gcc/arm-none-eabi/9.2.1/../../../../arm-none-eabi/lib/thumb/v7e-m+fp/hard/libc_nano.a(lib_a-exit.o)
                0x000000000002d95c                exit
 .text.__libc_init_array
                0x000000000002d984       0x48 /Users/zuba1/Library/gcc-arm-none-eabi-9-2019-q4-major/bin/../lib/gcc/arm-none-eabi/9.2.1/../../../../arm-none-eabi/lib/thumb/v7e-m+fp/hard/libc_nano.a(lib_a-init.o)
                0x000000000002d984                __libc_init_array
 .text.memcmp   0x000000000002d9cc       0x1c /Users/zuba1/Library/gcc-arm-none-eabi-9-2019-q4-major/bin/../lib/gcc/arm-none-eabi/9.2.1/../../../../arm-none-eabi/lib/thumb/v7e-m+fp/hard/libc_nano.a(lib_a-memcmp.o)
                0x000000000002d9cc                memcmp
 .text.memcpy   0x000000000002d9e8       0x1c /Users/zuba1/Library/gcc-arm-none-eabi-9-2019-q4-major/bin/../lib/gcc/arm-none-eabi/9.2.1/../../../../arm-none-eabi/lib/thumb/v7e-m+fp/hard/libc_nano.a(lib_a-memcpy-stub.o)
                0x000000000002d9e8                memcpy
 .text.memset   0x000000000002da04       0x10 /Users/zuba1/Library/gcc-arm-none-eabi-9-2019-q4-major/bin/../lib/gcc/arm-none-eabi/9.2.1/../../../../arm-none-eabi/lib/thumb/v7e-m+fp/hard/libc_nano.a(lib_a-memset.o)
                0x000000000002da04                memset
 .text.sprintf  0x000000000002da14       0x40 /Users/zuba1/Library/gcc-arm-none-eabi-9-2019-q4-major/bin/../lib/gcc/arm-none-eabi/9.2.1/../../../../arm-none-eabi/lib/thumb/v7e-m+fp/hard/libc_nano.a(lib_a-sprintf.o)
                0x000000000002da14                sprintf
                0x000000000002da14                siprintf
 .text.strcpy   0x000000000002da54       0x10 /Users/zuba1/Library/gcc-arm-none-eabi-9-2019-q4-major/bin/../lib/gcc/arm-none-eabi/9.2.1/../../../../arm-none-eabi/lib/thumb/v7e-m+fp/hard/libc_nano.a(lib_a-strcpy.o)
                0x000000000002da54                strcpy
 .text          0x000000000002da64       0x10 /Users/zuba1/Library/gcc-arm-none-eabi-9-2019-q4-major/bin/../lib/gcc/arm-none-eabi/9.2.1/../../../../arm-none-eabi/lib/thumb/v7e-m+fp/hard/libc_nano.a(lib_a-strlen.o)
                0x000000000002da64                strlen
 .text.__ssputs_r
                0x000000000002da74       0xb6 /Users/zuba1/Library/gcc-arm-none-eabi-9-2019-q4-major/bin/../lib/gcc/arm-none-eabi/9.2.1/../../../../arm-none-eabi/lib/thumb/v7e-m+fp/hard/libc_nano.a(lib_a-nano-svfprintf.o)
                0x000000000002da74                __ssputs_r
 *fill*         0x000000000002db2a        0x2 
 .text._svfprintf_r
                0x000000000002db2c      0x200 /Users/zuba1/Library/gcc-arm-none-eabi-9-2019-q4-major/bin/../lib/gcc/arm-none-eabi/9.2.1/../../../../arm-none-eabi/lib/thumb/v7e-m+fp/hard/libc_nano.a(lib_a-nano-svfprintf.o)
                0x000000000002db2c                _svfprintf_r
                0x000000000002db2c                _svfiprintf_r
 .text._printf_common
                0x000000000002dd2c       0xda /Users/zuba1/Library/gcc-arm-none-eabi-9-2019-q4-major/bin/../lib/gcc/arm-none-eabi/9.2.1/../../../../arm-none-eabi/lib/thumb/v7e-m+fp/hard/libc_nano.a(lib_a-nano-vfprintf_i.o)
                0x000000000002dd2c                _printf_common
 *fill*         0x000000000002de06        0x2 
 .text._printf_i
                0x000000000002de08      0x24c /Users/zuba1/Library/gcc-arm-none-eabi-9-2019-q4-major/bin/../lib/gcc/arm-none-eabi/9.2.1/../../../../arm-none-eabi/lib/thumb/v7e-m+fp/hard/libc_nano.a(lib_a-nano-vfprintf_i.o)
                0x000000000002de08                _printf_i
 *fill*         0x000000000002e054        0xc 
 .text          0x000000000002e060       0xa0 /Users/zuba1/Library/gcc-arm-none-eabi-9-2019-q4-major/bin/../lib/gcc/arm-none-eabi/9.2.1/../../../../arm-none-eabi/lib/thumb/v7e-m+fp/hard/libc_nano.a(lib_a-memchr.o)
                0x000000000002e060                memchr
 .text.memmove  0x000000000002e100       0x34 /Users/zuba1/Library/gcc-arm-none-eabi-9-2019-q4-major/bin/../lib/gcc/arm-none-eabi/9.2.1/../../../../arm-none-eabi/lib/thumb/v7e-m+fp/hard/libc_nano.a(lib_a-memmove.o)
                0x000000000002e100                memmove
 .text._free_r  0x000000000002e134       0xa0 /Users/zuba1/Library/gcc-arm-none-eabi-9-2019-q4-major/bin/../lib/gcc/arm-none-eabi/9.2.1/../../../../arm-none-eabi/lib/thumb/v7e-m+fp/hard/libc_nano.a(lib_a-nano-freer.o)
                0x000000000002e134                _free_r
 .text._malloc_r
                0x000000000002e1d4       0xb4 /Users/zuba1/Library/gcc-arm-none-eabi-9-2019-q4-major/bin/../lib/gcc/arm-none-eabi/9.2.1/../../../../arm-none-eabi/lib/thumb/v7e-m+fp/hard/libc_nano.a(lib_a-nano-mallocr.o)
                0x000000000002e1d4                _malloc_r
 .text._realloc_r
                0x000000000002e288       0x4c /Users/zuba1/Library/gcc-arm-none-eabi-9-2019-q4-major/bin/../lib/gcc/arm-none-eabi/9.2.1/../../../../arm-none-eabi/lib/thumb/v7e-m+fp/hard/libc_nano.a(lib_a-nano-reallocr.o)
                0x000000000002e288                _realloc_r
 .text._sbrk_r  0x000000000002e2d4       0x20 /Users/zuba1/Library/gcc-arm-none-eabi-9-2019-q4-major/bin/../lib/gcc/arm-none-eabi/9.2.1/../../../../arm-none-eabi/lib/thumb/v7e-m+fp/hard/libc_nano.a(lib_a-sbrkr.o)
                0x000000000002e2d4                _sbrk_r
 .text.__malloc_lock
                0x000000000002e2f4        0xc /Users/zuba1/Library/gcc-arm-none-eabi-9-2019-q4-major/bin/../lib/gcc/arm-none-eabi/9.2.1/../../../../arm-none-eabi/lib/thumb/v7e-m+fp/hard/libc_nano.a(lib_a-mlock.o)
                0x000000000002e2f4                __malloc_lock
 .text.__malloc_unlock
                0x000000000002e300        0xc /Users/zuba1/Library/gcc-arm-none-eabi-9-2019-q4-major/bin/../lib/gcc/arm-none-eabi/9.2.1/../../../../arm-none-eabi/lib/thumb/v7e-m+fp/hard/libc_nano.a(lib_a-mlock.o)
                0x000000000002e300                __malloc_unlock
 .text._malloc_usable_size_r
                0x000000000002e30c       0x10 /Users/zuba1/Library/gcc-arm-none-eabi-9-2019-q4-major/bin/../lib/gcc/arm-none-eabi/9.2.1/../../../../arm-none-eabi/lib/thumb/v7e-m+fp/hard/libc_nano.a(lib_a-nano-msizer.o)
                0x000000000002e30c                _malloc_usable_size_r
 .text.__retarget_lock_acquire_recursive
                0x000000000002e31c        0x2 /Users/zuba1/Library/gcc-arm-none-eabi-9-2019-q4-major/bin/../lib/gcc/arm-none-eabi/9.2.1/../../../../arm-none-eabi/lib/thumb/v7e-m+fp/hard/libc_nano.a(lib_a-lock.o)
                0x000000000002e31c                __retarget_lock_acquire_recursive
 .text.__retarget_lock_release_recursive
                0x000000000002e31e        0x2 /Users/zuba1/Library/gcc-arm-none-eabi-9-2019-q4-major/bin/../lib/gcc/arm-none-eabi/9.2.1/../../../../arm-none-eabi/lib/thumb/v7e-m+fp/hard/libc_nano.a(lib_a-lock.o)
                0x000000000002e31e                __retarget_lock_release_recursive
 .text._sbrk    0x000000000002e320       0x1c /Users/zuba1/Library/gcc-arm-none-eabi-9-2019-q4-major/bin/../lib/gcc/arm-none-eabi/9.2.1/../../../../arm-none-eabi/lib/thumb/v7e-m+fp/hard/libnosys.a(sbrk.o)
                0x000000000002e320                _sbrk
 .text._exit    0x000000000002e33c        0x4 /Users/zuba1/Library/gcc-arm-none-eabi-9-2019-q4-major/bin/../lib/gcc/arm-none-eabi/9.2.1/../../../../arm-none-eabi/lib/thumb/v7e-m+fp/hard/libnosys.a(_exit.o)
                0x000000000002e33c                _exit
 *(.init)
 .init          0x000000000002e340        0x4 /Users/zuba1/Library/gcc-arm-none-eabi-9-2019-q4-major/bin/../lib/gcc/arm-none-eabi/9.2.1/thumb/v7e-m+fp/hard/crti.o
                0x000000000002e340                _init
 .init          0x000000000002e344        0x8 /Users/zuba1/Library/gcc-arm-none-eabi-9-2019-q4-major/bin/../lib/gcc/arm-none-eabi/9.2.1/thumb/v7e-m+fp/hard/crtn.o
 *(.fini)
 .fini          0x000000000002e34c        0x4 /Users/zuba1/Library/gcc-arm-none-eabi-9-2019-q4-major/bin/../lib/gcc/arm-none-eabi/9.2.1/thumb/v7e-m+fp/hard/crti.o
                0x000000000002e34c                _fini
 .fini          0x000000000002e350        0x8 /Users/zuba1/Library/gcc-arm-none-eabi-9-2019-q4-major/bin/../lib/gcc/arm-none-eabi/9.2.1/thumb/v7e-m+fp/hard/crtn.o
 *crtbegin.o(.ctors)
 *crtbegin?.o(.ctors)
 *(EXCLUDE_FILE(*crtend.o *crtend?.o) .ctors)
 *(SORT_BY_NAME(.ctors.*))
 *(.ctors)
 *crtbegin.o(.dtors)
 *crtbegin?.o(.dtors)
 *(EXCLUDE_FILE(*crtend.o *crtend?.o) .dtors)
 *(SORT_BY_NAME(.dtors.*))
 *(.dtors)
 *(.rodata*)
 *fill*         0x000000000002e358        0x8 
 .rodata.delay_bytecode.9079
                0x000000000002e360        0x6 _build/nrf52832_xxaa/nrf_log_backend_rtt.c.o
 *fill*         0x000000000002e366        0x2 
 .rodata.nrf_log_backend_rtt_api
                0x000000000002e368        0xc _build/nrf52832_xxaa/nrf_log_backend_rtt.c.o
                0x000000000002e368                nrf_log_backend_rtt_api
 .rodata.nrf_log_frontend_dequeue.str1.4
                0x000000000002e374       0x11 _build/nrf52832_xxaa/nrf_log_frontend.c.o
 *fill*         0x000000000002e385        0x3 
 .rodata.str1.4
                0x000000000002e388       0x17 _build/nrf52832_xxaa/nrf_log_frontend.c.o
 *fill*         0x000000000002e39f        0x1 
 .rodata.prefix_process.str1.4
                0x000000000002e3a0       0x36 _build/nrf52832_xxaa/nrf_log_str_formatter.c.o
 *fill*         0x000000000002e3d6        0x2 
 .rodata.nrf_log_std_entry_process.str1.4
                0x000000000002e3d8        0x3 _build/nrf52832_xxaa/nrf_log_str_formatter.c.o
 *fill*         0x000000000002e3db        0x1 
 .rodata.nrf_log_hexdump_entry_process.str1.4
                0x000000000002e3dc       0x13 _build/nrf52832_xxaa/nrf_log_str_formatter.c.o
                                         0x16 (size before relaxing)
 *fill*         0x000000000002e3ef        0x1 
 .rodata.str1.4
                0x000000000002e3f0       0x56 _build/nrf52832_xxaa/nrf_log_str_formatter.c.o
 *fill*         0x000000000002e446        0x2 
 .rodata.m_colors
                0x000000000002e448       0x24 _build/nrf52832_xxaa/nrf_log_str_formatter.c.o
 .rodata.severity_names
                0x000000000002e46c       0x14 _build/nrf52832_xxaa/nrf_log_str_formatter.c.o
 .rodata.str1.4
                0x000000000002e480        0x4 _build/nrf52832_xxaa/nrfx_wdt.c.o
 .rodata.str1.4
                0x000000000002e484        0x4 _build/nrf52832_xxaa/nrfx_ppi.c.o
 .rodata.str1.4
                0x000000000002e488        0x6 _build/nrf52832_xxaa/nrfx_saadc.c.o
 *fill*         0x000000000002e48e        0x2 
 .rodata.app_error_fault_handler.str1.4
                0x000000000002e490       0x19 _build/nrf52832_xxaa/app_error_weak.c.o
 *fill*         0x000000000002e4a9        0x7 
 .rodata.delay_bytecode.8808
                0x000000000002e4b0        0x6 _build/nrf52832_xxaa/app_timer.c.o
 *fill*         0x000000000002e4b6        0x2 
 .rodata._aV2C.7510
                0x000000000002e4b8       0x10 _build/nrf52832_xxaa/nrf_fprintf_format.c.o
 .rodata.str1.4
                0x000000000002e4c8        0x9 _build/nrf52832_xxaa/nrf_pwr_mgmt.c.o
 *fill*         0x000000000002e4d1        0x3 
 .rodata.pwr_mgmt_data
                0x000000000002e4d4        0xc _build/nrf52832_xxaa/nrf_pwr_mgmt.c.o
 .rodata.str1.4
                0x000000000002e4e0      0x3e9 _build/nrf52832_xxaa/nrf_strerror.c.o
 *fill*         0x000000000002e8c9        0x3 
 .rodata.m_unknown_str
                0x000000000002e8cc       0x13 _build/nrf52832_xxaa/nrf_strerror.c.o
 *fill*         0x000000000002e8df        0x1 
 .rodata.nrf_strerror_array
                0x000000000002e8e0      0x128 _build/nrf52832_xxaa/nrf_strerror.c.o
 .rodata.str1.4
                0x000000000002ea08        0x6 _build/nrf52832_xxaa/nrf_drv_clock.c.o
 *fill*         0x000000000002ea0e        0x2 
 .rodata.str1.4
                0x000000000002ea10        0x6 _build/nrf52832_xxaa/nrfx_clock.c.o
 *fill*         0x000000000002ea16        0x2 
 .rodata.str1.4
                0x000000000002ea18        0x7 _build/nrf52832_xxaa/nrfx_gpiote.c.o
 *fill*         0x000000000002ea1f        0x1 
 .rodata.str1.4
                0x000000000002ea20        0x4 _build/nrf52832_xxaa/nrfx_prs.c.o
 .rodata.str1.4
                0x000000000002ea24        0x5 _build/nrf52832_xxaa/nrfx_uart.c.o
 *fill*         0x000000000002ea29        0x3 
 .rodata.str1.4
                0x000000000002ea2c        0x6 _build/nrf52832_xxaa/nrfx_uarte.c.o
 *fill*         0x000000000002ea32        0x2 
 .rodata.app_ble_config.str1.4
                0x000000000002ea34       0x3a _build/nrf52832_xxaa/main.c.o
 *fill*         0x000000000002ea6e        0x2 
 .rodata.app_ble_treminal.str1.4
                0x000000000002ea70        0xf _build/nrf52832_xxaa/main.c.o
 *fill*         0x000000000002ea7f        0x1 
 .rodata.app_ble_live.str1.4
                0x000000000002ea80        0xc _build/nrf52832_xxaa/main.c.o
 .rodata.app_sys_info.str1.4
                0x000000000002ea8c       0x27 _build/nrf52832_xxaa/main.c.o
 *fill*         0x000000000002eab3        0x1 
 .rodata.app_ir_sumoremote.str1.4
                0x000000000002eab4       0x5a _build/nrf52832_xxaa/main.c.o
 *fill*         0x000000000002eb0e        0x2 
 .rodata.app_ir_RC5.str1.4
                0x000000000002eb10       0x20 _build/nrf52832_xxaa/main.c.o
                                         0x24 (size before relaxing)
 .rodata.app_ir_config.str1.4
                0x000000000002eb30        0xa _build/nrf52832_xxaa/main.c.o
 *fill*         0x000000000002eb3a        0x2 
 .rodata.main.str1.4
                0x000000000002eb3c       0x5f _build/nrf52832_xxaa/main.c.o
 *fill*         0x000000000002eb9b        0x5 
 .rodata.delay_bytecode.9334
                0x000000000002eba0        0x6 _build/nrf52832_xxaa/main.c.o
 *fill*         0x000000000002eba6        0xa 
 .rodata.delay_bytecode.9415
                0x000000000002ebb0        0x6 _build/nrf52832_xxaa/oled.c.o
 *fill*         0x000000000002ebb6        0x2 
 .rodata.font   0x000000000002ebb8      0x4fb _build/nrf52832_xxaa/ssd1306.c.o
 *fill*         0x000000000002f0b3        0x1 
 .rodata.postmask.10083
                0x000000000002f0b4        0x8 _build/nrf52832_xxaa/ssd1306.c.o
 .rodata.premask.10072
                0x000000000002f0bc        0x8 _build/nrf52832_xxaa/ssd1306.c.o
 .rodata.ble_evt_handler.str1.4
                0x000000000002f0c4       0x72 _build/nrf52832_xxaa/ble_app.c.o
 *fill*         0x000000000002f136        0x2 
 .rodata.gatt_evt_handler.str1.4
                0x000000000002f138       0x44 _build/nrf52832_xxaa/ble_app.c.o
 .rodata.ble_nus_c_evt_handler.str1.4
                0x000000000002f17c       0x5e _build/nrf52832_xxaa/ble_app.c.o
 *fill*         0x000000000002f1da        0x2 
 .rodata.ble_send.str1.4
                0x000000000002f1dc       0x4a _build/nrf52832_xxaa/ble_app.c.o
 *fill*         0x000000000002f226        0x2 
 .rodata.m_connection_param
                0x000000000002f228        0x8 _build/nrf52832_xxaa/ble_app.c.o
 .rodata.m_nus_uuid
                0x000000000002f230        0x4 _build/nrf52832_xxaa/ble_app.c.o
 .rodata.m_scan_params
                0x000000000002f234        0xe _build/nrf52832_xxaa/ble_app.c.o
 *fill*         0x000000000002f242        0x2 
 .rodata        0x000000000002f244        0xc _build/nrf52832_xxaa/hardware.c.o
 .rodata.led_timer
                0x000000000002f250        0x4 _build/nrf52832_xxaa/hardware.c.o
 .rodata.systime_timer
                0x000000000002f254        0x4 _build/nrf52832_xxaa/hardware.c.o
 .rodata.SEGGER_RTT_ReadNoLock.str1.4
                0x000000000002f258       0x17 _build/nrf52832_xxaa/SEGGER_RTT.c.o
 *fill*         0x000000000002f26f        0x1 
 .rodata.str1.4
                0x000000000002f270        0xc _build/nrf52832_xxaa/ble_db_discovery.c.o
 .rodata.data_length_update.constprop.0.str1.4
                0x000000000002f27c       0xe2 _build/nrf52832_xxaa/nrf_ble_gatt.c.o
 *fill*         0x000000000002f35e        0x2 
 .rodata.nrf_ble_gatt_on_ble_evt.str1.4
                0x000000000002f360       0x63 _build/nrf52832_xxaa/nrf_ble_gatt.c.o
 *fill*         0x000000000002f3c3        0x1 
 .rodata.str1.4
                0x000000000002f3c4        0xd _build/nrf52832_xxaa/nrf_ble_gatt.c.o
 *fill*         0x000000000002f3d1        0x3 
 .rodata.ble_nus_c_string_send.str1.4
                0x000000000002f3d4       0x2f _build/nrf52832_xxaa/ble_nus_c.c.o
 *fill*         0x000000000002f403        0x1 
 .rodata.str1.4
                0x000000000002f404        0x8 _build/nrf52832_xxaa/ble_nus_c.c.o
 .rodata        0x000000000002f40c       0x10 _build/nrf52832_xxaa/ble_nus_c.c.o
 .rodata.str1.4
                0x000000000002f41c        0x8 _build/nrf52832_xxaa/nrf_sdh.c.o
 .rodata        0x000000000002f424        0x4 _build/nrf52832_xxaa/nrf_sdh.c.o
 .rodata.sdh_req_observers
                0x000000000002f428        0xc _build/nrf52832_xxaa/nrf_sdh.c.o
 .rodata.sdh_stack_observers
                0x000000000002f434        0xc _build/nrf52832_xxaa/nrf_sdh.c.o
 .rodata.sdh_state_observers
                0x000000000002f440        0xc _build/nrf52832_xxaa/nrf_sdh.c.o
 .rodata.nrf_sdh_ble_default_cfg_set.str1.4
                0x000000000002f44c      0x1cf _build/nrf52832_xxaa/nrf_sdh_ble.c.o
 *fill*         0x000000000002f61b        0x1 
 .rodata.nrf_sdh_ble_enable.str1.4
                0x000000000002f61c       0xad _build/nrf52832_xxaa/nrf_sdh_ble.c.o
 *fill*         0x000000000002f6c9        0x3 
 .rodata.str1.4
                0x000000000002f6cc        0xc _build/nrf52832_xxaa/nrf_sdh_ble.c.o
 .rodata.sdh_ble_observers
                0x000000000002f6d8        0xc _build/nrf52832_xxaa/nrf_sdh_ble.c.o
 .rodata.str1.4
                0x000000000002f6e4        0xc _build/nrf52832_xxaa/nrf_sdh_soc.c.o
 .rodata.sdh_soc_observers
                0x000000000002f6f0        0xc _build/nrf52832_xxaa/nrf_sdh_soc.c.o
 .rodata._ctype_
                0x000000000002f6fc      0x101 /Users/zuba1/Library/gcc-arm-none-eabi-9-2019-q4-major/bin/../lib/gcc/arm-none-eabi/9.2.1/../../../../arm-none-eabi/lib/thumb/v7e-m+fp/hard/libc_nano.a(lib_a-ctype_.o)
                0x000000000002f6fc                _ctype_
 *fill*         0x000000000002f7fd        0x3 
 .rodata._global_impure_ptr
                0x000000000002f800        0x4 /Users/zuba1/Library/gcc-arm-none-eabi-9-2019-q4-major/bin/../lib/gcc/arm-none-eabi/9.2.1/../../../../arm-none-eabi/lib/thumb/v7e-m+fp/hard/libc_nano.a(lib_a-impure.o)
                0x000000000002f800                _global_impure_ptr
 .rodata._svfprintf_r.str1.1
                0x000000000002f804       0x11 /Users/zuba1/Library/gcc-arm-none-eabi-9-2019-q4-major/bin/../lib/gcc/arm-none-eabi/9.2.1/../../../../arm-none-eabi/lib/thumb/v7e-m+fp/hard/libc_nano.a(lib_a-nano-svfprintf.o)
 .rodata._printf_i.str1.1
                0x000000000002f815       0x22 /Users/zuba1/Library/gcc-arm-none-eabi-9-2019-q4-major/bin/../lib/gcc/arm-none-eabi/9.2.1/../../../../arm-none-eabi/lib/thumb/v7e-m+fp/hard/libc_nano.a(lib_a-nano-vfprintf_i.o)
 *(.eh_frame*)
 *fill*         0x000000000002f837        0x1 
 .eh_frame      0x000000000002f838        0x0 /Users/zuba1/Library/gcc-arm-none-eabi-9-2019-q4-major/bin/../lib/gcc/arm-none-eabi/9.2.1/thumb/v7e-m+fp/hard/crtbegin.o
 .eh_frame      0x000000000002f838        0x4 /Users/zuba1/Library/gcc-arm-none-eabi-9-2019-q4-major/bin/../lib/gcc/arm-none-eabi/9.2.1/thumb/v7e-m+fp/hard/crtend.o

.glue_7         0x000000000002f83c        0x0
 .glue_7        0x000000000002f83c        0x0 linker stubs

.glue_7t        0x000000000002f83c        0x0
 .glue_7t       0x000000000002f83c        0x0 linker stubs

.vfp11_veneer   0x000000000002f83c        0x0
 .vfp11_veneer  0x000000000002f83c        0x0 linker stubs

.v4_bx          0x000000000002f83c        0x0
 .v4_bx         0x000000000002f83c        0x0 linker stubs

.iplt           0x000000000002f83c        0x0
 .iplt          0x000000000002f83c        0x0 /Users/zuba1/Library/gcc-arm-none-eabi-9-2019-q4-major/bin/../lib/gcc/arm-none-eabi/9.2.1/thumb/v7e-m+fp/hard/crtbegin.o

.mem_section_dummy_rom

.sdh_soc_observers
                0x000000000002f83c        0x8
                0x000000000002f83c                PROVIDE (__start_sdh_soc_observers = .)
 *(SORT_BY_NAME(.sdh_soc_observers*))
 .sdh_soc_observers0
                0x000000000002f83c        0x8 _build/nrf52832_xxaa/nrf_drv_clock.c.o
                0x000000000002f844                PROVIDE (__stop_sdh_soc_observers = .)

.pwr_mgmt_data  0x000000000002f844        0x4
                0x000000000002f844                PROVIDE (__start_pwr_mgmt_data = .)
 *(SORT_BY_NAME(.pwr_mgmt_data*))
 .pwr_mgmt_data1
                0x000000000002f844        0x4 _build/nrf52832_xxaa/ble_app.c.o
                0x000000000002f848                PROVIDE (__stop_pwr_mgmt_data = .)

.log_const_data
                0x000000000002f848       0x90
                0x000000000002f848                PROVIDE (__start_log_const_data = .)
 *(SORT_BY_NAME(.log_const_data*))
 .log_const_data_CLOCK
                0x000000000002f848        0x8 _build/nrf52832_xxaa/nrfx_clock.c.o
                0x000000000002f848                m_nrf_log_CLOCK_logs_data_const
 .log_const_data_GPIOTE
                0x000000000002f850        0x8 _build/nrf52832_xxaa/nrfx_gpiote.c.o
                0x000000000002f850                m_nrf_log_GPIOTE_logs_data_const
 .log_const_data_PPI
                0x000000000002f858        0x8 _build/nrf52832_xxaa/nrfx_ppi.c.o
                0x000000000002f858                m_nrf_log_PPI_logs_data_const
 .log_const_data_PRS
                0x000000000002f860        0x8 _build/nrf52832_xxaa/nrfx_prs.c.o
                0x000000000002f860                m_nrf_log_PRS_logs_data_const
 .log_const_data_SAADC
                0x000000000002f868        0x8 _build/nrf52832_xxaa/nrfx_saadc.c.o
                0x000000000002f868                m_nrf_log_SAADC_logs_data_const
 .log_const_data_UART
                0x000000000002f870        0x8 _build/nrf52832_xxaa/nrfx_uart.c.o
                0x000000000002f870                m_nrf_log_UART_logs_data_const
 .log_const_data_UARTE
                0x000000000002f878        0x8 _build/nrf52832_xxaa/nrfx_uarte.c.o
                0x000000000002f878                m_nrf_log_UARTE_logs_data_const
 .log_const_data_WDT
                0x000000000002f880        0x8 _build/nrf52832_xxaa/nrfx_wdt.c.o
                0x000000000002f880                m_nrf_log_WDT_logs_data_const
 .log_const_data_app
                0x000000000002f888        0x8 _build/nrf52832_xxaa/nrf_log_frontend.c.o
                0x000000000002f888                m_nrf_log_app_logs_data_const
 .log_const_data_balloc_log_mempool
                0x000000000002f890        0x8 _build/nrf52832_xxaa/nrf_log_frontend.c.o
                0x000000000002f890                m_nrf_log_balloc_log_mempool_logs_data_const
 .log_const_data_ble_db_disc
                0x000000000002f898        0x8 _build/nrf52832_xxaa/ble_db_discovery.c.o
                0x000000000002f898                m_nrf_log_ble_db_disc_logs_data_const
 .log_const_data_ble_nus
                0x000000000002f8a0        0x8 _build/nrf52832_xxaa/ble_nus_c.c.o
                0x000000000002f8a0                m_nrf_log_ble_nus_logs_data_const
 .log_const_data_clock
                0x000000000002f8a8        0x8 _build/nrf52832_xxaa/nrf_drv_clock.c.o
                0x000000000002f8a8                m_nrf_log_clock_logs_data_const
 .log_const_data_nrf_ble_gatt
                0x000000000002f8b0        0x8 _build/nrf52832_xxaa/nrf_ble_gatt.c.o
                0x000000000002f8b0                m_nrf_log_nrf_ble_gatt_logs_data_const
 .log_const_data_nrf_sdh
                0x000000000002f8b8        0x8 _build/nrf52832_xxaa/nrf_sdh.c.o
                0x000000000002f8b8                m_nrf_log_nrf_sdh_logs_data_const
 .log_const_data_nrf_sdh_ble
                0x000000000002f8c0        0x8 _build/nrf52832_xxaa/nrf_sdh_ble.c.o
                0x000000000002f8c0                m_nrf_log_nrf_sdh_ble_logs_data_const
 .log_const_data_nrf_sdh_soc
                0x000000000002f8c8        0x8 _build/nrf52832_xxaa/nrf_sdh_soc.c.o
                0x000000000002f8c8                m_nrf_log_nrf_sdh_soc_logs_data_const
 .log_const_data_pwr_mgmt
                0x000000000002f8d0        0x8 _build/nrf52832_xxaa/nrf_pwr_mgmt.c.o
                0x000000000002f8d0                m_nrf_log_pwr_mgmt_logs_data_const
                0x000000000002f8d8                PROVIDE (__stop_log_const_data = .)

.nrf_balloc     0x000000000002f8d8       0x18
                [!provide]                        PROVIDE (__start_nrf_balloc = .)
 *(.nrf_balloc)
 .nrf_balloc    0x000000000002f8d8       0x18 _build/nrf52832_xxaa/nrf_log_frontend.c.o
                0x000000000002f8d8                log_mempool
                [!provide]                        PROVIDE (__stop_nrf_balloc = .)

.sdh_state_observers
                0x000000000002f8f0        0x8
                0x000000000002f8f0                PROVIDE (__start_sdh_state_observers = .)
 *(SORT_BY_NAME(.sdh_state_observers*))
 .sdh_state_observers0
                0x000000000002f8f0        0x8 _build/nrf52832_xxaa/nrf_drv_clock.c.o
                0x000000000002f8f8                PROVIDE (__stop_sdh_state_observers = .)

.sdh_stack_observers
                0x000000000002f8f8       0x10
                0x000000000002f8f8                PROVIDE (__start_sdh_stack_observers = .)
 *(SORT_BY_NAME(.sdh_stack_observers*))
 .sdh_stack_observers0
                0x000000000002f8f8        0x8 _build/nrf52832_xxaa/nrf_sdh_ble.c.o
 .sdh_stack_observers0
                0x000000000002f900        0x8 _build/nrf52832_xxaa/nrf_sdh_soc.c.o
                0x000000000002f908                PROVIDE (__stop_sdh_stack_observers = .)

.sdh_req_observers
                0x000000000002f908        0x0
                0x000000000002f908                PROVIDE (__start_sdh_req_observers = .)
 *(SORT_BY_NAME(.sdh_req_observers*))
                0x000000000002f908                PROVIDE (__stop_sdh_req_observers = .)

.nrf_queue      0x000000000002f908        0x0
                [!provide]                        PROVIDE (__start_nrf_queue = .)
 *(.nrf_queue)
                [!provide]                        PROVIDE (__stop_nrf_queue = .)

.cli_command    0x000000000002f908        0x0
                [!provide]                        PROVIDE (__start_cli_command = .)
 *(.cli_command)
                [!provide]                        PROVIDE (__stop_cli_command = .)

.crypto_data    0x000000000002f908        0x0
                [!provide]                        PROVIDE (__start_crypto_data = .)
 *(SORT_BY_NAME(.crypto_data*))
                [!provide]                        PROVIDE (__stop_crypto_data = .)

.sdh_ble_observers
                0x000000000002f908       0x20
                0x000000000002f908                PROVIDE (__start_sdh_ble_observers = .)
 *(SORT_BY_NAME(.sdh_ble_observers*))
 .sdh_ble_observers1
                0x000000000002f908       0x10 _build/nrf52832_xxaa/ble_app.c.o
 .sdh_ble_observers2
                0x000000000002f918        0x8 _build/nrf52832_xxaa/ble_app.c.o
 .sdh_ble_observers3
                0x000000000002f920        0x8 _build/nrf52832_xxaa/ble_app.c.o
                0x000000000002f928                PROVIDE (__stop_sdh_ble_observers = .)

.ARM.extab
 *(.ARM.extab* .gnu.linkonce.armextab.*)
                0x000000000002f928                __exidx_start = .

.ARM.exidx      0x000000000002f928        0x8
 *(.ARM.exidx* .gnu.linkonce.armexidx.*)
 .ARM.exidx     0x000000000002f928        0x8 /Users/zuba1/Library/gcc-arm-none-eabi-9-2019-q4-major/bin/../lib/gcc/arm-none-eabi/9.2.1/../../../../arm-none-eabi/lib/thumb/v7e-m+fp/hard/crt0.o
                0x000000000002f930                __exidx_end = .
                0x000000000002f930                __etext = .

.rel.dyn        0x000000000002f930        0x0
 .rel.iplt      0x000000000002f930        0x0 /Users/zuba1/Library/gcc-arm-none-eabi-9-2019-q4-major/bin/../lib/gcc/arm-none-eabi/9.2.1/thumb/v7e-m+fp/hard/crtbegin.o

.data           0x00000000200029e0      0x358 load address 0x000000000002f930
                0x00000000200029e0                __data_start__ = .
 *(vtable)
 *(.data*)
 .data.rtt_log_backend
                0x00000000200029e0        0xc _build/nrf52832_xxaa/nrf_log_default_backends.c.o
 .data.SystemCoreClock
                0x00000000200029ec        0x4 _build/nrf52832_xxaa/system_nrf52.c.o
                0x00000000200029ec                SystemCoreClock
 .data.ringID.10001
                0x00000000200029f0        0x1 _build/nrf52832_xxaa/main.c.o
 *fill*         0x00000000200029f1        0x3 
 .data.m_db_disc
                0x00000000200029f4      0x2cc _build/nrf52832_xxaa/ble_app.c.o
 .data.m_scan_buffer
                0x0000000020002cc0        0x8 _build/nrf52832_xxaa/ble_app.c.o
 .data._battery_voltage
                0x0000000020002cc8        0x4 _build/nrf52832_xxaa/adc.c.o
                0x0000000020002cc8                _battery_voltage
 .data._impure_ptr
                0x0000000020002ccc        0x4 /Users/zuba1/Library/gcc-arm-none-eabi-9-2019-q4-major/bin/../lib/gcc/arm-none-eabi/9.2.1/../../../../arm-none-eabi/lib/thumb/v7e-m+fp/hard/libc_nano.a(lib_a-impure.o)
                0x0000000020002ccc                _impure_ptr
 .data.impure_data
                0x0000000020002cd0       0x60 /Users/zuba1/Library/gcc-arm-none-eabi-9-2019-q4-major/bin/../lib/gcc/arm-none-eabi/9.2.1/../../../../arm-none-eabi/lib/thumb/v7e-m+fp/hard/libc_nano.a(lib_a-impure.o)
                0x0000000020002d30                . = ALIGN (0x4)
                0x0000000020002d30                PROVIDE (__preinit_array_start = .)
 *(.preinit_array)
                0x0000000020002d30                PROVIDE (__preinit_array_end = .)
                0x0000000020002d30                . = ALIGN (0x4)
                0x0000000020002d30                PROVIDE (__init_array_start = .)
 *(SORT_BY_NAME(.init_array.*))
 *(.init_array)
 .init_array    0x0000000020002d30        0x4 /Users/zuba1/Library/gcc-arm-none-eabi-9-2019-q4-major/bin/../lib/gcc/arm-none-eabi/9.2.1/thumb/v7e-m+fp/hard/crtbegin.o
                0x0000000020002d34                PROVIDE (__init_array_end = .)
                0x0000000020002d34                . = ALIGN (0x4)
                [!provide]                        PROVIDE (__fini_array_start = .)
 *(SORT_BY_NAME(.fini_array.*))
 *(.fini_array)
 .fini_array    0x0000000020002d34        0x4 /Users/zuba1/Library/gcc-arm-none-eabi-9-2019-q4-major/bin/../lib/gcc/arm-none-eabi/9.2.1/thumb/v7e-m+fp/hard/crtbegin.o
                [!provide]                        PROVIDE (__fini_array_end = .)
 *(.jcr*)
                0x0000000020002d38                . = ALIGN (0x4)
                0x0000000020002d38                __data_end__ = .
LOAD /Users/zuba1/Library/gcc-arm-none-eabi-9-2019-q4-major/bin/../lib/gcc/arm-none-eabi/9.2.1/thumb/v7e-m+fp/hard/crti.o
LOAD /Users/zuba1/Library/gcc-arm-none-eabi-9-2019-q4-major/bin/../lib/gcc/arm-none-eabi/9.2.1/thumb/v7e-m+fp/hard/crtbegin.o
LOAD /Users/zuba1/Library/gcc-arm-none-eabi-9-2019-q4-major/bin/../lib/gcc/arm-none-eabi/9.2.1/../../../../arm-none-eabi/lib/thumb/v7e-m+fp/hard/crt0.o
LOAD _build/nrf52832_xxaa/gcc_startup_nrf52.S.o
LOAD _build/nrf52832_xxaa/nrf_log_backend_rtt.c.o
LOAD _build/nrf52832_xxaa/nrf_log_backend_serial.c.o
LOAD _build/nrf52832_xxaa/nrf_log_default_backends.c.o
LOAD _build/nrf52832_xxaa/nrf_log_frontend.c.o
LOAD _build/nrf52832_xxaa/nrf_log_str_formatter.c.o
LOAD _build/nrf52832_xxaa/app_button.c.o
LOAD _build/nrf52832_xxaa/nrfx_wdt.c.o
LOAD _build/nrf52832_xxaa/nrfx_ppi.c.o
LOAD _build/nrf52832_xxaa/nrfx_saadc.c.o
LOAD _build/nrf52832_xxaa/app_error.c.o
LOAD _build/nrf52832_xxaa/app_error_handler_gcc.c.o
LOAD _build/nrf52832_xxaa/app_error_weak.c.o
LOAD _build/nrf52832_xxaa/app_fifo.c.o
LOAD _build/nrf52832_xxaa/app_scheduler.c.o
LOAD _build/nrf52832_xxaa/app_timer.c.o
LOAD _build/nrf52832_xxaa/app_uart_fifo.c.o
LOAD _build/nrf52832_xxaa/app_util_platform.c.o
LOAD _build/nrf52832_xxaa/hardfault_implementation.c.o
LOAD _build/nrf52832_xxaa/nrf_assert.c.o
LOAD _build/nrf52832_xxaa/nrf_atfifo.c.o
LOAD _build/nrf52832_xxaa/nrf_atomic.c.o
LOAD _build/nrf52832_xxaa/nrf_balloc.c.o
LOAD _build/nrf52832_xxaa/nrf_fprintf.c.o
LOAD _build/nrf52832_xxaa/nrf_fprintf_format.c.o
LOAD _build/nrf52832_xxaa/nrf_memobj.c.o
LOAD _build/nrf52832_xxaa/nrf_pwr_mgmt.c.o
LOAD _build/nrf52832_xxaa/nrf_section_iter.c.o
LOAD _build/nrf52832_xxaa/nrf_strerror.c.o
LOAD _build/nrf52832_xxaa/retarget.c.o
LOAD _build/nrf52832_xxaa/system_nrf52.c.o
LOAD _build/nrf52832_xxaa/boards.c.o
LOAD _build/nrf52832_xxaa/nrf_drv_ppi.c.o
LOAD _build/nrf52832_xxaa/nrf_drv_clock.c.o
LOAD _build/nrf52832_xxaa/nrf_drv_uart.c.o
LOAD _build/nrf52832_xxaa/nrfx_clock.c.o
LOAD _build/nrf52832_xxaa/nrfx_gpiote.c.o
LOAD _build/nrf52832_xxaa/nrfx_power_clock.c.o
LOAD _build/nrf52832_xxaa/nrfx_prs.c.o
LOAD _build/nrf52832_xxaa/nrfx_uart.c.o
LOAD _build/nrf52832_xxaa/nrfx_uarte.c.o
LOAD _build/nrf52832_xxaa/main.c.o
LOAD _build/nrf52832_xxaa/i2c.c.o
LOAD _build/nrf52832_xxaa/oled.c.o
LOAD _build/nrf52832_xxaa/ssd1306.c.o
LOAD _build/nrf52832_xxaa/ble_app.c.o
LOAD _build/nrf52832_xxaa/hardware.c.o
LOAD _build/nrf52832_xxaa/adc.c.o
LOAD _build/nrf52832_xxaa/SEGGER_RTT.c.o
LOAD _build/nrf52832_xxaa/SEGGER_RTT_Syscalls_GCC.c.o
LOAD _build/nrf52832_xxaa/SEGGER_RTT_printf.c.o
LOAD _build/nrf52832_xxaa/ble_advdata.c.o
LOAD _build/nrf52832_xxaa/ble_db_discovery.c.o
LOAD _build/nrf52832_xxaa/ble_srv_common.c.o
LOAD _build/nrf52832_xxaa/nrf_ble_gatt.c.o
LOAD _build/nrf52832_xxaa/ble_nus_c.c.o
LOAD _build/nrf52832_xxaa/nrf_sdh.c.o
LOAD _build/nrf52832_xxaa/nrf_sdh_ble.c.o
LOAD _build/nrf52832_xxaa/nrf_sdh_soc.c.o
LOAD /Users/zuba1/Library/gcc-arm-none-eabi-9-2019-q4-major/bin/../lib/gcc/arm-none-eabi/9.2.1/../../../../arm-none-eabi/lib/thumb/v7e-m+fp/hard/libc_nano.a
LOAD /Users/zuba1/Library/gcc-arm-none-eabi-9-2019-q4-major/bin/../lib/gcc/arm-none-eabi/9.2.1/../../../../arm-none-eabi/lib/thumb/v7e-m+fp/hard/libnosys.a
LOAD /Users/zuba1/Library/gcc-arm-none-eabi-9-2019-q4-major/bin/../lib/gcc/arm-none-eabi/9.2.1/../../../../arm-none-eabi/lib/thumb/v7e-m+fp/hard/libm.a
START GROUP
LOAD /Users/zuba1/Library/gcc-arm-none-eabi-9-2019-q4-major/bin/../lib/gcc/arm-none-eabi/9.2.1/thumb/v7e-m+fp/hard/libgcc.a
LOAD /Users/zuba1/Library/gcc-arm-none-eabi-9-2019-q4-major/bin/../lib/gcc/arm-none-eabi/9.2.1/../../../../arm-none-eabi/lib/thumb/v7e-m+fp/hard/libg_nano.a
LOAD /Users/zuba1/Library/gcc-arm-none-eabi-9-2019-q4-major/bin/../lib/gcc/arm-none-eabi/9.2.1/../../../../arm-none-eabi/lib/thumb/v7e-m+fp/hard/libc_nano.a
END GROUP
START GROUP
LOAD /Users/zuba1/Library/gcc-arm-none-eabi-9-2019-q4-major/bin/../lib/gcc/arm-none-eabi/9.2.1/thumb/v7e-m+fp/hard/libgcc.a
LOAD /Users/zuba1/Library/gcc-arm-none-eabi-9-2019-q4-major/bin/../lib/gcc/arm-none-eabi/9.2.1/../../../../arm-none-eabi/lib/thumb/v7e-m+fp/hard/libc_nano.a
END GROUP
LOAD /Users/zuba1/Library/gcc-arm-none-eabi-9-2019-q4-major/bin/../lib/gcc/arm-none-eabi/9.2.1/thumb/v7e-m+fp/hard/crtend.o
LOAD /Users/zuba1/Library/gcc-arm-none-eabi-9-2019-q4-major/bin/../lib/gcc/arm-none-eabi/9.2.1/thumb/v7e-m+fp/hard/crtn.o
START GROUP
LOAD /Users/zuba1/Library/gcc-arm-none-eabi-9-2019-q4-major/bin/../lib/gcc/arm-none-eabi/9.2.1/thumb/v7e-m+fp/hard/libgcc.a
LOAD /Users/zuba1/Library/gcc-arm-none-eabi-9-2019-q4-major/bin/../lib/gcc/arm-none-eabi/9.2.1/../../../../arm-none-eabi/lib/thumb/v7e-m+fp/hard/libc.a
LOAD /Users/zuba1/Library/gcc-arm-none-eabi-9-2019-q4-major/bin/../lib/gcc/arm-none-eabi/9.2.1/../../../../arm-none-eabi/lib/thumb/v7e-m+fp/hard/libnosys.a
END GROUP

.igot.plt       0x0000000020002d38        0x0 load address 0x000000000002fc88
 .igot.plt      0x0000000020002d38        0x0 /Users/zuba1/Library/gcc-arm-none-eabi-9-2019-q4-major/bin/../lib/gcc/arm-none-eabi/9.2.1/thumb/v7e-m+fp/hard/crtbegin.o
                0x0000000020002d38                . = ALIGN (0x4)

.mem_section_dummy_ram

.log_dynamic_data
                0x0000000020002d38       0x48 load address 0x000000000002fc88
                0x0000000020002d38                PROVIDE (__start_log_dynamic_data = .)
 *(SORT_BY_NAME(.log_dynamic_data*))
 .log_dynamic_data_CLOCK
                0x0000000020002d38        0x4 _build/nrf52832_xxaa/nrfx_clock.c.o
                0x0000000020002d38                m_nrf_log_CLOCK_logs_data_dynamic
 .log_dynamic_data_GPIOTE
                0x0000000020002d3c        0x4 _build/nrf52832_xxaa/nrfx_gpiote.c.o
                0x0000000020002d3c                m_nrf_log_GPIOTE_logs_data_dynamic
 .log_dynamic_data_PPI
                0x0000000020002d40        0x4 _build/nrf52832_xxaa/nrfx_ppi.c.o
                0x0000000020002d40                m_nrf_log_PPI_logs_data_dynamic
 .log_dynamic_data_PRS
                0x0000000020002d44        0x4 _build/nrf52832_xxaa/nrfx_prs.c.o
                0x0000000020002d44                m_nrf_log_PRS_logs_data_dynamic
 .log_dynamic_data_SAADC
                0x0000000020002d48        0x4 _build/nrf52832_xxaa/nrfx_saadc.c.o
                0x0000000020002d48                m_nrf_log_SAADC_logs_data_dynamic
 .log_dynamic_data_UART
                0x0000000020002d4c        0x4 _build/nrf52832_xxaa/nrfx_uart.c.o
                0x0000000020002d4c                m_nrf_log_UART_logs_data_dynamic
 .log_dynamic_data_UARTE
                0x0000000020002d50        0x4 _build/nrf52832_xxaa/nrfx_uarte.c.o
                0x0000000020002d50                m_nrf_log_UARTE_logs_data_dynamic
 .log_dynamic_data_WDT
                0x0000000020002d54        0x4 _build/nrf52832_xxaa/nrfx_wdt.c.o
                0x0000000020002d54                m_nrf_log_WDT_logs_data_dynamic
 .log_dynamic_data_app
                0x0000000020002d58        0x4 _build/nrf52832_xxaa/nrf_log_frontend.c.o
                0x0000000020002d58                m_nrf_log_app_logs_data_dynamic
 .log_dynamic_data_balloc_log_mempool
                0x0000000020002d5c        0x4 _build/nrf52832_xxaa/nrf_log_frontend.c.o
                0x0000000020002d5c                m_nrf_log_balloc_log_mempool_logs_data_dynamic
 .log_dynamic_data_ble_db_disc
                0x0000000020002d60        0x4 _build/nrf52832_xxaa/ble_db_discovery.c.o
                0x0000000020002d60                m_nrf_log_ble_db_disc_logs_data_dynamic
 .log_dynamic_data_ble_nus
                0x0000000020002d64        0x4 _build/nrf52832_xxaa/ble_nus_c.c.o
                0x0000000020002d64                m_nrf_log_ble_nus_logs_data_dynamic
 .log_dynamic_data_clock
                0x0000000020002d68        0x4 _build/nrf52832_xxaa/nrf_drv_clock.c.o
                0x0000000020002d68                m_nrf_log_clock_logs_data_dynamic
 .log_dynamic_data_nrf_ble_gatt
                0x0000000020002d6c        0x4 _build/nrf52832_xxaa/nrf_ble_gatt.c.o
                0x0000000020002d6c                m_nrf_log_nrf_ble_gatt_logs_data_dynamic
 .log_dynamic_data_nrf_sdh
                0x0000000020002d70        0x4 _build/nrf52832_xxaa/nrf_sdh.c.o
                0x0000000020002d70                m_nrf_log_nrf_sdh_logs_data_dynamic
 .log_dynamic_data_nrf_sdh_ble
                0x0000000020002d74        0x4 _build/nrf52832_xxaa/nrf_sdh_ble.c.o
                0x0000000020002d74                m_nrf_log_nrf_sdh_ble_logs_data_dynamic
 .log_dynamic_data_nrf_sdh_soc
                0x0000000020002d78        0x4 _build/nrf52832_xxaa/nrf_sdh_soc.c.o
                0x0000000020002d78                m_nrf_log_nrf_sdh_soc_logs_data_dynamic
 .log_dynamic_data_pwr_mgmt
                0x0000000020002d7c        0x4 _build/nrf52832_xxaa/nrf_pwr_mgmt.c.o
                0x0000000020002d7c                m_nrf_log_pwr_mgmt_logs_data_dynamic
                [!provide]                        PROVIDE (__stop_log_dynamic_data = .)

.cli_sorted_cmd_ptrs
                0x0000000020002d80        0x0
                [!provide]                        PROVIDE (__start_cli_sorted_cmd_ptrs = .)
 *(.cli_sorted_cmd_ptrs)
                [!provide]                        PROVIDE (__stop_cli_sorted_cmd_ptrs = .)

.fs_data        0x0000000020002d80        0x0
                [!provide]                        PROVIDE (__start_fs_data = .)
 *(.fs_data)
                [!provide]                        PROVIDE (__stop_fs_data = .)

.bss            0x0000000020002d80     0x1094 load address 0x000000000002fcd0
                0x0000000020002d80                . = ALIGN (0x4)
                0x0000000020002d80                __bss_start__ = .
 *(.bss*)
 .bss           0x0000000020002d80       0x1c /Users/zuba1/Library/gcc-arm-none-eabi-9-2019-q4-major/bin/../lib/gcc/arm-none-eabi/9.2.1/thumb/v7e-m+fp/hard/crtbegin.o
 .bss.m_host_present
                0x0000000020002d9c        0x1 _build/nrf52832_xxaa/nrf_log_backend_rtt.c.o
 *fill*         0x0000000020002d9d        0x3 
 .bss.m_string_buff
                0x0000000020002da0       0x40 _build/nrf52832_xxaa/nrf_log_backend_rtt.c.o
 .bss.log_mempool_nrf_balloc_cb
                0x0000000020002de0        0x8 _build/nrf52832_xxaa/nrf_log_frontend.c.o
 .bss.log_mempool_nrf_balloc_pool_mem
                0x0000000020002de8       0xc0 _build/nrf52832_xxaa/nrf_log_frontend.c.o
 .bss.log_mempool_nrf_balloc_pool_stack
                0x0000000020002ea8        0x8 _build/nrf52832_xxaa/nrf_log_frontend.c.o
 .bss.m_log_data
                0x0000000020002eb0      0x424 _build/nrf52832_xxaa/nrf_log_frontend.c.o
 .bss.m_alloc_index
                0x00000000200032d4        0x4 _build/nrf52832_xxaa/nrfx_wdt.c.o
 .bss.m_state   0x00000000200032d8        0x1 _build/nrf52832_xxaa/nrfx_wdt.c.o
 *fill*         0x00000000200032d9        0x3 
 .bss.m_wdt_event_handler
                0x00000000200032dc        0x4 _build/nrf52832_xxaa/nrfx_wdt.c.o
 .bss.m_cb      0x00000000200032e0       0x30 _build/nrf52832_xxaa/nrfx_saadc.c.o
 .bss.m_op_queue
                0x0000000020003310      0x10c _build/nrf52832_xxaa/app_timer.c.o
 .bss.m_rtc1_reset
                0x000000002000341c        0x1 _build/nrf52832_xxaa/app_timer.c.o
 .bss.m_rtc1_running
                0x000000002000341d        0x1 _build/nrf52832_xxaa/app_timer.c.o
 *fill*         0x000000002000341e        0x2 
 .bss.m_ticks_elapsed
                0x0000000020003420        0x8 _build/nrf52832_xxaa/app_timer.c.o
 .bss.m_ticks_elapsed_q_read_ind
                0x0000000020003428        0x1 _build/nrf52832_xxaa/app_timer.c.o
 .bss.m_ticks_elapsed_q_write_ind
                0x0000000020003429        0x1 _build/nrf52832_xxaa/app_timer.c.o
 *fill*         0x000000002000342a        0x2 
 .bss.m_ticks_latest
                0x000000002000342c        0x4 _build/nrf52832_xxaa/app_timer.c.o
 .bss.mp_timer_id_head
                0x0000000020003430        0x4 _build/nrf52832_xxaa/app_timer.c.o
 .bss.m_handlers_iter
                0x0000000020003434        0x8 _build/nrf52832_xxaa/nrf_pwr_mgmt.c.o
 .bss.m_shutdown_started
                0x000000002000343c        0x1 _build/nrf52832_xxaa/nrf_pwr_mgmt.c.o
 *fill*         0x000000002000343d        0x3 
 .bss.m_sysoff_mtx
                0x0000000020003440        0x4 _build/nrf52832_xxaa/nrf_pwr_mgmt.c.o
 .bss.m_clock_cb
                0x0000000020003444       0x14 _build/nrf52832_xxaa/nrf_drv_clock.c.o
 .bss.m_clock_cb
                0x0000000020003458        0x8 _build/nrf52832_xxaa/nrfx_clock.c.o
 .bss.m_cb      0x0000000020003460       0x5c _build/nrf52832_xxaa/nrfx_gpiote.c.o
 .bss.m_prs_box_4
                0x00000000200034bc        0x8 _build/nrf52832_xxaa/nrfx_prs.c.o
 .bss.text      0x00000000200034c4       0x20 _build/nrf52832_xxaa/main.c.o
 .bss._scl      0x00000000200034e4        0x1 _build/nrf52832_xxaa/i2c.c.o
                0x00000000200034e4                _scl
 .bss._sda      0x00000000200034e5        0x1 _build/nrf52832_xxaa/i2c.c.o
                0x00000000200034e5                _sda
 .bss.HEIGHT    0x00000000200034e6        0x2 _build/nrf52832_xxaa/ssd1306.c.o
 .bss.WIDTH     0x00000000200034e8        0x2 _build/nrf52832_xxaa/ssd1306.c.o
 .bss._height   0x00000000200034ea        0x2 _build/nrf52832_xxaa/ssd1306.c.o
 .bss._oledi2caddr
                0x00000000200034ec        0x1 _build/nrf52832_xxaa/ssd1306.c.o
 .bss._vccstate
                0x00000000200034ed        0x1 _build/nrf52832_xxaa/ssd1306.c.o
 .bss._width    0x00000000200034ee        0x2 _build/nrf52832_xxaa/ssd1306.c.o
 .bss.buffer    0x00000000200034f0      0x200 _build/nrf52832_xxaa/ssd1306.c.o
 .bss.cursor_x  0x00000000200036f0        0x2 _build/nrf52832_xxaa/ssd1306.c.o
 .bss.cursor_y  0x00000000200036f2        0x2 _build/nrf52832_xxaa/ssd1306.c.o
 .bss.oledsda   0x00000000200036f4        0x1 _build/nrf52832_xxaa/ssd1306.c.o
                0x00000000200036f4                oledsda
 .bss.rotation  0x00000000200036f5        0x1 _build/nrf52832_xxaa/ssd1306.c.o
 .bss.textbgcolor
                0x00000000200036f6        0x2 _build/nrf52832_xxaa/ssd1306.c.o
 .bss.textcolor
                0x00000000200036f8        0x2 _build/nrf52832_xxaa/ssd1306.c.o
 .bss.textsize  0x00000000200036fa        0x1 _build/nrf52832_xxaa/ssd1306.c.o
 .bss._blestatemode
                0x00000000200036fb        0x1 _build/nrf52832_xxaa/ble_app.c.o
                0x00000000200036fb                _blestatemode
 .bss._localblebuff
                0x00000000200036fc       0x81 _build/nrf52832_xxaa/ble_app.c.o
 *fill*         0x000000002000377d        0x3 
 .bss.m_ble_nus_c
                0x0000000020003780       0x10 _build/nrf52832_xxaa/ble_app.c.o
 .bss.m_gatt    0x0000000020003790       0x14 _build/nrf52832_xxaa/ble_app.c.o
 .bss.m_scan_buffer_data
                0x00000000200037a4       0x1f _build/nrf52832_xxaa/ble_app.c.o
 *fill*         0x00000000200037c3        0x1 
 .bss._activitytime
                0x00000000200037c4        0x4 _build/nrf52832_xxaa/hardware.c.o
                0x00000000200037c4                _activitytime
 .bss._bstate   0x00000000200037c8        0x1 _build/nrf52832_xxaa/hardware.c.o
                0x00000000200037c8                _bstate
 .bss._cyclestamp.12358
                0x00000000200037c9        0x1 _build/nrf52832_xxaa/hardware.c.o
 .bss._lastbstate.12379
                0x00000000200037ca        0x1 _build/nrf52832_xxaa/hardware.c.o
 *fill*         0x00000000200037cb        0x1 
 .bss._pofswtime.12359
                0x00000000200037cc        0x4 _build/nrf52832_xxaa/hardware.c.o
 .bss._systemlocattimems
                0x00000000200037d0        0x4 _build/nrf52832_xxaa/hardware.c.o
                0x00000000200037d0                _systemlocattimems
 .bss.led_timer_data
                0x00000000200037d4       0x20 _build/nrf52832_xxaa/hardware.c.o
 .bss.rebootdevice.12360
                0x00000000200037f4        0x1 _build/nrf52832_xxaa/hardware.c.o
 *fill*         0x00000000200037f5        0x3 
 .bss.systime_timer_data
                0x00000000200037f8       0x20 _build/nrf52832_xxaa/hardware.c.o
 .bss.m_buffer_pool
                0x0000000020003818        0x4 _build/nrf52832_xxaa/adc.c.o
 .bss._acDownBuffer
                0x000000002000381c       0x10 _build/nrf52832_xxaa/SEGGER_RTT.c.o
 .bss._acUpBuffer
                0x000000002000382c      0x200 _build/nrf52832_xxaa/SEGGER_RTT.c.o
 .bss.m_evt_handler
                0x0000000020003a2c        0x4 _build/nrf52832_xxaa/ble_db_discovery.c.o
 .bss.m_initialized
                0x0000000020003a30        0x1 _build/nrf52832_xxaa/ble_db_discovery.c.o
 *fill*         0x0000000020003a31        0x3 
 .bss.m_num_of_handlers_reg
                0x0000000020003a34        0x4 _build/nrf52832_xxaa/ble_db_discovery.c.o
 .bss.m_pending_user_evts
                0x0000000020003a38      0x300 _build/nrf52832_xxaa/ble_db_discovery.c.o
 .bss.m_pending_usr_evt_index
                0x0000000020003d38        0x4 _build/nrf52832_xxaa/ble_db_discovery.c.o
 .bss.m_registered_handlers
                0x0000000020003d3c       0x18 _build/nrf52832_xxaa/ble_db_discovery.c.o
 .bss.m_nrf_sdh_continue
                0x0000000020003d54        0x1 _build/nrf52832_xxaa/nrf_sdh.c.o
 .bss.m_nrf_sdh_enabled
                0x0000000020003d55        0x1 _build/nrf52832_xxaa/nrf_sdh.c.o
 .bss.m_nrf_sdh_suspended
                0x0000000020003d56        0x1 _build/nrf52832_xxaa/nrf_sdh.c.o
 .bss.m_stack_is_enabled
                0x0000000020003d57        0x1 _build/nrf52832_xxaa/nrf_sdh_ble.c.o
 .bss.__malloc_free_list
                0x0000000020003d58        0x4 /Users/zuba1/Library/gcc-arm-none-eabi-9-2019-q4-major/bin/../lib/gcc/arm-none-eabi/9.2.1/../../../../arm-none-eabi/lib/thumb/v7e-m+fp/hard/libc_nano.a(lib_a-nano-mallocr.o)
                0x0000000020003d58                __malloc_free_list
 .bss.__malloc_sbrk_start
                0x0000000020003d5c        0x4 /Users/zuba1/Library/gcc-arm-none-eabi-9-2019-q4-major/bin/../lib/gcc/arm-none-eabi/9.2.1/../../../../arm-none-eabi/lib/thumb/v7e-m+fp/hard/libc_nano.a(lib_a-nano-mallocr.o)
                0x0000000020003d5c                __malloc_sbrk_start
 .bss.heap_end.5507
                0x0000000020003d60        0x4 /Users/zuba1/Library/gcc-arm-none-eabi-9-2019-q4-major/bin/../lib/gcc/arm-none-eabi/9.2.1/../../../../arm-none-eabi/lib/thumb/v7e-m+fp/hard/libnosys.a(sbrk.o)
 *(COMMON)
 COMMON         0x0000000020003d64        0xc _build/nrf52832_xxaa/app_util_platform.c.o
                0x0000000020003d64                nrf_nvic_state
 COMMON         0x0000000020003d70        0x2 _build/nrf52832_xxaa/ssd1306.c.o
                0x0000000020003d70                _cp437
                0x0000000020003d71                wrap
 COMMON         0x0000000020003d72        0x1 _build/nrf52832_xxaa/ble_app.c.o
                0x0000000020003d72                _isnewbledata
 *fill*         0x0000000020003d73        0x1 
 COMMON         0x0000000020003d74       0x15 _build/nrf52832_xxaa/hardware.c.o
                0x0000000020003d74                ledtabgpio
                0x0000000020003d7c                ledtabcollor
                0x0000000020003d80                ledtabcycle
                0x0000000020003d88                m_channel_id
 *fill*         0x0000000020003d89        0x3 
 COMMON         0x0000000020003d8c       0x78 _build/nrf52832_xxaa/SEGGER_RTT.c.o
                0x0000000020003d8c                _SEGGER_RTT
 COMMON         0x0000000020003e04        0x4 /Users/zuba1/Library/gcc-arm-none-eabi-9-2019-q4-major/bin/../lib/gcc/arm-none-eabi/9.2.1/../../../../arm-none-eabi/lib/thumb/v7e-m+fp/hard/libc_nano.a(lib_a-reent.o)
                0x0000000020003e04                errno
 COMMON         0x0000000020003e08        0x9 /Users/zuba1/Library/gcc-arm-none-eabi-9-2019-q4-major/bin/../lib/gcc/arm-none-eabi/9.2.1/../../../../arm-none-eabi/lib/thumb/v7e-m+fp/hard/libc_nano.a(lib_a-lock.o)
                0x0000000020003e08                __lock___atexit_recursive_mutex
                0x0000000020003e09                __lock___arc4random_mutex
                0x0000000020003e0a                __lock___env_recursive_mutex
                0x0000000020003e0b                __lock___sinit_recursive_mutex
                0x0000000020003e0c                __lock___malloc_recursive_mutex
                0x0000000020003e0d                __lock___at_quick_exit_mutex
                0x0000000020003e0e                __lock___dd_hash_mutex
                0x0000000020003e0f                __lock___tz_mutex
                0x0000000020003e10                __lock___sfp_recursive_mutex
                0x0000000020003e14                . = ALIGN (0x4)
 *fill*         0x0000000020003e11        0x3 
                0x0000000020003e14                __bss_end__ = .

.heap           0x0000000020003e18     0x2000
                0x0000000020003e18                __HeapBase = .
                0x0000000020003e18                __end__ = .
                0x0000000020003e18                PROVIDE (end = .)
 *(.heap*)
 .heap          0x0000000020003e18     0x2000 _build/nrf52832_xxaa/gcc_startup_nrf52.S.o
                0x0000000020005e18                __HeapLimit = .

.stack_dummy    0x0000000020003e18     0x2000
 *(.stack*)
 .stack         0x0000000020003e18     0x2000 _build/nrf52832_xxaa/gcc_startup_nrf52.S.o
                0x0000000020010000                __StackTop = (ORIGIN (RAM) + LENGTH (RAM))
                0x000000002000e000                __StackLimit = (__StackTop - SIZEOF (.stack_dummy))
                0x0000000020010000                PROVIDE (__stack = __StackTop)
                0x0000000000000001                ASSERT ((__StackLimit >= __HeapLimit), region RAM overflowed with stack)
                0x00000000000003a0                DataInitFlashUsed = (__bss_start__ - __data_start__)
                0x0000000000009930                CodeFlashUsed = (__etext - ORIGIN (FLASH))
                0x0000000000009cd0                TotalFlashUsed = (CodeFlashUsed + DataInitFlashUsed)
                0x0000000000000001                ASSERT ((TotalFlashUsed <= LENGTH (FLASH)), region FLASH overflowed with .data and user data)
OUTPUT(_build/nrf52832_xxaa.out elf32-littlearm)

.ARM.attributes
                0x0000000000000000       0x30
 .ARM.attributes
                0x0000000000000000       0x1e /Users/zuba1/Library/gcc-arm-none-eabi-9-2019-q4-major/bin/../lib/gcc/arm-none-eabi/9.2.1/thumb/v7e-m+fp/hard/crti.o
 .ARM.attributes
                0x000000000000001e       0x34 /Users/zuba1/Library/gcc-arm-none-eabi-9-2019-q4-major/bin/../lib/gcc/arm-none-eabi/9.2.1/thumb/v7e-m+fp/hard/crtbegin.o
 .ARM.attributes
                0x0000000000000052       0x1c /Users/zuba1/Library/gcc-arm-none-eabi-9-2019-q4-major/bin/../lib/gcc/arm-none-eabi/9.2.1/../../../../arm-none-eabi/lib/thumb/v7e-m+fp/hard/crt0.o
 .ARM.attributes
                0x000000000000006e       0x20 _build/nrf52832_xxaa/gcc_startup_nrf52.S.o
 .ARM.attributes
                0x000000000000008e       0x34 _build/nrf52832_xxaa/nrf_log_backend_rtt.c.o
 .ARM.attributes
                0x00000000000000c2       0x34 _build/nrf52832_xxaa/nrf_log_backend_serial.c.o
 .ARM.attributes
                0x00000000000000f6       0x34 _build/nrf52832_xxaa/nrf_log_default_backends.c.o
 .ARM.attributes
                0x000000000000012a       0x34 _build/nrf52832_xxaa/nrf_log_frontend.c.o
 .ARM.attributes
                0x000000000000015e       0x34 _build/nrf52832_xxaa/nrf_log_str_formatter.c.o
 .ARM.attributes
                0x0000000000000192       0x34 _build/nrf52832_xxaa/nrfx_wdt.c.o
 .ARM.attributes
                0x00000000000001c6       0x34 _build/nrf52832_xxaa/nrfx_ppi.c.o
 .ARM.attributes
                0x00000000000001fa       0x34 _build/nrf52832_xxaa/nrfx_saadc.c.o
 .ARM.attributes
                0x000000000000022e       0x34 _build/nrf52832_xxaa/app_error.c.o
 .ARM.attributes
                0x0000000000000262       0x34 _build/nrf52832_xxaa/app_error_weak.c.o
 .ARM.attributes
                0x0000000000000296       0x34 _build/nrf52832_xxaa/app_timer.c.o
 .ARM.attributes
                0x00000000000002ca       0x34 _build/nrf52832_xxaa/app_util_platform.c.o
 .ARM.attributes
                0x00000000000002fe       0x34 _build/nrf52832_xxaa/nrf_atomic.c.o
 .ARM.attributes
                0x0000000000000332       0x34 _build/nrf52832_xxaa/nrf_balloc.c.o
 .ARM.attributes
                0x0000000000000366       0x34 _build/nrf52832_xxaa/nrf_fprintf.c.o
 .ARM.attributes
                0x000000000000039a       0x34 _build/nrf52832_xxaa/nrf_fprintf_format.c.o
 .ARM.attributes
                0x00000000000003ce       0x34 _build/nrf52832_xxaa/nrf_memobj.c.o
 .ARM.attributes
                0x0000000000000402       0x34 _build/nrf52832_xxaa/nrf_pwr_mgmt.c.o
 .ARM.attributes
                0x0000000000000436       0x34 _build/nrf52832_xxaa/nrf_section_iter.c.o
 .ARM.attributes
                0x000000000000046a       0x34 _build/nrf52832_xxaa/nrf_strerror.c.o
 .ARM.attributes
                0x000000000000049e       0x34 _build/nrf52832_xxaa/system_nrf52.c.o
 .ARM.attributes
                0x00000000000004d2       0x34 _build/nrf52832_xxaa/nrf_drv_clock.c.o
 .ARM.attributes
                0x0000000000000506       0x34 _build/nrf52832_xxaa/nrfx_clock.c.o
 .ARM.attributes
                0x000000000000053a       0x34 _build/nrf52832_xxaa/nrfx_gpiote.c.o
 .ARM.attributes
                0x000000000000056e       0x34 _build/nrf52832_xxaa/nrfx_prs.c.o
 .ARM.attributes
                0x00000000000005a2       0x34 _build/nrf52832_xxaa/nrfx_uart.c.o
 .ARM.attributes
                0x00000000000005d6       0x34 _build/nrf52832_xxaa/nrfx_uarte.c.o
 .ARM.attributes
                0x000000000000060a       0x34 _build/nrf52832_xxaa/main.c.o
 .ARM.attributes
                0x000000000000063e       0x34 _build/nrf52832_xxaa/i2c.c.o
 .ARM.attributes
                0x0000000000000672       0x34 _build/nrf52832_xxaa/oled.c.o
 .ARM.attributes
                0x00000000000006a6       0x34 _build/nrf52832_xxaa/ssd1306.c.o
 .ARM.attributes
                0x00000000000006da       0x34 _build/nrf52832_xxaa/ble_app.c.o
 .ARM.attributes
                0x000000000000070e       0x34 _build/nrf52832_xxaa/hardware.c.o
 .ARM.attributes
                0x0000000000000742       0x34 _build/nrf52832_xxaa/adc.c.o
 .ARM.attributes
                0x0000000000000776       0x34 _build/nrf52832_xxaa/SEGGER_RTT.c.o
 .ARM.attributes
                0x00000000000007aa       0x34 _build/nrf52832_xxaa/ble_advdata.c.o
 .ARM.attributes
                0x00000000000007de       0x34 _build/nrf52832_xxaa/ble_db_discovery.c.o
 .ARM.attributes
                0x0000000000000812       0x34 _build/nrf52832_xxaa/nrf_ble_gatt.c.o
 .ARM.attributes
                0x0000000000000846       0x34 _build/nrf52832_xxaa/ble_nus_c.c.o
 .ARM.attributes
                0x000000000000087a       0x34 _build/nrf52832_xxaa/nrf_sdh.c.o
 .ARM.attributes
                0x00000000000008ae       0x34 _build/nrf52832_xxaa/nrf_sdh_ble.c.o
 .ARM.attributes
                0x00000000000008e2       0x34 _build/nrf52832_xxaa/nrf_sdh_soc.c.o
 .ARM.attributes
                0x0000000000000916       0x34 /Users/zuba1/Library/gcc-arm-none-eabi-9-2019-q4-major/bin/../lib/gcc/arm-none-eabi/9.2.1/../../../../arm-none-eabi/lib/thumb/v7e-m+fp/hard/libc_nano.a(lib_a-abs.o)
 .ARM.attributes
                0x000000000000094a       0x32 /Users/zuba1/Library/gcc-arm-none-eabi-9-2019-q4-major/bin/../lib/gcc/arm-none-eabi/9.2.1/../../../../arm-none-eabi/lib/thumb/v7e-m+fp/hard/libc_nano.a(lib_a-ctype_.o)
 .ARM.attributes
                0x000000000000097c       0x34 /Users/zuba1/Library/gcc-arm-none-eabi-9-2019-q4-major/bin/../lib/gcc/arm-none-eabi/9.2.1/../../../../arm-none-eabi/lib/thumb/v7e-m+fp/hard/libc_nano.a(lib_a-exit.o)
 .ARM.attributes
                0x00000000000009b0       0x32 /Users/zuba1/Library/gcc-arm-none-eabi-9-2019-q4-major/bin/../lib/gcc/arm-none-eabi/9.2.1/../../../../arm-none-eabi/lib/thumb/v7e-m+fp/hard/libc_nano.a(lib_a-impure.o)
 .ARM.attributes
                0x00000000000009e2       0x34 /Users/zuba1/Library/gcc-arm-none-eabi-9-2019-q4-major/bin/../lib/gcc/arm-none-eabi/9.2.1/../../../../arm-none-eabi/lib/thumb/v7e-m+fp/hard/libc_nano.a(lib_a-init.o)
 .ARM.attributes
                0x0000000000000a16       0x34 /Users/zuba1/Library/gcc-arm-none-eabi-9-2019-q4-major/bin/../lib/gcc/arm-none-eabi/9.2.1/../../../../arm-none-eabi/lib/thumb/v7e-m+fp/hard/libc_nano.a(lib_a-memcmp.o)
 .ARM.attributes
                0x0000000000000a4a       0x34 /Users/zuba1/Library/gcc-arm-none-eabi-9-2019-q4-major/bin/../lib/gcc/arm-none-eabi/9.2.1/../../../../arm-none-eabi/lib/thumb/v7e-m+fp/hard/libc_nano.a(lib_a-memcpy-stub.o)
 .ARM.attributes
                0x0000000000000a7e       0x34 /Users/zuba1/Library/gcc-arm-none-eabi-9-2019-q4-major/bin/../lib/gcc/arm-none-eabi/9.2.1/../../../../arm-none-eabi/lib/thumb/v7e-m+fp/hard/libc_nano.a(lib_a-memset.o)
 .ARM.attributes
                0x0000000000000ab2       0x34 /Users/zuba1/Library/gcc-arm-none-eabi-9-2019-q4-major/bin/../lib/gcc/arm-none-eabi/9.2.1/../../../../arm-none-eabi/lib/thumb/v7e-m+fp/hard/libc_nano.a(lib_a-sprintf.o)
 .ARM.attributes
                0x0000000000000ae6       0x34 /Users/zuba1/Library/gcc-arm-none-eabi-9-2019-q4-major/bin/../lib/gcc/arm-none-eabi/9.2.1/../../../../arm-none-eabi/lib/thumb/v7e-m+fp/hard/libc_nano.a(lib_a-strcpy.o)
 .ARM.attributes
                0x0000000000000b1a       0x17 /Users/zuba1/Library/gcc-arm-none-eabi-9-2019-q4-major/bin/../lib/gcc/arm-none-eabi/9.2.1/../../../../arm-none-eabi/lib/thumb/v7e-m+fp/hard/libc_nano.a(lib_a-strlen.o)
 .ARM.attributes
                0x0000000000000b31       0x34 /Users/zuba1/Library/gcc-arm-none-eabi-9-2019-q4-major/bin/../lib/gcc/arm-none-eabi/9.2.1/../../../../arm-none-eabi/lib/thumb/v7e-m+fp/hard/libc_nano.a(lib_a-nano-svfprintf.o)
 .ARM.attributes
                0x0000000000000b65       0x34 /Users/zuba1/Library/gcc-arm-none-eabi-9-2019-q4-major/bin/../lib/gcc/arm-none-eabi/9.2.1/../../../../arm-none-eabi/lib/thumb/v7e-m+fp/hard/libc_nano.a(lib_a-nano-vfprintf_i.o)
 .ARM.attributes
                0x0000000000000b99       0x1c /Users/zuba1/Library/gcc-arm-none-eabi-9-2019-q4-major/bin/../lib/gcc/arm-none-eabi/9.2.1/../../../../arm-none-eabi/lib/thumb/v7e-m+fp/hard/libc_nano.a(lib_a-memchr.o)
 .ARM.attributes
                0x0000000000000bb5       0x34 /Users/zuba1/Library/gcc-arm-none-eabi-9-2019-q4-major/bin/../lib/gcc/arm-none-eabi/9.2.1/../../../../arm-none-eabi/lib/thumb/v7e-m+fp/hard/libc_nano.a(lib_a-memmove.o)
 .ARM.attributes
                0x0000000000000be9       0x34 /Users/zuba1/Library/gcc-arm-none-eabi-9-2019-q4-major/bin/../lib/gcc/arm-none-eabi/9.2.1/../../../../arm-none-eabi/lib/thumb/v7e-m+fp/hard/libc_nano.a(lib_a-nano-freer.o)
 .ARM.attributes
                0x0000000000000c1d       0x34 /Users/zuba1/Library/gcc-arm-none-eabi-9-2019-q4-major/bin/../lib/gcc/arm-none-eabi/9.2.1/../../../../arm-none-eabi/lib/thumb/v7e-m+fp/hard/libc_nano.a(lib_a-nano-mallocr.o)