Archive member included to satisfy reference by file (symbol)

/Users/zuba1/Library/gcc-arm-none-eabi-9-2019-q4-major/bin/../lib/gcc/arm-none-eabi/9.2.1/../../../../arm-none-eabi/lib/thumb/v7e-m+fp/hard/libc_nano.a(lib_a-abs.o)
                              _build/nrf52832_xxaa/ssd1306.c.o (abs)
/Users/zuba1/Library/gcc-arm-none-eabi-9-2019-q4-major/bin/../lib/gcc/arm-none-eabi/9.2.1/../../../../arm-none-eabi/lib/thumb/v7e-m+fp/hard/libc_nano.a(lib_a-ctype_.o)
                              _build/nrf52832_xxaa/nrf_log_str_formatter.c.o (_ctype_)
/Users/zuba1/Library/gcc-arm-none-eabi-9-2019-q4-major/bin/../lib/gcc/arm-none-eabi/9.2.1/../../../../arm-none-eabi/lib/thumb/v7e-m+fp/hard/libc_nano.a(lib_a-exit.o)
                              /Users/zuba1/Library/gcc-arm-none-eabi-9-2019-q4-major/bin/../lib/gcc/arm-none-eabi/9.2.1/../../../../arm-none-eabi/lib/thumb/v7e-m+fp/hard/crt0.o (exit)
/Users/zuba1/Library/gcc-arm-none-eabi-9-2019-q4-major/bin/../lib/gcc/arm-none-eabi/9.2.1/../../../../arm-none-eabi/lib/thumb/v7e-m+fp/hard/libc_nano.a(lib_a-impure.o)
                              /Users/zuba1/Library/gcc-arm-none-eabi-9-2019-q4-major/bin/../lib/gcc/arm-none-eabi/9.2.1/../../../../arm-none-eabi/lib/thumb/v7e-m+fp/hard/libc_nano.a(lib_a-exit.o) (_global_impure_ptr)
/Users/zuba1/Library/gcc-arm-none-eabi-9-2019-q4-major/bin/../lib/gcc/arm-none-eabi/9.2.1/../../../../arm-none-eabi/lib/thumb/v7e-m+fp/hard/libc_nano.a(lib_a-init.o)
                              /Users/zuba1/Library/gcc-arm-none-eabi-9-2019-q4-major/bin/../lib/gcc/arm-none-eabi/9.2.1/../../../../arm-none-eabi/lib/thumb/v7e-m+fp/hard/crt0.o (__libc_init_array)
/Users/zuba1/Library/gcc-arm-none-eabi-9-2019-q4-major/bin/../lib/gcc/arm-none-eabi/9.2.1/../../../../arm-none-eabi/lib/thumb/v7e-m+fp/hard/libc_nano.a(lib_a-memcmp.o)
                              _build/nrf52832_xxaa/ble_advdata.c.o (memcmp)
/Users/zuba1/Library/gcc-arm-none-eabi-9-2019-q4-major/bin/../lib/gcc/arm-none-eabi/9.2.1/../../../../arm-none-eabi/lib/thumb/v7e-m+fp/hard/libc_nano.a(lib_a-memcpy-stub.o)
                              _build/nrf52832_xxaa/nrf_log_frontend.c.o (memcpy)
/Users/zuba1/Library/gcc-arm-none-eabi-9-2019-q4-major/bin/../lib/gcc/arm-none-eabi/9.2.1/../../../../arm-none-eabi/lib/thumb/v7e-m+fp/hard/libc_nano.a(lib_a-memset.o)
                              /Users/zuba1/Library/gcc-arm-none-eabi-9-2019-q4-major/bin/../lib/gcc/arm-none-eabi/9.2.1/../../../../arm-none-eabi/lib/thumb/v7e-m+fp/hard/crt0.o (memset)
/Users/zuba1/Library/gcc-arm-none-eabi-9-2019-q4-major/bin/../lib/gcc/arm-none-eabi/9.2.1/../../../../arm-none-eabi/lib/thumb/v7e-m+fp/hard/libc_nano.a(lib_a-sprintf.o)
                              _build/nrf52832_xxaa/main.c.o (sprintf)
/Users/zuba1/Library/gcc-arm-none-eabi-9-2019-q4-major/bin/../lib/gcc/arm-none-eabi/9.2.1/../../../../arm-none-eabi/lib/thumb/v7e-m+fp/hard/libc_nano.a(lib_a-strcpy.o)
                              _build/nrf52832_xxaa/SEGGER_RTT.c.o (strcpy)
/Users/zuba1/Library/gcc-arm-none-eabi-9-2019-q4-major/bin/../lib/gcc/arm-none-eabi/9.2.1/../../../../arm-none-eabi/lib/thumb/v7e-m+fp/hard/libc_nano.a(lib_a-strlen.o)
                              _build/nrf52832_xxaa/nrf_log_frontend.c.o (strlen)
/Users/zuba1/Library/gcc-arm-none-eabi-9-2019-q4-major/bin/../lib/gcc/arm-none-eabi/9.2.1/../../../../arm-none-eabi/lib/thumb/v7e-m+fp/hard/libc_nano.a(lib_a-nano-svfprintf.o)
                              /Users/zuba1/Library/gcc-arm-none-eabi-9-2019-q4-major/bin/../lib/gcc/arm-none-eabi/9.2.1/../../../../arm-none-eabi/lib/thumb/v7e-m+fp/hard/libc_nano.a(lib_a-sprintf.o) (_svfprintf_r)
/Users/zuba1/Library/gcc-arm-none-eabi-9-2019-q4-major/bin/../lib/gcc/arm-none-eabi/9.2.1/../../../../arm-none-eabi/lib/thumb/v7e-m+fp/hard/libc_nano.a(lib_a-nano-vfprintf_i.o)
                              /Users/zuba1/Library/gcc-arm-none-eabi-9-2019-q4-major/bin/../lib/gcc/arm-none-eabi/9.2.1/../../../../arm-none-eabi/lib/thumb/v7e-m+fp/hard/libc_nano.a(lib_a-nano-svfprintf.o) (_printf_i)
/Users/zuba1/Library/gcc-arm-none-eabi-9-2019-q4-major/bin/../lib/gcc/arm-none-eabi/9.2.1/../../../../arm-none-eabi/lib/thumb/v7e-m+fp/hard/libc_nano.a(lib_a-memchr.o)
                              /Users/zuba1/Library/gcc-arm-none-eabi-9-2019-q4-major/bin/../lib/gcc/arm-none-eabi/9.2.1/../../../../arm-none-eabi/lib/thumb/v7e-m+fp/hard/libc_nano.a(lib_a-nano-svfprintf.o) (memchr)
/Users/zuba1/Library/gcc-arm-none-eabi-9-2019-q4-major/bin/../lib/gcc/arm-none-eabi/9.2.1/../../../../arm-none-eabi/lib/thumb/v7e-m+fp/hard/libc_nano.a(lib_a-memmove.o)
                              /Users/zuba1/Library/gcc-arm-none-eabi-9-2019-q4-major/bin/../lib/gcc/arm-none-eabi/9.2.1/../../../../arm-none-eabi/lib/thumb/v7e-m+fp/hard/libc_nano.a(lib_a-nano-svfprintf.o) (memmove)
/Users/zuba1/Library/gcc-arm-none-eabi-9-2019-q4-major/bin/../lib/gcc/arm-none-eabi/9.2.1/../../../../arm-none-eabi/lib/thumb/v7e-m+fp/hard/libc_nano.a(lib_a-nano-freer.o)
[...]
Memory Configuration

Name             Origin             Length             Attributes
FLASH            0x0000000000026000 0x000000000005a000 xr
RAM              0x00000000200029e0 0x000000000000d620 xrw
*default*        0x0000000000000000 0xffffffffffffffff

Linker script and memory map


.text           0x0000000000026000     0xbd74
 *(.isr_vector)
 .isr_vector    0x0000000000026000      0x200 _build/nrf52832_xxaa/gcc_startup_nrf52.S.o
                0x0000000000026000                __isr_vector
 *(.text*)
 .text          0x0000000000026200       0x40 /Users/zuba1/Library/gcc-arm-none-eabi-9-2019-q4-major/bin/../lib/gcc/arm-none-eabi/9.2.1/thumb/v7e-m+fp/hard/crtbegin.o
 .text          0x0000000000026240       0x74 /Users/zuba1/Library/gcc-arm-none-eabi-9-2019-q4-major/bin/../lib/gcc/arm-none-eabi/9.2.1/../../../../arm-none-eabi/lib/thumb/v7e-m+fp/hard/crt0.o
                0x0000000000026240                _mainCRTStartup
                0x0000000000026240                _start
 .text          0x00000000000262b4       0x3c _build/nrf52832_xxaa/gcc_startup_nrf52.S.o
                0x00000000000262b4                Reset_Handler
                0x00000000000262dc                NMI_Handler
                0x00000000000262de                HardFault_Handler
                0x00000000000262e0                MemoryManagement_Handler
                0x00000000000262e2                BusFault_Handler
                0x00000000000262e4                UsageFault_Handler
                0x00000000000262e6                SVC_Handler
                0x00000000000262e8                DebugMon_Handler
                0x00000000000262ea                PendSV_Handler
                0x00000000000262ec                SysTick_Handler
                0x00000000000262ee                TIMER4_IRQHandler
                0x00000000000262ee                I2S_IRQHandler
                0x00000000000262ee                SWI4_EGU4_IRQHandler
                0x00000000000262ee                TIMER0_IRQHandler
                0x00000000000262ee                TIMER1_IRQHandler
                0x00000000000262ee                PWM2_IRQHandler
                0x00000000000262ee                ECB_IRQHandler
                0x00000000000262ee                SPIM1_SPIS1_TWIM1_TWIS1_SPI1_TWI1_IRQHandler
                0x00000000000262ee                Default_Handler
                0x00000000000262ee                CCM_AAR_IRQHandler
                0x00000000000262ee                SWI5_EGU5_IRQHandler
                0x00000000000262ee                RNG_IRQHandler
                0x00000000000262ee                RTC2_IRQHandler
                0x00000000000262ee                PWM0_IRQHandler
                0x00000000000262ee                SWI3_EGU3_IRQHandler
                0x00000000000262ee                SWI1_EGU1_IRQHandler
                0x00000000000262ee                SPIM2_SPIS2_SPI2_IRQHandler
                0x00000000000262ee                NFCT_IRQHandler
                0x00000000000262ee                MWU_IRQHandler
                0x00000000000262ee                TIMER2_IRQHandler
                0x00000000000262ee                COMP_LPCOMP_IRQHandler
                0x00000000000262ee                RTC0_IRQHandler
                0x00000000000262ee                PWM1_IRQHandler
                0x00000000000262ee                RADIO_IRQHandler
                0x00000000000262ee                PDM_IRQHandler
                0x00000000000262ee                TEMP_IRQHandler
                0x00000000000262ee                QDEC_IRQHandler
                0x00000000000262ee                TIMER3_IRQHandler
                0x00000000000262ee                FPU_IRQHandler
                0x00000000000262ee                SPIM0_SPIS0_TWIM0_TWIS0_SPI0_TWI0_IRQHandler
 .text.nrf_log_backend_rtt_flush
                0x00000000000262f0        0x4 _build/nrf52832_xxaa/nrf_log_backend_rtt.c.o
 .text.nrf_log_backend_rtt_put
                0x00000000000262f4       0x20 _build/nrf52832_xxaa/nrf_log_backend_rtt.c.o
 .text.serial_tx
                0x0000000000026314       0x54 _build/nrf52832_xxaa/nrf_log_backend_rtt.c.o
 .text.nrf_log_backend_rtt_panic_set
                0x0000000000026368        0x4 _build/nrf52832_xxaa/nrf_log_backend_rtt.c.o
 .text.nrf_log_backend_rtt_init
                0x000000000002636c        0x4 _build/nrf52832_xxaa/nrf_log_backend_rtt.c.o
                0x000000000002636c                nrf_log_backend_rtt_init
 .text.nrf_log_backend_serial_put
                0x0000000000026370       0xd8 _build/nrf52832_xxaa/nrf_log_backend_serial.c.o
                0x0000000000026370                nrf_log_backend_serial_put
 .text.nrf_log_default_backends_init
                0x0000000000026448       0x1c _build/nrf52832_xxaa/nrf_log_default_backends.c.o
                0x0000000000026448                nrf_log_default_backends_init
 .text.nrf_log_init
                0x0000000000026464       0x58 _build/nrf52832_xxaa/nrf_log_frontend.c.o
                0x0000000000026464                nrf_log_init
 .text.nrf_log_module_name_get
                0x00000000000264bc       0x48 _build/nrf52832_xxaa/nrf_log_frontend.c.o
                0x00000000000264bc                nrf_log_module_name_get
 .text.nrf_log_color_id_get
                0x0000000000026504       0x2c _build/nrf52832_xxaa/nrf_log_frontend.c.o
                0x0000000000026504                nrf_log_color_id_get
 .text.nrf_log_frontend_dequeue
                0x0000000000026530      0x254 _build/nrf52832_xxaa/nrf_log_frontend.c.o
                0x0000000000026530                nrf_log_frontend_dequeue
 .text.nrf_log_frontend_std_0
                0x0000000000026784      0x194 _build/nrf52832_xxaa/nrf_log_frontend.c.o
                0x0000000000026784                nrf_log_frontend_std_0
 .text.nrf_log_frontend_std_1
                0x0000000000026918      0x1b0 _build/nrf52832_xxaa/nrf_log_frontend.c.o
                0x0000000000026918                nrf_log_frontend_std_1
 .text.nrf_log_frontend_std_2
                0x0000000000026ac8      0x1b0 _build/nrf52832_xxaa/nrf_log_frontend.c.o
                0x0000000000026ac8                nrf_log_frontend_std_2
 .text.nrf_log_frontend_std_6
                0x0000000000026c78      0x208 _build/nrf52832_xxaa/nrf_log_frontend.c.o
                0x0000000000026c78                nrf_log_frontend_std_6
 .text.nrf_log_backend_add
                0x0000000000026e80       0x50 _build/nrf52832_xxaa/nrf_log_frontend.c.o
                0x0000000000026e80                nrf_log_backend_add
 .text.nrf_log_panic
                0x0000000000026ed0       0x28 _build/nrf52832_xxaa/nrf_log_frontend.c.o
                0x0000000000026ed0                nrf_log_panic
 .text.prefix_process
                0x0000000000026ef8       0x80 _build/nrf52832_xxaa/nrf_log_str_formatter.c.o
 .text.nrf_log_std_entry_process
                0x0000000000026f78       0xf0 _build/nrf52832_xxaa/nrf_log_str_formatter.c.o
                0x0000000000026f78                nrf_log_std_entry_process
 .text.nrf_log_hexdump_entry_process
                0x0000000000027068       0xf4 _build/nrf52832_xxaa/nrf_log_str_formatter.c.o
                0x0000000000027068                nrf_log_hexdump_entry_process
 .text.WDT_IRQHandler
                0x000000000002715c       0x30 _build/nrf52832_xxaa/nrfx_wdt.c.o
                0x000000000002715c                WDT_IRQHandler
 .text.nrfx_wdt_init
                0x000000000002718c       0x60 _build/nrf52832_xxaa/nrfx_wdt.c.o
                0x000000000002718c                nrfx_wdt_init
 .text.nrfx_wdt_enable
                0x00000000000271ec       0x1c _build/nrf52832_xxaa/nrfx_wdt.c.o
                0x00000000000271ec                nrfx_wdt_enable
 .text.nrfx_wdt_channel_alloc
                0x0000000000027208       0x5c _build/nrf52832_xxaa/nrfx_wdt.c.o
                0x0000000000027208                nrfx_wdt_channel_alloc
 .text.nrfx_wdt_channel_feed
                0x0000000000027264       0x18 _build/nrf52832_xxaa/nrfx_wdt.c.o
                0x0000000000027264                nrfx_wdt_channel_feed
 .text.SAADC_IRQHandler
                0x000000000002727c      0x1b4 _build/nrf52832_xxaa/nrfx_saadc.c.o
                0x000000000002727c                SAADC_IRQHandler
 .text.nrfx_saadc_init
                0x0000000000027430       0x9c _build/nrf52832_xxaa/nrfx_saadc.c.o
                0x0000000000027430                nrfx_saadc_init
 .text.nrfx_saadc_channel_init
                0x00000000000274cc       0xe4 _build/nrf52832_xxaa/nrfx_saadc.c.o
                0x00000000000274cc                nrfx_saadc_channel_init
 .text.nrfx_saadc_buffer_convert
                0x00000000000275b0       0xc4 _build/nrf52832_xxaa/nrfx_saadc.c.o
                0x00000000000275b0                nrfx_saadc_buffer_convert
 .text.nrfx_saadc_sample
                0x0000000000027674       0x30 _build/nrf52832_xxaa/nrfx_saadc.c.o
                0x0000000000027674                nrfx_saadc_sample
 .text.app_error_handler_bare
                0x00000000000276a4       0x20 _build/nrf52832_xxaa/app_error.c.o
                0x00000000000276a4                app_error_handler_bare
 .text.app_error_fault_handler
                0x00000000000276c4       0x6c _build/nrf52832_xxaa/app_error_weak.c.o
                0x00000000000276c4                app_error_fault_handler
 .text.RTC1_IRQHandler
                0x0000000000027730       0xa0 _build/nrf52832_xxaa/app_timer.c.o
                0x0000000000027730                RTC1_IRQHandler
 .text.SWI0_EGU0_IRQHandler
                0x00000000000277d0      0x3e0 _build/nrf52832_xxaa/app_timer.c.o
                0x00000000000277d0                SWI0_EGU0_IRQHandler
 .text.app_timer_init
                0x0000000000027bb0       0xa8 _build/nrf52832_xxaa/app_timer.c.o
                0x0000000000027bb0                app_timer_init
 .text.app_timer_create
                0x0000000000027c58       0x24 _build/nrf52832_xxaa/app_timer.c.o
                0x0000000000027c58                app_timer_create
 .text.app_timer_start
                0x0000000000027c7c       0xac _build/nrf52832_xxaa/app_timer.c.o
                0x0000000000027c7c                app_timer_start
 .text.app_util_critical_region_enter
                0x0000000000027d28       0x4c _build/nrf52832_xxaa/app_util_platform.c.o
                0x0000000000027d28                app_util_critical_region_enter
 .text.app_util_critical_region_exit
                0x0000000000027d74       0x30 _build/nrf52832_xxaa/app_util_platform.c.o
                0x0000000000027d74                app_util_critical_region_exit
 .text.nrf_atomic_u32_fetch_store
                0x0000000000027da4       0x1c _build/nrf52832_xxaa/nrf_atomic.c.o
                0x0000000000027da4                nrf_atomic_u32_fetch_store
 .text.nrf_atomic_u32_add
                0x0000000000027dc0       0x1c _build/nrf52832_xxaa/nrf_atomic.c.o
                0x0000000000027dc0                nrf_atomic_u32_add
 .text.nrf_atomic_u32_sub
                0x0000000000027ddc       0x1c _build/nrf52832_xxaa/nrf_atomic.c.o
                0x0000000000027ddc                nrf_atomic_u32_sub
 .text.nrf_atomic_flag_set
                0x0000000000027df8       0x20 _build/nrf52832_xxaa/nrf_atomic.c.o
                0x0000000000027df8                nrf_atomic_flag_set
 .text.nrf_atomic_flag_clear_fetch
                0x0000000000027e18       0x20 _build/nrf52832_xxaa/nrf_atomic.c.o
                0x0000000000027e18                nrf_atomic_flag_clear_fetch
 .text.nrf_balloc_init
                0x0000000000027e38       0x38 _build/nrf52832_xxaa/nrf_balloc.c.o
                0x0000000000027e38                nrf_balloc_init
 .text.nrf_balloc_alloc
                0x0000000000027e70       0x50 _build/nrf52832_xxaa/nrf_balloc.c.o
                0x0000000000027e70                nrf_balloc_alloc
 .text.nrf_balloc_free
                0x0000000000027ec0       0x38 _build/nrf52832_xxaa/nrf_balloc.c.o
                0x0000000000027ec0                nrf_balloc_free
 .text.nrf_fprintf_buffer_flush
                0x0000000000027ef8       0x18 _build/nrf52832_xxaa/nrf_fprintf.c.o
                0x0000000000027ef8                nrf_fprintf_buffer_flush
 .text.nrf_fprintf
                0x0000000000027f10       0x20 _build/nrf52832_xxaa/nrf_fprintf.c.o
                0x0000000000027f10                nrf_fprintf
 .text.unsigned_print
                0x0000000000027f30      0x118 _build/nrf52832_xxaa/nrf_fprintf_format.c.o
 .text.nrf_fprintf_fmt
                0x0000000000028048      0x4bc _build/nrf52832_xxaa/nrf_fprintf_format.c.o
                0x0000000000028048                nrf_fprintf_fmt
 .text.nrf_memobj_pool_init
                0x0000000000028504        0x4 _build/nrf52832_xxaa/nrf_memobj.c.o
                0x0000000000028504                nrf_memobj_pool_init
 .text.nrf_memobj_alloc
                0x0000000000028508       0x94 _build/nrf52832_xxaa/nrf_memobj.c.o
                0x0000000000028508                nrf_memobj_alloc
 .text.nrf_memobj_get
                0x000000000002859c        0x8 _build/nrf52832_xxaa/nrf_memobj.c.o
                0x000000000002859c                nrf_memobj_get
 .text.nrf_memobj_put
                0x00000000000285a4       0x58 _build/nrf52832_xxaa/nrf_memobj.c.o
                0x00000000000285a4                nrf_memobj_put
 .text.nrf_memobj_write
                0x00000000000285fc       0x58 _build/nrf52832_xxaa/nrf_memobj.c.o
                0x00000000000285fc                nrf_memobj_write
 .text.nrf_memobj_read
                0x0000000000028654       0x58 _build/nrf52832_xxaa/nrf_memobj.c.o
                0x0000000000028654                nrf_memobj_read
 .text.sd_app_evt_wait
                0x00000000000286ac        0x4 _build/nrf52832_xxaa/nrf_pwr_mgmt.c.o
 .text.nrf_pwr_mgmt_init
                0x00000000000286b0       0x2c _build/nrf52832_xxaa/nrf_pwr_mgmt.c.o
                0x00000000000286b0                nrf_pwr_mgmt_init
 .text.nrf_pwr_mgmt_run
                0x00000000000286dc       0x54 _build/nrf52832_xxaa/nrf_pwr_mgmt.c.o
                0x00000000000286dc                nrf_pwr_mgmt_run
 .text.nrf_section_iter_init
                0x0000000000028730       0x14 _build/nrf52832_xxaa/nrf_section_iter.c.o
                0x0000000000028730                nrf_section_iter_init
 .text.nrf_section_iter_next
                0x0000000000028744       0x18 _build/nrf52832_xxaa/nrf_section_iter.c.o
                0x0000000000028744                nrf_section_iter_next
 .text.nrf_strerror_get
                0x000000000002875c       0x50 _build/nrf52832_xxaa/nrf_strerror.c.o
                0x000000000002875c                nrf_strerror_get
 .text.SystemInit
                0x00000000000287ac      0x3b4 _build/nrf52832_xxaa/system_nrf52.c.o
                0x00000000000287ac                SystemInit
 .text.clock_irq_handler
                0x0000000000028b60       0x44 _build/nrf52832_xxaa/nrf_drv_clock.c.o
 .text.soc_evt_handler
                0x0000000000028ba4       0x28 _build/nrf52832_xxaa/nrf_drv_clock.c.o
 .text.sd_state_evt_handler
                0x0000000000028bcc       0xa8 _build/nrf52832_xxaa/nrf_drv_clock.c.o
 .text.nrfx_clock_init
                0x0000000000028c74       0x18 _build/nrf52832_xxaa/nrfx_clock.c.o
                0x0000000000028c74                nrfx_clock_init
 .text.nrfx_clock_enable
                0x0000000000028c8c       0x28 _build/nrf52832_xxaa/nrfx_clock.c.o
                0x0000000000028c8c                nrfx_clock_enable
 .text.nrfx_clock_lfclk_stop
                0x0000000000028cb4       0x18 _build/nrf52832_xxaa/nrfx_clock.c.o
                0x0000000000028cb4                nrfx_clock_lfclk_stop
 .text.POWER_CLOCK_IRQHandler
                0x0000000000028ccc       0x6c _build/nrf52832_xxaa/nrfx_clock.c.o
                0x0000000000028ccc                POWER_CLOCK_IRQHandler
 .text.GPIOTE_IRQHandler
                0x0000000000028d38      0x4ec _build/nrf52832_xxaa/nrfx_gpiote.c.o
                0x0000000000028d38                GPIOTE_IRQHandler
 .text.UARTE0_UART0_IRQHandler
                0x0000000000029224        0xc _build/nrf52832_xxaa/nrfx_prs.c.o
                0x0000000000029224                UARTE0_UART0_IRQHandler
 .text.app_ble_config
                0x0000000000029230       0xc0 _build/nrf52832_xxaa/main.c.o
                0x0000000000029230                app_ble_config
 .text.app_ble_treminal
                0x00000000000292f0       0x64 _build/nrf52832_xxaa/main.c.o
                0x00000000000292f0                app_ble_treminal
 .text.app_ble_live
                0x0000000000029354      0x318 _build/nrf52832_xxaa/main.c.o
                0x0000000000029354                app_ble_live
 .text.app_sys_info
                0x000000000002966c       0x9c _build/nrf52832_xxaa/main.c.o
                0x000000000002966c                app_sys_info
 .text.app_ir_sumoremote
                0x0000000000029708      0x13c _build/nrf52832_xxaa/main.c.o
                0x0000000000029708                app_ir_sumoremote
 .text.app_ir_RC5
                0x0000000000029844      0x244 _build/nrf52832_xxaa/main.c.o
                0x0000000000029844                app_ir_RC5
 .text.startup.main
                0x0000000000029a88      0x2d8 _build/nrf52832_xxaa/main.c.o
                0x0000000000029a88                main
 .text.i2c_Init
                0x0000000000029d60       0x40 _build/nrf52832_xxaa/i2c.c.o
                0x0000000000029d60                i2c_Init
 .text.i2c_add_device
                0x0000000000029da0       0x38 _build/nrf52832_xxaa/i2c.c.o
                0x0000000000029da0                i2c_add_device
 .text.i2c_Start
                0x0000000000029dd8       0xd8 _build/nrf52832_xxaa/i2c.c.o
                0x0000000000029dd8                i2c_Start
 .text.i2c_Stop
                0x0000000000029eb0       0xd8 _build/nrf52832_xxaa/i2c.c.o
                0x0000000000029eb0                i2c_Stop
 .text.i2c_Write
                0x0000000000029f88      0x120 _build/nrf52832_xxaa/i2c.c.o
                0x0000000000029f88                i2c_Write
 .text.oled_init
                0x000000000002a0a8       0x58 _build/nrf52832_xxaa/oled.c.o
                0x000000000002a0a8                oled_init
 .text.oled_print_oponentring
                0x000000000002a100      0x10c _build/nrf52832_xxaa/oled.c.o
                0x000000000002a100                oled_print_oponentring
 .text.oled_print
                0x000000000002a20c       0x54 _build/nrf52832_xxaa/oled.c.o
                0x000000000002a20c                oled_print
 .text.oled_clear
                0x000000000002a260        0x4 _build/nrf52832_xxaa/oled.c.o
                0x000000000002a260                oled_clear
 .text.ssd1306_draw_pixel.part.0
                0x000000000002a264       0xdc _build/nrf52832_xxaa/ssd1306.c.o
 .text.ssd1306_draw_fast_hline_internal.part.0
                0x000000000002a340      0x194 _build/nrf52832_xxaa/ssd1306.c.o
 .text.ssd1306_draw_fast_vline_internal.part.0
                0x000000000002a4d4      0x150 _build/nrf52832_xxaa/ssd1306.c.o
 .text.ssd1306_init_i2c
                0x000000000002a624       0x14 _build/nrf52832_xxaa/ssd1306.c.o
                0x000000000002a624                ssd1306_init_i2c
 .text.ssd1306_begin
                0x000000000002a638      0x450 _build/nrf52832_xxaa/ssd1306.c.o
                0x000000000002a638                ssd1306_begin
 .text.ssd1306_display
                0x000000000002aa88      0x11c _build/nrf52832_xxaa/ssd1306.c.o
                0x000000000002aa88                ssd1306_display
 .text.ssd1306_clear_display
                0x000000000002aba4       0x10 _build/nrf52832_xxaa/ssd1306.c.o
                0x000000000002aba4                ssd1306_clear_display
 .text.ssd1306_draw_fast_vline
                0x000000000002abb4       0x80 _build/nrf52832_xxaa/ssd1306.c.o
                0x000000000002abb4                ssd1306_draw_fast_vline
 .text.ssd1306_draw_circle
                0x000000000002ac34      0x348 _build/nrf52832_xxaa/ssd1306.c.o
                0x000000000002ac34                ssd1306_draw_circle
 .text.ssd1306_fill_circle
                0x000000000002af7c      0x100 _build/nrf52832_xxaa/ssd1306.c.o
                0x000000000002af7c                ssd1306_fill_circle
 .text.ssd1306_draw_line
                0x000000000002b07c      0x13c _build/nrf52832_xxaa/ssd1306.c.o
                0x000000000002b07c                ssd1306_draw_line
 .text.ssd1306_draw_rect
                0x000000000002b1b8      0x308 _build/nrf52832_xxaa/ssd1306.c.o
                0x000000000002b1b8                ssd1306_draw_rect
 .text.ssd1306_fill_rect
                0x000000000002b4c0       0xb0 _build/nrf52832_xxaa/ssd1306.c.o
                0x000000000002b4c0                ssd1306_fill_rect
 .text.ssd1306_fill_screen
                0x000000000002b570       0xbc _build/nrf52832_xxaa/ssd1306.c.o
                0x000000000002b570                ssd1306_fill_screen
 .text.ssd1306_draw_char
                0x000000000002b62c      0x2a4 _build/nrf52832_xxaa/ssd1306.c.o
                0x000000000002b62c                ssd1306_draw_char
 .text.ssd1306_write
                0x000000000002b8d0       0xac _build/nrf52832_xxaa/ssd1306.c.o
                0x000000000002b8d0                ssd1306_write
 .text.ssd1306_set_cursor
                0x000000000002b97c       0x14 _build/nrf52832_xxaa/ssd1306.c.o
                0x000000000002b97c                ssd1306_set_cursor
 .text.ssd1306_set_textsize
                0x000000000002b990       0x10 _build/nrf52832_xxaa/ssd1306.c.o
                0x000000000002b990                ssd1306_set_textsize
 .text.ssd1306_set_textcolor
                0x000000000002b9a0       0x14 _build/nrf52832_xxaa/ssd1306.c.o
                0x000000000002b9a0                ssd1306_set_textcolor
 .text.sd_ble_gap_conn_param_update
                0x000000000002b9b4        0x4 _build/nrf52832_xxaa/ble_app.c.o
 .text.sd_ble_gap_disconnect
                0x000000000002b9b8        0x4 _build/nrf52832_xxaa/ble_app.c.o
 .text.sd_ble_gap_sec_params_reply
                0x000000000002b9bc        0x4 _build/nrf52832_xxaa/ble_app.c.o
 .text.sd_ble_gap_scan_start
                0x000000000002b9c0        0x4 _build/nrf52832_xxaa/ble_app.c.o
 .text.sd_ble_gap_connect
                0x000000000002b9c4        0x4 _build/nrf52832_xxaa/ble_app.c.o
 .text.sd_ble_gap_phy_update
                0x000000000002b9c8        0x4 _build/nrf52832_xxaa/ble_app.c.o
 .text.shutdown_handler
                0x000000000002b9cc        0x4 _build/nrf52832_xxaa/ble_app.c.o
 .text.db_disc_handler
                0x000000000002b9d0        0xc _build/nrf52832_xxaa/ble_app.c.o
 .text.ble_evt_handler
                0x000000000002b9dc      0x184 _build/nrf52832_xxaa/ble_app.c.o
 .text.gatt_evt_handler
                0x000000000002bb60       0x48 _build/nrf52832_xxaa/ble_app.c.o
                0x000000000002bb60                gatt_evt_handler
 .text.ble_nus_c_evt_handler
                0x000000000002bba8      0x1ac _build/nrf52832_xxaa/ble_app.c.o
 .text.ble_disonnect
                0x000000000002bd54        0x4 _build/nrf52832_xxaa/ble_app.c.o
                0x000000000002bd54                ble_disonnect
 .text.ble_scan_start
                0x000000000002bd58       0x28 _build/nrf52832_xxaa/ble_app.c.o
                0x000000000002bd58                ble_scan_start
 .text.ble_get_status
                0x000000000002bd80        0xc _build/nrf52832_xxaa/ble_app.c.o
                0x000000000002bd80                ble_get_status
 .text.ble_is_new_data
                0x000000000002bd8c        0xc _build/nrf52832_xxaa/ble_app.c.o
                0x000000000002bd8c                ble_is_new_data
 .text.ble_get_data
                0x000000000002bd98       0x20 _build/nrf52832_xxaa/ble_app.c.o
                0x000000000002bd98                ble_get_data
 .text.ble_send
                0x000000000002bdb8       0x54 _build/nrf52832_xxaa/ble_app.c.o
                0x000000000002bdb8                ble_send
 .text.ble_init
                0x000000000002be0c       0xac _build/nrf52832_xxaa/ble_app.c.o
                0x000000000002be0c                ble_init
 .text.wdt_event_handler
                0x000000000002beb8        0x4 _build/nrf52832_xxaa/hardware.c.o
                0x000000000002beb8                wdt_event_handler
 .text.systime_task
                0x000000000002bebc       0x10 _build/nrf52832_xxaa/hardware.c.o
 .text.power_manage
                0x000000000002becc       0x14 _build/nrf52832_xxaa/hardware.c.o
                0x000000000002becc                power_manage
 .text.set_power_mode
                0x000000000002bee0       0x40 _build/nrf52832_xxaa/hardware.c.o
                0x000000000002bee0                set_power_mode
 .text.check_buttons
                0x000000000002bf20       0x64 _build/nrf52832_xxaa/hardware.c.o
                0x000000000002bf20                check_buttons
 .text.led_task
                0x000000000002bf84      0x264 _build/nrf52832_xxaa/hardware.c.o
 .text.set_led  0x000000000002c1e8       0x20 _build/nrf52832_xxaa/hardware.c.o
                0x000000000002c1e8                set_led
 .text.init_buttons_and_leds
                0x000000000002c208       0xe8 _build/nrf52832_xxaa/hardware.c.o
                0x000000000002c208                init_buttons_and_leds
 .text.init_hardware
                0x000000000002c2f0       0xa0 _build/nrf52832_xxaa/hardware.c.o
                0x000000000002c2f0                init_hardware
 .text.get_one_button_state
                0x000000000002c390       0x78 _build/nrf52832_xxaa/hardware.c.o
                0x000000000002c390                get_one_button_state
 .text.getsystemtime
                0x000000000002c408        0xc _build/nrf52832_xxaa/hardware.c.o
                0x000000000002c408                getsystemtime
 .text.saadc_callback
                0x000000000002c414       0x48 _build/nrf52832_xxaa/adc.c.o
                0x000000000002c414                saadc_callback
 .text.saadc_init
                0x000000000002c45c       0x7c _build/nrf52832_xxaa/adc.c.o
                0x000000000002c45c                saadc_init
 .text.get_battery_voltage
                0x000000000002c4d8        0xc _build/nrf52832_xxaa/adc.c.o
                0x000000000002c4d8                get_battery_voltage
 .text.SEGGER_RTT_WriteNoLock
                0x000000000002c4e4      0x1bc _build/nrf52832_xxaa/SEGGER_RTT.c.o
                0x000000000002c4e4                SEGGER_RTT_WriteNoLock
 .text.SEGGER_RTT_Init
                0x000000000002c6a0       0x60 _build/nrf52832_xxaa/SEGGER_RTT.c.o
                0x000000000002c6a0                SEGGER_RTT_Init
 .text.sd_ble_uuid_encode
                0x000000000002c700        0x4 _build/nrf52832_xxaa/ble_advdata.c.o
 .text.ble_advdata_uuid_find
                0x000000000002c704       0xf8 _build/nrf52832_xxaa/ble_advdata.c.o
                0x000000000002c704                ble_advdata_uuid_find
 .text.sd_ble_gattc_primary_services_discover
                0x000000000002c7fc        0x4 _build/nrf52832_xxaa/ble_db_discovery.c.o
 .text.sd_ble_gattc_characteristics_discover
                0x000000000002c800        0x4 _build/nrf52832_xxaa/ble_db_discovery.c.o
 .text.sd_ble_gattc_descriptors_discover
                0x000000000002c804        0x4 _build/nrf52832_xxaa/ble_db_discovery.c.o
 .text.discovery_error_evt_trigger
                0x000000000002c808       0xd8 _build/nrf52832_xxaa/ble_db_discovery.c.o
 .text.discovery_complete_evt_trigger
                0x000000000002c8e0      0x12c _build/nrf52832_xxaa/ble_db_discovery.c.o
 .text.descriptors_discover
                0x000000000002ca0c       0xcc _build/nrf52832_xxaa/ble_db_discovery.c.o
 .text.ble_db_discovery_init
                0x000000000002cad8       0x34 _build/nrf52832_xxaa/ble_db_discovery.c.o
                0x000000000002cad8                ble_db_discovery_init
 .text.ble_db_discovery_evt_register
                0x000000000002cb0c       0xcc _build/nrf52832_xxaa/ble_db_discovery.c.o
                0x000000000002cb0c                ble_db_discovery_evt_register
 .text.ble_db_discovery_start
                0x000000000002cbd8       0x84 _build/nrf52832_xxaa/ble_db_discovery.c.o
                0x000000000002cbd8                ble_db_discovery_start
 .text.ble_db_discovery_on_ble_evt
                0x000000000002cc5c      0x920 _build/nrf52832_xxaa/ble_db_discovery.c.o
                0x000000000002cc5c                ble_db_discovery_on_ble_evt
 .text.sd_ble_gap_data_length_update
                0x000000000002d57c        0x4 _build/nrf52832_xxaa/nrf_ble_gatt.c.o
 .text.sd_ble_gattc_exchange_mtu_request
                0x000000000002d580        0x4 _build/nrf52832_xxaa/nrf_ble_gatt.c.o
 .text.sd_ble_gatts_exchange_mtu_reply
                0x000000000002d584        0x4 _build/nrf52832_xxaa/nrf_ble_gatt.c.o
 .text.data_length_update.constprop.0
                0x000000000002d588       0x90 _build/nrf52832_xxaa/nrf_ble_gatt.c.o
 .text.nrf_ble_gatt_init
                0x000000000002d618       0x30 _build/nrf52832_xxaa/nrf_ble_gatt.c.o
                0x000000000002d618                nrf_ble_gatt_init
 .text.nrf_ble_gatt_att_mtu_central_set
                0x000000000002d648       0x18 _build/nrf52832_xxaa/nrf_ble_gatt.c.o
                0x000000000002d648                nrf_ble_gatt_att_mtu_central_set
 .text.nrf_ble_gatt_on_ble_evt
                0x000000000002d660      0x1c0 _build/nrf52832_xxaa/nrf_ble_gatt.c.o
                0x000000000002d660                nrf_ble_gatt_on_ble_evt
 .text.sd_ble_gattc_write
                0x000000000002d820        0x4 _build/nrf52832_xxaa/ble_nus_c.c.o
 .text.sd_ble_uuid_vs_add
                0x000000000002d824        0x4 _build/nrf52832_xxaa/ble_nus_c.c.o
 .text.ble_nus_c_on_db_disc_evt
                0x000000000002d828       0x90 _build/nrf52832_xxaa/ble_nus_c.c.o
                0x000000000002d828                ble_nus_c_on_db_disc_evt
 .text.ble_nus_c_init
                0x000000000002d8b8       0x54 _build/nrf52832_xxaa/ble_nus_c.c.o
                0x000000000002d8b8                ble_nus_c_init
 .text.ble_nus_c_on_ble_evt
                0x000000000002d90c       0x80 _build/nrf52832_xxaa/ble_nus_c.c.o
                0x000000000002d90c                ble_nus_c_on_ble_evt
 .text.ble_nus_c_tx_notif_enable
                0x000000000002d98c       0x44 _build/nrf52832_xxaa/ble_nus_c.c.o
                0x000000000002d98c                ble_nus_c_tx_notif_enable
 .text.ble_nus_c_string_send
                0x000000000002d9d0       0x78 _build/nrf52832_xxaa/ble_nus_c.c.o
                0x000000000002d9d0                ble_nus_c_string_send
 .text.ble_nus_c_handles_assign
                0x000000000002da48       0x1c _build/nrf52832_xxaa/ble_nus_c.c.o
                0x000000000002da48                ble_nus_c_handles_assign
 .text.sd_softdevice_enable
                0x000000000002da64        0x4 _build/nrf52832_xxaa/nrf_sdh.c.o
 .text.nrf_sdh_enable_request
                0x000000000002da68      0x124 _build/nrf52832_xxaa/nrf_sdh.c.o
                0x000000000002da68                nrf_sdh_enable_request
 .text.nrf_sdh_is_enabled
                0x000000000002db8c        0xc _build/nrf52832_xxaa/nrf_sdh.c.o
                0x000000000002db8c                nrf_sdh_is_enabled
 .text.SWI2_EGU2_IRQHandler
                0x000000000002db98       0x2c _build/nrf52832_xxaa/nrf_sdh.c.o
                0x000000000002db98                SWI2_EGU2_IRQHandler
 .text.sd_ble_enable
                0x000000000002dbc4        0x4 _build/nrf52832_xxaa/nrf_sdh_ble.c.o
 .text.sd_ble_cfg_set
                0x000000000002dbc8        0x4 _build/nrf52832_xxaa/nrf_sdh_ble.c.o
 .text.sd_ble_evt_get
                0x000000000002dbcc        0x4 _build/nrf52832_xxaa/nrf_sdh_ble.c.o
 .text.nrf_sdh_ble_evts_poll.part.0
                0x000000000002dbd0       0x54 _build/nrf52832_xxaa/nrf_sdh_ble.c.o
 .text.nrf_sdh_ble_evts_poll
                0x000000000002dc24       0x10 _build/nrf52832_xxaa/nrf_sdh_ble.c.o
 .text.nrf_sdh_ble_default_cfg_set
                0x000000000002dc34      0x1b0 _build/nrf52832_xxaa/nrf_sdh_ble.c.o
                0x000000000002dc34                nrf_sdh_ble_default_cfg_set
 .text.nrf_sdh_ble_enable
                0x000000000002dde4       0x9c _build/nrf52832_xxaa/nrf_sdh_ble.c.o
                0x000000000002dde4                nrf_sdh_ble_enable
 .text.sd_evt_get
                0x000000000002de80        0x4 _build/nrf52832_xxaa/nrf_sdh_soc.c.o
 .text.nrf_sdh_soc_evts_poll
                0x000000000002de84       0x4c _build/nrf52832_xxaa/nrf_sdh_soc.c.o
 .text.abs      0x000000000002ded0        0x8 /Users/zuba1/Library/gcc-arm-none-eabi-9-2019-q4-major/bin/../lib/gcc/arm-none-eabi/9.2.1/../../../../arm-none-eabi/lib/thumb/v7e-m+fp/hard/libc_nano.a(lib_a-abs.o)
                0x000000000002ded0                abs
 .text.exit     0x000000000002ded8       0x28 /Users/zuba1/Library/gcc-arm-none-eabi-9-2019-q4-major/bin/../lib/gcc/arm-none-eabi/9.2.1/../../../../arm-none-eabi/lib/thumb/v7e-m+fp/hard/libc_nano.a(lib_a-exit.o)
                0x000000000002ded8                exit
 .text.__libc_init_array
                0x000000000002df00       0x48 /Users/zuba1/Library/gcc-arm-none-eabi-9-2019-q4-major/bin/../lib/gcc/arm-none-eabi/9.2.1/../../../../arm-none-eabi/lib/thumb/v7e-m+fp/hard/libc_nano.a(lib_a-init.o)
                0x000000000002df00                __libc_init_array
 .text.memcmp   0x000000000002df48       0x1c /Users/zuba1/Library/gcc-arm-none-eabi-9-2019-q4-major/bin/../lib/gcc/arm-none-eabi/9.2.1/../../../../arm-none-eabi/lib/thumb/v7e-m+fp/hard/libc_nano.a(lib_a-memcmp.o)
                0x000000000002df48                memcmp
 .text.memcpy   0x000000000002df64       0x1c /Users/zuba1/Library/gcc-arm-none-eabi-9-2019-q4-major/bin/../lib/gcc/arm-none-eabi/9.2.1/../../../../arm-none-eabi/lib/thumb/v7e-m+fp/hard/libc_nano.a(lib_a-memcpy-stub.o)
                0x000000000002df64                memcpy
 .text.memset   0x000000000002df80       0x10 /Users/zuba1/Library/gcc-arm-none-eabi-9-2019-q4-major/bin/../lib/gcc/arm-none-eabi/9.2.1/../../../../arm-none-eabi/lib/thumb/v7e-m+fp/hard/libc_nano.a(lib_a-memset.o)
                0x000000000002df80                memset
 .text.sprintf  0x000000000002df90       0x40 /Users/zuba1/Library/gcc-arm-none-eabi-9-2019-q4-major/bin/../lib/gcc/arm-none-eabi/9.2.1/../../../../arm-none-eabi/lib/thumb/v7e-m+fp/hard/libc_nano.a(lib_a-sprintf.o)
                0x000000000002df90                sprintf
                0x000000000002df90                siprintf
 .text.strcpy   0x000000000002dfd0       0x10 /Users/zuba1/Library/gcc-arm-none-eabi-9-2019-q4-major/bin/../lib/gcc/arm-none-eabi/9.2.1/../../../../arm-none-eabi/lib/thumb/v7e-m+fp/hard/libc_nano.a(lib_a-strcpy.o)
                0x000000000002dfd0                strcpy
 .text          0x000000000002dfe0       0x10 /Users/zuba1/Library/gcc-arm-none-eabi-9-2019-q4-major/bin/../lib/gcc/arm-none-eabi/9.2.1/../../../../arm-none-eabi/lib/thumb/v7e-m+fp/hard/libc_nano.a(lib_a-strlen.o)
                0x000000000002dfe0                strlen
 .text.__ssputs_r
                0x000000000002dff0       0xb6 /Users/zuba1/Library/gcc-arm-none-eabi-9-2019-q4-major/bin/../lib/gcc/arm-none-eabi/9.2.1/../../../../arm-none-eabi/lib/thumb/v7e-m+fp/hard/libc_nano.a(lib_a-nano-svfprintf.o)
                0x000000000002dff0                __ssputs_r
 *fill*         0x000000000002e0a6        0x2 
 .text._svfprintf_r
                0x000000000002e0a8      0x200 /Users/zuba1/Library/gcc-arm-none-eabi-9-2019-q4-major/bin/../lib/gcc/arm-none-eabi/9.2.1/../../../../arm-none-eabi/lib/thumb/v7e-m+fp/hard/libc_nano.a(lib_a-nano-svfprintf.o)
                0x000000000002e0a8                _svfprintf_r
                0x000000000002e0a8                _svfiprintf_r
 .text._printf_common
                0x000000000002e2a8       0xda /Users/zuba1/Library/gcc-arm-none-eabi-9-2019-q4-major/bin/../lib/gcc/arm-none-eabi/9.2.1/../../../../arm-none-eabi/lib/thumb/v7e-m+fp/hard/libc_nano.a(lib_a-nano-vfprintf_i.o)
                0x000000000002e2a8                _printf_common
 *fill*         0x000000000002e382        0x2 
 .text._printf_i
                0x000000000002e384      0x24c /Users/zuba1/Library/gcc-arm-none-eabi-9-2019-q4-major/bin/../lib/gcc/arm-none-eabi/9.2.1/../../../../arm-none-eabi/lib/thumb/v7e-m+fp/hard/libc_nano.a(lib_a-nano-vfprintf_i.o)
                0x000000000002e384                _printf_i
 .text          0x000000000002e5d0       0xa0 /Users/zuba1/Library/gcc-arm-none-eabi-9-2019-q4-major/bin/../lib/gcc/arm-none-eabi/9.2.1/../../../../arm-none-eabi/lib/thumb/v7e-m+fp/hard/libc_nano.a(lib_a-memchr.o)
                0x000000000002e5d0                memchr
 .text.memmove  0x000000000002e670       0x34 /Users/zuba1/Library/gcc-arm-none-eabi-9-2019-q4-major/bin/../lib/gcc/arm-none-eabi/9.2.1/../../../../arm-none-eabi/lib/thumb/v7e-m+fp/hard/libc_nano.a(lib_a-memmove.o)
                0x000000000002e670                memmove
 .text._free_r  0x000000000002e6a4       0xa0 /Users/zuba1/Library/gcc-arm-none-eabi-9-2019-q4-major/bin/../lib/gcc/arm-none-eabi/9.2.1/../../../../arm-none-eabi/lib/thumb/v7e-m+fp/hard/libc_nano.a(lib_a-nano-freer.o)
                0x000000000002e6a4                _free_r
 .text._malloc_r
                0x000000000002e744       0xb4 /Users/zuba1/Library/gcc-arm-none-eabi-9-2019-q4-major/bin/../lib/gcc/arm-none-eabi/9.2.1/../../../../arm-none-eabi/lib/thumb/v7e-m+fp/hard/libc_nano.a(lib_a-nano-mallocr.o)
                0x000000000002e744                _malloc_r
 .text._realloc_r
                0x000000000002e7f8       0x4c /Users/zuba1/Library/gcc-arm-none-eabi-9-2019-q4-major/bin/../lib/gcc/arm-none-eabi/9.2.1/../../../../arm-none-eabi/lib/thumb/v7e-m+fp/hard/libc_nano.a(lib_a-nano-reallocr.o)
                0x000000000002e7f8                _realloc_r
 .text._sbrk_r  0x000000000002e844       0x20 /Users/zuba1/Library/gcc-arm-none-eabi-9-2019-q4-major/bin/../lib/gcc/arm-none-eabi/9.2.1/../../../../arm-none-eabi/lib/thumb/v7e-m+fp/hard/libc_nano.a(lib_a-sbrkr.o)
                0x000000000002e844                _sbrk_r
 .text.__malloc_lock
                0x000000000002e864        0xc /Users/zuba1/Library/gcc-arm-none-eabi-9-2019-q4-major/bin/../lib/gcc/arm-none-eabi/9.2.1/../../../../arm-none-eabi/lib/thumb/v7e-m+fp/hard/libc_nano.a(lib_a-mlock.o)
                0x000000000002e864                __malloc_lock
 .text.__malloc_unlock
                0x000000000002e870        0xc /Users/zuba1/Library/gcc-arm-none-eabi-9-2019-q4-major/bin/../lib/gcc/arm-none-eabi/9.2.1/../../../../arm-none-eabi/lib/thumb/v7e-m+fp/hard/libc_nano.a(lib_a-mlock.o)
                0x000000000002e870                __malloc_unlock
 .text._malloc_usable_size_r
                0x000000000002e87c       0x10 /Users/zuba1/Library/gcc-arm-none-eabi-9-2019-q4-major/bin/../lib/gcc/arm-none-eabi/9.2.1/../../../../arm-none-eabi/lib/thumb/v7e-m+fp/hard/libc_nano.a(lib_a-nano-msizer.o)
                0x000000000002e87c                _malloc_usable_size_r
 .text.__retarget_lock_acquire_recursive
                0x000000000002e88c        0x2 /Users/zuba1/Library/gcc-arm-none-eabi-9-2019-q4-major/bin/../lib/gcc/arm-none-eabi/9.2.1/../../../../arm-none-eabi/lib/thumb/v7e-m+fp/hard/libc_nano.a(lib_a-lock.o)
                0x000000000002e88c                __retarget_lock_acquire_recursive
 .text.__retarget_lock_release_recursive
                0x000000000002e88e        0x2 /Users/zuba1/Library/gcc-arm-none-eabi-9-2019-q4-major/bin/../lib/gcc/arm-none-eabi/9.2.1/../../../../arm-none-eabi/lib/thumb/v7e-m+fp/hard/libc_nano.a(lib_a-lock.o)
                0x000000000002e88e                __retarget_lock_release_recursive
 .text._sbrk    0x000000000002e890       0x1c /Users/zuba1/Library/gcc-arm-none-eabi-9-2019-q4-major/bin/../lib/gcc/arm-none-eabi/9.2.1/../../../../arm-none-eabi/lib/thumb/v7e-m+fp/hard/libnosys.a(sbrk.o)
                0x000000000002e890                _sbrk
 .text._exit    0x000000000002e8ac        0x4 /Users/zuba1/Library/gcc-arm-none-eabi-9-2019-q4-major/bin/../lib/gcc/arm-none-eabi/9.2.1/../../../../arm-none-eabi/lib/thumb/v7e-m+fp/hard/libnosys.a(_exit.o)
                0x000000000002e8ac                _exit
 .text.cos      0x000000000002e8b0       0xa8 /Users/zuba1/Library/gcc-arm-none-eabi-9-2019-q4-major/bin/../lib/gcc/arm-none-eabi/9.2.1/../../../../arm-none-eabi/lib/thumb/v7e-m+fp/hard/libm.a(lib_a-s_cos.o)
                0x000000000002e8b0                cos
 .text.sin      0x000000000002e958       0xb0 /Users/zuba1/Library/gcc-arm-none-eabi-9-2019-q4-major/bin/../lib/gcc/arm-none-eabi/9.2.1/../../../../arm-none-eabi/lib/thumb/v7e-m+fp/hard/libm.a(lib_a-s_sin.o)
                0x000000000002e958                sin
 .text.__ieee754_rem_pio2
                0x000000000002ea08      0x46c /Users/zuba1/Library/gcc-arm-none-eabi-9-2019-q4-major/bin/../lib/gcc/arm-none-eabi/9.2.1/../../../../arm-none-eabi/lib/thumb/v7e-m+fp/hard/libm.a(lib_a-e_rem_pio2.o)
                0x000000000002ea08                __ieee754_rem_pio2
 *fill*         0x000000000002ee74        0x4 
 .text.__kernel_cos
                0x000000000002ee78      0x27c /Users/zuba1/Library/gcc-arm-none-eabi-9-2019-q4-major/bin/../lib/gcc/arm-none-eabi/9.2.1/../../../../arm-none-eabi/lib/thumb/v7e-m+fp/hard/libm.a(lib_a-k_cos.o)
                0x000000000002ee78                __kernel_cos
 *fill*         0x000000000002f0f4        0x4 
 .text.__kernel_rem_pio2
                0x000000000002f0f8      0x850 /Users/zuba1/Library/gcc-arm-none-eabi-9-2019-q4-major/bin/../lib/gcc/arm-none-eabi/9.2.1/../../../../arm-none-eabi/lib/thumb/v7e-m+fp/hard/libm.a(lib_a-k_rem_pio2.o)
                0x000000000002f0f8                __kernel_rem_pio2
 .text.__kernel_sin
                0x000000000002f948      0x17c /Users/zuba1/Library/gcc-arm-none-eabi-9-2019-q4-major/bin/../lib/gcc/arm-none-eabi/9.2.1/../../../../arm-none-eabi/lib/thumb/v7e-m+fp/hard/libm.a(lib_a-k_sin.o)
                0x000000000002f948                __kernel_sin
 .text.fabs     0x000000000002fac4       0x14 /Users/zuba1/Library/gcc-arm-none-eabi-9-2019-q4-major/bin/../lib/gcc/arm-none-eabi/9.2.1/../../../../arm-none-eabi/lib/thumb/v7e-m+fp/hard/libm.a(lib_a-s_fabs.o)
                0x000000000002fac4                fabs
 .text.floor    0x000000000002fad8      0x108 /Users/zuba1/Library/gcc-arm-none-eabi-9-2019-q4-major/bin/../lib/gcc/arm-none-eabi/9.2.1/../../../../arm-none-eabi/lib/thumb/v7e-m+fp/hard/libm.a(lib_a-s_floor.o)
                0x000000000002fad8                floor
 .text.scalbn   0x000000000002fbe0      0x124 /Users/zuba1/Library/gcc-arm-none-eabi-9-2019-q4-major/bin/../lib/gcc/arm-none-eabi/9.2.1/../../../../arm-none-eabi/lib/thumb/v7e-m+fp/hard/libm.a(lib_a-s_scalbn.o)
                0x000000000002fbe0                scalbn
 .text          0x000000000002fd04      0x378 /Users/zuba1/Library/gcc-arm-none-eabi-9-2019-q4-major/bin/../lib/gcc/arm-none-eabi/9.2.1/thumb/v7e-m+fp/hard/libgcc.a(_arm_addsubdf3.o)
                0x000000000002fd04                __aeabi_drsub
                0x000000000002fd0c                __subdf3
                0x000000000002fd0c                __aeabi_dsub
                0x000000000002fd10                __aeabi_dadd
                0x000000000002fd10                __adddf3
                0x000000000002ff88                __aeabi_ui2d
                0x000000000002ff88                __floatunsidf
                0x000000000002ffa8                __floatsidf
                0x000000000002ffa8                __aeabi_i2d
                0x000000000002ffcc                __extendsfdf2
                0x000000000002ffcc                __aeabi_f2d
                0x0000000000030010                __aeabi_ul2d
                0x0000000000030010                __floatundidf
                0x0000000000030020                __aeabi_l2d
                0x0000000000030020                __floatdidf
 .text          0x000000000003007c      0x424 /Users/zuba1/Library/gcc-arm-none-eabi-9-2019-q4-major/bin/../lib/gcc/arm-none-eabi/9.2.1/thumb/v7e-m+fp/hard/libgcc.a(_arm_muldivdf3.o)
                0x000000000003007c                __aeabi_dmul
                0x000000000003007c                __muldf3
                0x00000000000302d0                __aeabi_ddiv
                0x00000000000302d0                __divdf3
 .text          0x00000000000304a0      0x110 /Users/zuba1/Library/gcc-arm-none-eabi-9-2019-q4-major/bin/../lib/gcc/arm-none-eabi/9.2.1/thumb/v7e-m+fp/hard/libgcc.a(_arm_cmpdf2.o)
                0x00000000000304a0                __gedf2
                0x00000000000304a0                __gtdf2
                0x00000000000304a8                __ledf2
                0x00000000000304a8                __ltdf2
                0x00000000000304b0                __cmpdf2
                0x00000000000304b0                __eqdf2
                0x00000000000304b0                __nedf2
                0x000000000003052c                __aeabi_cdrcmple
                0x000000000003053c                __aeabi_cdcmple
                0x000000000003053c                __aeabi_cdcmpeq
                0x000000000003054c                __aeabi_dcmpeq
                0x0000000000030560                __aeabi_dcmplt
                0x0000000000030574                __aeabi_dcmple
                0x0000000000030588                __aeabi_dcmpge
                0x000000000003059c                __aeabi_dcmpgt
 .text          0x00000000000305b0       0x50 /Users/zuba1/Library/gcc-arm-none-eabi-9-2019-q4-major/bin/../lib/gcc/arm-none-eabi/9.2.1/thumb/v7e-m+fp/hard/libgcc.a(_arm_fixdfsi.o)
                0x00000000000305b0                __fixdfsi
                0x00000000000305b0                __aeabi_d2iz
 .text          0x0000000000030600       0xa0 /Users/zuba1/Library/gcc-arm-none-eabi-9-2019-q4-major/bin/../lib/gcc/arm-none-eabi/9.2.1/thumb/v7e-m+fp/hard/libgcc.a(_arm_truncdfsf2.o)
                0x0000000000030600                __aeabi_d2f
                0x0000000000030600                __truncdfsf2
 *(.init)
 .init          0x00000000000306a0        0x4 /Users/zuba1/Library/gcc-arm-none-eabi-9-2019-q4-major/bin/../lib/gcc/arm-none-eabi/9.2.1/thumb/v7e-m+fp/hard/crti.o
                0x00000000000306a0                _init
 .init          0x00000000000306a4        0x8 /Users/zuba1/Library/gcc-arm-none-eabi-9-2019-q4-major/bin/../lib/gcc/arm-none-eabi/9.2.1/thumb/v7e-m+fp/hard/crtn.o
 *(.fini)
 .fini          0x00000000000306ac        0x4 /Users/zuba1/Library/gcc-arm-none-eabi-9-2019-q4-major/bin/../lib/gcc/arm-none-eabi/9.2.1/thumb/v7e-m+fp/hard/crti.o
                0x00000000000306ac                _fini
 .fini          0x00000000000306b0        0x8 /Users/zuba1/Library/gcc-arm-none-eabi-9-2019-q4-major/bin/../lib/gcc/arm-none-eabi/9.2.1/thumb/v7e-m+fp/hard/crtn.o
 *crtbegin.o(.ctors)
 *crtbegin?.o(.ctors)
 *(EXCLUDE_FILE(*crtend.o *crtend?.o) .ctors)
 *(SORT_BY_NAME(.ctors.*))
 *(.ctors)
 *crtbegin.o(.dtors)
 *crtbegin?.o(.dtors)
 *(EXCLUDE_FILE(*crtend.o *crtend?.o) .dtors)
 *(SORT_BY_NAME(.dtors.*))
 *(.dtors)
 *(.rodata*)
 *fill*         0x00000000000306b8        0x8 
 .rodata.delay_bytecode.9079
                0x00000000000306c0        0x6 _build/nrf52832_xxaa/nrf_log_backend_rtt.c.o
 *fill*         0x00000000000306c6        0x2 
 .rodata.nrf_log_backend_rtt_api
                0x00000000000306c8        0xc _build/nrf52832_xxaa/nrf_log_backend_rtt.c.o
                0x00000000000306c8                nrf_log_backend_rtt_api
 .rodata.nrf_log_frontend_dequeue.str1.4
                0x00000000000306d4       0x11 _build/nrf52832_xxaa/nrf_log_frontend.c.o
 *fill*         0x00000000000306e5        0x3 
 .rodata.str1.4
                0x00000000000306e8       0x17 _build/nrf52832_xxaa/nrf_log_frontend.c.o
 *fill*         0x00000000000306ff        0x1 
 .rodata.prefix_process.str1.4
                0x0000000000030700       0x36 _build/nrf52832_xxaa/nrf_log_str_formatter.c.o
 *fill*         0x0000000000030736        0x2 
 .rodata.nrf_log_std_entry_process.str1.4
                0x0000000000030738        0x3 _build/nrf52832_xxaa/nrf_log_str_formatter.c.o
 *fill*         0x000000000003073b        0x1 
 .rodata.nrf_log_hexdump_entry_process.str1.4
                0x000000000003073c       0x13 _build/nrf52832_xxaa/nrf_log_str_formatter.c.o
                                         0x16 (size before relaxing)
 *fill*         0x000000000003074f        0x1 
 .rodata.str1.4
                0x0000000000030750       0x56 _build/nrf52832_xxaa/nrf_log_str_formatter.c.o
 *fill*         0x00000000000307a6        0x2 
 .rodata.m_colors
                0x00000000000307a8       0x24 _build/nrf52832_xxaa/nrf_log_str_formatter.c.o
 .rodata.severity_names
                0x00000000000307cc       0x14 _build/nrf52832_xxaa/nrf_log_str_formatter.c.o
 .rodata.str1.4
                0x00000000000307e0        0x4 _build/nrf52832_xxaa/nrfx_wdt.c.o
 .rodata.str1.4
                0x00000000000307e4        0x4 _build/nrf52832_xxaa/nrfx_ppi.c.o
 .rodata.str1.4
                0x00000000000307e8        0x6 _build/nrf52832_xxaa/nrfx_saadc.c.o
 *fill*         0x00000000000307ee        0x2 
 .rodata.app_error_fault_handler.str1.4
                0x00000000000307f0       0x19 _build/nrf52832_xxaa/app_error_weak.c.o
 *fill*         0x0000000000030809        0x7 
 .rodata.delay_bytecode.8808
                0x0000000000030810        0x6 _build/nrf52832_xxaa/app_timer.c.o
 *fill*         0x0000000000030816        0x2 
 .rodata._aV2C.7510
                0x0000000000030818       0x10 _build/nrf52832_xxaa/nrf_fprintf_format.c.o
 .rodata.str1.4
                0x0000000000030828        0x9 _build/nrf52832_xxaa/nrf_pwr_mgmt.c.o
 *fill*         0x0000000000030831        0x3 
 .rodata.pwr_mgmt_data
                0x0000000000030834        0xc _build/nrf52832_xxaa/nrf_pwr_mgmt.c.o
 .rodata.str1.4
                0x0000000000030840      0x3e9 _build/nrf52832_xxaa/nrf_strerror.c.o
 *fill*         0x0000000000030c29        0x3 
 .rodata.m_unknown_str
                0x0000000000030c2c       0x13 _build/nrf52832_xxaa/nrf_strerror.c.o
 *fill*         0x0000000000030c3f        0x1 
 .rodata.nrf_strerror_array
                0x0000000000030c40      0x128 _build/nrf52832_xxaa/nrf_strerror.c.o
 .rodata.str1.4
                0x0000000000030d68        0x6 _build/nrf52832_xxaa/nrf_drv_clock.c.o
 *fill*         0x0000000000030d6e        0x2 
 .rodata.str1.4
                0x0000000000030d70        0x6 _build/nrf52832_xxaa/nrfx_clock.c.o
 *fill*         0x0000000000030d76        0x2 
 .rodata.str1.4
                0x0000000000030d78        0x7 _build/nrf52832_xxaa/nrfx_gpiote.c.o
 *fill*         0x0000000000030d7f        0x1 
 .rodata.str1.4
                0x0000000000030d80        0x4 _build/nrf52832_xxaa/nrfx_prs.c.o
 .rodata.str1.4
                0x0000000000030d84        0x5 _build/nrf52832_xxaa/nrfx_uart.c.o
 *fill*         0x0000000000030d89        0x3 
 .rodata.str1.4
                0x0000000000030d8c        0x6 _build/nrf52832_xxaa/nrfx_uarte.c.o
 *fill*         0x0000000000030d92        0x2 
 .rodata.app_ble_config.str1.4
                0x0000000000030d94       0x3a _build/nrf52832_xxaa/main.c.o
 *fill*         0x0000000000030dce        0x2 
 .rodata.app_ble_treminal.str1.4
                0x0000000000030dd0        0xf _build/nrf52832_xxaa/main.c.o
 *fill*         0x0000000000030ddf        0x1 
 .rodata.app_ble_live.str1.4
                0x0000000000030de0        0xc _build/nrf52832_xxaa/main.c.o
 .rodata.app_sys_info.str1.4
                0x0000000000030dec       0x27 _build/nrf52832_xxaa/main.c.o
 *fill*         0x0000000000030e13        0x1 
 .rodata.app_ir_sumoremote.str1.4
                0x0000000000030e14       0x5a _build/nrf52832_xxaa/main.c.o
 *fill*         0x0000000000030e6e        0x2 
 .rodata.app_ir_RC5.str1.4
                0x0000000000030e70       0x20 _build/nrf52832_xxaa/main.c.o
                                         0x24 (size before relaxing)
 .rodata.app_ir_config.str1.4
                0x0000000000030e90        0xa _build/nrf52832_xxaa/main.c.o
 *fill*         0x0000000000030e9a        0x2 
 .rodata.main.str1.4
                0x0000000000030e9c       0x5f _build/nrf52832_xxaa/main.c.o
 *fill*         0x0000000000030efb        0x5 
 .rodata.delay_bytecode.9334
                0x0000000000030f00        0x6 _build/nrf52832_xxaa/main.c.o
 *fill*         0x0000000000030f06        0xa 
 .rodata.delay_bytecode.9415
                0x0000000000030f10        0x6 _build/nrf52832_xxaa/oled.c.o
 *fill*         0x0000000000030f16        0x2 
 .rodata.font   0x0000000000030f18      0x4fb _build/nrf52832_xxaa/ssd1306.c.o
 *fill*         0x0000000000031413        0x1 
 .rodata.postmask.10083
                0x0000000000031414        0x8 _build/nrf52832_xxaa/ssd1306.c.o
 .rodata.premask.10072
                0x000000000003141c        0x8 _build/nrf52832_xxaa/ssd1306.c.o
 .rodata.ble_evt_handler.str1.4
                0x0000000000031424       0x72 _build/nrf52832_xxaa/ble_app.c.o
 *fill*         0x0000000000031496        0x2 
 .rodata.gatt_evt_handler.str1.4
                0x0000000000031498       0x44 _build/nrf52832_xxaa/ble_app.c.o
 .rodata.ble_nus_c_evt_handler.str1.4
                0x00000000000314dc       0x5e _build/nrf52832_xxaa/ble_app.c.o
 *fill*         0x000000000003153a        0x2 
 .rodata.ble_send.str1.4
                0x000000000003153c       0x4a _build/nrf52832_xxaa/ble_app.c.o
 *fill*         0x0000000000031586        0x2 
 .rodata.m_connection_param
                0x0000000000031588        0x8 _build/nrf52832_xxaa/ble_app.c.o
 .rodata.m_nus_uuid
                0x0000000000031590        0x4 _build/nrf52832_xxaa/ble_app.c.o
 .rodata.m_scan_params
                0x0000000000031594        0xe _build/nrf52832_xxaa/ble_app.c.o
 *fill*         0x00000000000315a2        0x2 
 .rodata        0x00000000000315a4        0xc _build/nrf52832_xxaa/hardware.c.o
 .rodata.led_timer
                0x00000000000315b0        0x4 _build/nrf52832_xxaa/hardware.c.o
 .rodata.systime_timer
                0x00000000000315b4        0x4 _build/nrf52832_xxaa/hardware.c.o
 .rodata.SEGGER_RTT_ReadNoLock.str1.4
                0x00000000000315b8       0x17 _build/nrf52832_xxaa/SEGGER_RTT.c.o
 *fill*         0x00000000000315cf        0x1 
 .rodata.str1.4
                0x00000000000315d0        0xc _build/nrf52832_xxaa/ble_db_discovery.c.o
 .rodata.data_length_update.constprop.0.str1.4
                0x00000000000315dc       0xe2 _build/nrf52832_xxaa/nrf_ble_gatt.c.o
 *fill*         0x00000000000316be        0x2 
 .rodata.nrf_ble_gatt_on_ble_evt.str1.4
                0x00000000000316c0       0x63 _build/nrf52832_xxaa/nrf_ble_gatt.c.o
 *fill*         0x0000000000031723        0x1 
 .rodata.str1.4
                0x0000000000031724        0xd _build/nrf52832_xxaa/nrf_ble_gatt.c.o
 *fill*         0x0000000000031731        0x3 
 .rodata.ble_nus_c_string_send.str1.4
                0x0000000000031734       0x2f _build/nrf52832_xxaa/ble_nus_c.c.o
 *fill*         0x0000000000031763        0x1 
 .rodata.str1.4
                0x0000000000031764        0x8 _build/nrf52832_xxaa/ble_nus_c.c.o
 .rodata        0x000000000003176c       0x10 _build/nrf52832_xxaa/ble_nus_c.c.o
 .rodata.str1.4
                0x000000000003177c        0x8 _build/nrf52832_xxaa/nrf_sdh.c.o
 .rodata        0x0000000000031784        0x4 _build/nrf52832_xxaa/nrf_sdh.c.o
 .rodata.sdh_req_observers
                0x0000000000031788        0xc _build/nrf52832_xxaa/nrf_sdh.c.o
 .rodata.sdh_stack_observers
                0x0000000000031794        0xc _build/nrf52832_xxaa/nrf_sdh.c.o
 .rodata.sdh_state_observers
                0x00000000000317a0        0xc _build/nrf52832_xxaa/nrf_sdh.c.o
 .rodata.nrf_sdh_ble_default_cfg_set.str1.4
                0x00000000000317ac      0x1cf _build/nrf52832_xxaa/nrf_sdh_ble.c.o
 *fill*         0x000000000003197b        0x1 
 .rodata.nrf_sdh_ble_enable.str1.4
                0x000000000003197c       0xad _build/nrf52832_xxaa/nrf_sdh_ble.c.o
 *fill*         0x0000000000031a29        0x3 
 .rodata.str1.4
                0x0000000000031a2c        0xc _build/nrf52832_xxaa/nrf_sdh_ble.c.o
 .rodata.sdh_ble_observers
                0x0000000000031a38        0xc _build/nrf52832_xxaa/nrf_sdh_ble.c.o
 .rodata.str1.4
                0x0000000000031a44        0xc _build/nrf52832_xxaa/nrf_sdh_soc.c.o
 .rodata.sdh_soc_observers
                0x0000000000031a50        0xc _build/nrf52832_xxaa/nrf_sdh_soc.c.o
 .rodata._ctype_
                0x0000000000031a5c      0x101 /Users/zuba1/Library/gcc-arm-none-eabi-9-2019-q4-major/bin/../lib/gcc/arm-none-eabi/9.2.1/../../../../arm-none-eabi/lib/thumb/v7e-m+fp/hard/libc_nano.a(lib_a-ctype_.o)
                0x0000000000031a5c                _ctype_
 *fill*         0x0000000000031b5d        0x3 
 .rodata._global_impure_ptr
                0x0000000000031b60        0x4 /Users/zuba1/Library/gcc-arm-none-eabi-9-2019-q4-major/bin/../lib/gcc/arm-none-eabi/9.2.1/../../../../arm-none-eabi/lib/thumb/v7e-m+fp/hard/libc_nano.a(lib_a-impure.o)
                0x0000000000031b60                _global_impure_ptr
 .rodata._svfprintf_r.str1.1
                0x0000000000031b64       0x11 /Users/zuba1/Library/gcc-arm-none-eabi-9-2019-q4-major/bin/../lib/gcc/arm-none-eabi/9.2.1/../../../../arm-none-eabi/lib/thumb/v7e-m+fp/hard/libc_nano.a(lib_a-nano-svfprintf.o)
 .rodata._printf_i.str1.1
                0x0000000000031b75       0x22 /Users/zuba1/Library/gcc-arm-none-eabi-9-2019-q4-major/bin/../lib/gcc/arm-none-eabi/9.2.1/../../../../arm-none-eabi/lib/thumb/v7e-m+fp/hard/libc_nano.a(lib_a-nano-vfprintf_i.o)
 *fill*         0x0000000000031b97        0x1 
 .rodata.npio2_hw
                0x0000000000031b98       0x80 /Users/zuba1/Library/gcc-arm-none-eabi-9-2019-q4-major/bin/../lib/gcc/arm-none-eabi/9.2.1/../../../../arm-none-eabi/lib/thumb/v7e-m+fp/hard/libm.a(lib_a-e_rem_pio2.o)
 .rodata.two_over_pi
                0x0000000000031c18      0x108 /Users/zuba1/Library/gcc-arm-none-eabi-9-2019-q4-major/bin/../lib/gcc/arm-none-eabi/9.2.1/../../../../arm-none-eabi/lib/thumb/v7e-m+fp/hard/libm.a(lib_a-e_rem_pio2.o)
 .rodata.PIo2   0x0000000000031d20       0x40 /Users/zuba1/Library/gcc-arm-none-eabi-9-2019-q4-major/bin/../lib/gcc/arm-none-eabi/9.2.1/../../../../arm-none-eabi/lib/thumb/v7e-m+fp/hard/libm.a(lib_a-k_rem_pio2.o)
 .rodata.init_jk
                0x0000000000031d60       0x10 /Users/zuba1/Library/gcc-arm-none-eabi-9-2019-q4-major/bin/../lib/gcc/arm-none-eabi/9.2.1/../../../../arm-none-eabi/lib/thumb/v7e-m+fp/hard/libm.a(lib_a-k_rem_pio2.o)
 *(.eh_frame*)
 .eh_frame      0x0000000000031d70        0x0 /Users/zuba1/Library/gcc-arm-none-eabi-9-2019-q4-major/bin/../lib/gcc/arm-none-eabi/9.2.1/thumb/v7e-m+fp/hard/crtbegin.o
 .eh_frame      0x0000000000031d70        0x4 /Users/zuba1/Library/gcc-arm-none-eabi-9-2019-q4-major/bin/../lib/gcc/arm-none-eabi/9.2.1/thumb/v7e-m+fp/hard/crtend.o

.glue_7         0x0000000000031d74        0x0
 .glue_7        0x0000000000031d74        0x0 linker stubs

.glue_7t        0x0000000000031d74        0x0
 .glue_7t       0x0000000000031d74        0x0 linker stubs

.vfp11_veneer   0x0000000000031d74        0x0
 .vfp11_veneer  0x0000000000031d74        0x0 linker stubs

.v4_bx          0x0000000000031d74        0x0
 .v4_bx         0x0000000000031d74        0x0 linker stubs

.iplt           0x0000000000031d74        0x0
 .iplt          0x0000000000031d74        0x0 /Users/zuba1/Library/gcc-arm-none-eabi-9-2019-q4-major/bin/../lib/gcc/arm-none-eabi/9.2.1/thumb/v7e-m+fp/hard/crtbegin.o

.mem_section_dummy_rom

.sdh_soc_observers
                0x0000000000031d74        0x8
                0x0000000000031d74                PROVIDE (__start_sdh_soc_observers = .)
 *(SORT_BY_NAME(.sdh_soc_observers*))
 .sdh_soc_observers0
                0x0000000000031d74        0x8 _build/nrf52832_xxaa/nrf_drv_clock.c.o
                0x0000000000031d7c                PROVIDE (__stop_sdh_soc_observers = .)

.pwr_mgmt_data  0x0000000000031d7c        0x4
                0x0000000000031d7c                PROVIDE (__start_pwr_mgmt_data = .)
 *(SORT_BY_NAME(.pwr_mgmt_data*))
 .pwr_mgmt_data1
                0x0000000000031d7c        0x4 _build/nrf52832_xxaa/ble_app.c.o
                0x0000000000031d80                PROVIDE (__stop_pwr_mgmt_data = .)

.log_const_data
                0x0000000000031d80       0x90
                0x0000000000031d80                PROVIDE (__start_log_const_data = .)
 *(SORT_BY_NAME(.log_const_data*))
 .log_const_data_CLOCK
                0x0000000000031d80        0x8 _build/nrf52832_xxaa/nrfx_clock.c.o
                0x0000000000031d80                m_nrf_log_CLOCK_logs_data_const
 .log_const_data_GPIOTE
                0x0000000000031d88        0x8 _build/nrf52832_xxaa/nrfx_gpiote.c.o
                0x0000000000031d88                m_nrf_log_GPIOTE_logs_data_const
 .log_const_data_PPI
                0x0000000000031d90        0x8 _build/nrf52832_xxaa/nrfx_ppi.c.o
                0x0000000000031d90                m_nrf_log_PPI_logs_data_const
 .log_const_data_PRS
                0x0000000000031d98        0x8 _build/nrf52832_xxaa/nrfx_prs.c.o
                0x0000000000031d98                m_nrf_log_PRS_logs_data_const
 .log_const_data_SAADC
                0x0000000000031da0        0x8 _build/nrf52832_xxaa/nrfx_saadc.c.o
                0x0000000000031da0                m_nrf_log_SAADC_logs_data_const
 .log_const_data_UART
                0x0000000000031da8        0x8 _build/nrf52832_xxaa/nrfx_uart.c.o
                0x0000000000031da8                m_nrf_log_UART_logs_data_const
 .log_const_data_UARTE
                0x0000000000031db0        0x8 _build/nrf52832_xxaa/nrfx_uarte.c.o
                0x0000000000031db0                m_nrf_log_UARTE_logs_data_const
 .log_const_data_WDT
                0x0000000000031db8        0x8 _build/nrf52832_xxaa/nrfx_wdt.c.o
                0x0000000000031db8                m_nrf_log_WDT_logs_data_const
 .log_const_data_app
                0x0000000000031dc0        0x8 _build/nrf52832_xxaa/nrf_log_frontend.c.o
                0x0000000000031dc0                m_nrf_log_app_logs_data_const
 .log_const_data_balloc_log_mempool
                0x0000000000031dc8        0x8 _build/nrf52832_xxaa/nrf_log_frontend.c.o
                0x0000000000031dc8                m_nrf_log_balloc_log_mempool_logs_data_const
 .log_const_data_ble_db_disc
                0x0000000000031dd0        0x8 _build/nrf52832_xxaa/ble_db_discovery.c.o
                0x0000000000031dd0                m_nrf_log_ble_db_disc_logs_data_const
 .log_const_data_ble_nus
                0x0000000000031dd8        0x8 _build/nrf52832_xxaa/ble_nus_c.c.o
                0x0000000000031dd8                m_nrf_log_ble_nus_logs_data_const
 .log_const_data_clock
                0x0000000000031de0        0x8 _build/nrf52832_xxaa/nrf_drv_clock.c.o
                0x0000000000031de0                m_nrf_log_clock_logs_data_const
 .log_const_data_nrf_ble_gatt
                0x0000000000031de8        0x8 _build/nrf52832_xxaa/nrf_ble_gatt.c.o
                0x0000000000031de8                m_nrf_log_nrf_ble_gatt_logs_data_const
 .log_const_data_nrf_sdh
                0x0000000000031df0        0x8 _build/nrf52832_xxaa/nrf_sdh.c.o
                0x0000000000031df0                m_nrf_log_nrf_sdh_logs_data_const
 .log_const_data_nrf_sdh_ble
                0x0000000000031df8        0x8 _build/nrf52832_xxaa/nrf_sdh_ble.c.o
                0x0000000000031df8                m_nrf_log_nrf_sdh_ble_logs_data_const
 .log_const_data_nrf_sdh_soc
                0x0000000000031e00        0x8 _build/nrf52832_xxaa/nrf_sdh_soc.c.o
                0x0000000000031e00                m_nrf_log_nrf_sdh_soc_logs_data_const
 .log_const_data_pwr_mgmt
                0x0000000000031e08        0x8 _build/nrf52832_xxaa/nrf_pwr_mgmt.c.o
                0x0000000000031e08                m_nrf_log_pwr_mgmt_logs_data_const
                0x0000000000031e10                PROVIDE (__stop_log_const_data = .)

.nrf_balloc     0x0000000000031e10       0x18
                [!provide]                        PROVIDE (__start_nrf_balloc = .)
 *(.nrf_balloc)
 .nrf_balloc    0x0000000000031e10       0x18 _build/nrf52832_xxaa/nrf_log_frontend.c.o
                0x0000000000031e10                log_mempool
                [!provide]                        PROVIDE (__stop_nrf_balloc = .)

.sdh_state_observers
                0x0000000000031e28        0x8
                0x0000000000031e28                PROVIDE (__start_sdh_state_observers = .)
 *(SORT_BY_NAME(.sdh_state_observers*))
 .sdh_state_observers0
                0x0000000000031e28        0x8 _build/nrf52832_xxaa/nrf_drv_clock.c.o
                0x0000000000031e30                PROVIDE (__stop_sdh_state_observers = .)

.sdh_stack_observers
                0x0000000000031e30       0x10
                0x0000000000031e30                PROVIDE (__start_sdh_stack_observers = .)
 *(SORT_BY_NAME(.sdh_stack_observers*))
 .sdh_stack_observers0
                0x0000000000031e30        0x8 _build/nrf52832_xxaa/nrf_sdh_ble.c.o
 .sdh_stack_observers0
                0x0000000000031e38        0x8 _build/nrf52832_xxaa/nrf_sdh_soc.c.o
                0x0000000000031e40                PROVIDE (__stop_sdh_stack_observers = .)

.sdh_req_observers
                0x0000000000031e40        0x0
                0x0000000000031e40                PROVIDE (__start_sdh_req_observers = .)
 *(SORT_BY_NAME(.sdh_req_observers*))
                0x0000000000031e40                PROVIDE (__stop_sdh_req_observers = .)

.nrf_queue      0x0000000000031e40        0x0
                [!provide]                        PROVIDE (__start_nrf_queue = .)
 *(.nrf_queue)
                [!provide]                        PROVIDE (__stop_nrf_queue = .)

.cli_command    0x0000000000031e40        0x0
                [!provide]                        PROVIDE (__start_cli_command = .)
 *(.cli_command)
                [!provide]                        PROVIDE (__stop_cli_command = .)

.crypto_data    0x0000000000031e40        0x0
                [!provide]                        PROVIDE (__start_crypto_data = .)
 *(SORT_BY_NAME(.crypto_data*))
                [!provide]                        PROVIDE (__stop_crypto_data = .)

.sdh_ble_observers
                0x0000000000031e40       0x20
                0x0000000000031e40                PROVIDE (__start_sdh_ble_observers = .)
 *(SORT_BY_NAME(.sdh_ble_observers*))
 .sdh_ble_observers1
                0x0000000000031e40       0x10 _build/nrf52832_xxaa/ble_app.c.o
 .sdh_ble_observers2
                0x0000000000031e50        0x8 _build/nrf52832_xxaa/ble_app.c.o
 .sdh_ble_observers3
                0x0000000000031e58        0x8 _build/nrf52832_xxaa/ble_app.c.o
                0x0000000000031e60                PROVIDE (__stop_sdh_ble_observers = .)

.ARM.extab
 *(.ARM.extab* .gnu.linkonce.armextab.*)
                0x0000000000031e60                __exidx_start = .

.ARM.exidx      0x0000000000031e60        0x8
 *(.ARM.exidx* .gnu.linkonce.armexidx.*)
 .ARM.exidx     0x0000000000031e60        0x8 /Users/zuba1/Library/gcc-arm-none-eabi-9-2019-q4-major/bin/../lib/gcc/arm-none-eabi/9.2.1/../../../../arm-none-eabi/lib/thumb/v7e-m+fp/hard/crt0.o
                0x0000000000031e68                __exidx_end = .
                0x0000000000031e68                __etext = .

.rel.dyn        0x0000000000031e68        0x0
 .rel.iplt      0x0000000000031e68        0x0 /Users/zuba1/Library/gcc-arm-none-eabi-9-2019-q4-major/bin/../lib/gcc/arm-none-eabi/9.2.1/thumb/v7e-m+fp/hard/crtbegin.o

.data           0x00000000200029e0      0x358 load address 0x0000000000031e68
                0x00000000200029e0                __data_start__ = .
 *(vtable)
 *(.data*)
 .data.rtt_log_backend
                0x00000000200029e0        0xc _build/nrf52832_xxaa/nrf_log_default_backends.c.o
 .data.SystemCoreClock
                0x00000000200029ec        0x4 _build/nrf52832_xxaa/system_nrf52.c.o
                0x00000000200029ec                SystemCoreClock
 .data.ringID.10006
                0x00000000200029f0        0x1 _build/nrf52832_xxaa/main.c.o
 *fill*         0x00000000200029f1        0x3 
 .data.m_db_disc
                0x00000000200029f4      0x2cc _build/nrf52832_xxaa/ble_app.c.o
 .data.m_scan_buffer
                0x0000000020002cc0        0x8 _build/nrf52832_xxaa/ble_app.c.o
 .data._battery_voltage
                0x0000000020002cc8        0x4 _build/nrf52832_xxaa/adc.c.o
                0x0000000020002cc8                _battery_voltage
 .data._impure_ptr
                0x0000000020002ccc        0x4 /Users/zuba1/Library/gcc-arm-none-eabi-9-2019-q4-major/bin/../lib/gcc/arm-none-eabi/9.2.1/../../../../arm-none-eabi/lib/thumb/v7e-m+fp/hard/libc_nano.a(lib_a-impure.o)
                0x0000000020002ccc                _impure_ptr
 .data.impure_data
                0x0000000020002cd0       0x60 /Users/zuba1/Library/gcc-arm-none-eabi-9-2019-q4-major/bin/../lib/gcc/arm-none-eabi/9.2.1/../../../../arm-none-eabi/lib/thumb/v7e-m+fp/hard/libc_nano.a(lib_a-impure.o)
                0x0000000020002d30                . = ALIGN (0x4)
                0x0000000020002d30                PROVIDE (__preinit_array_start = .)
 *(.preinit_array)
                0x0000000020002d30                PROVIDE (__preinit_array_end = .)
                0x0000000020002d30                . = ALIGN (0x4)
                0x0000000020002d30                PROVIDE (__init_array_start = .)
 *(SORT_BY_NAME(.init_array.*))
 *(.init_array)
 .init_array    0x0000000020002d30        0x4 /Users/zuba1/Library/gcc-arm-none-eabi-9-2019-q4-major/bin/../lib/gcc/arm-none-eabi/9.2.1/thumb/v7e-m+fp/hard/crtbegin.o
                0x0000000020002d34                PROVIDE (__init_array_end = .)
                0x0000000020002d34                . = ALIGN (0x4)
                [!provide]                        PROVIDE (__fini_array_start = .)
 *(SORT_BY_NAME(.fini_array.*))
 *(.fini_array)
 .fini_array    0x0000000020002d34        0x4 /Users/zuba1/Library/gcc-arm-none-eabi-9-2019-q4-major/bin/../lib/gcc/arm-none-eabi/9.2.1/thumb/v7e-m+fp/hard/crtbegin.o
                [!provide]                        PROVIDE (__fini_array_end = .)
 *(.jcr*)
                0x0000000020002d38                . = ALIGN (0x4)
                0x0000000020002d38                __data_end__ = .
LOAD /Users/zuba1/Library/gcc-arm-none-eabi-9-2019-q4-major/bin/../lib/gcc/arm-none-eabi/9.2.1/thumb/v7e-m+fp/hard/crti.o
LOAD /Users/zuba1/Library/gcc-arm-none-eabi-9-2019-q4-major/bin/../lib/gcc/arm-none-eabi/9.2.1/thumb/v7e-m+fp/hard/crtbegin.o
LOAD /Users/zuba1/Library/gcc-arm-none-eabi-9-2019-q4-major/bin/../lib/gcc/arm-none-eabi/9.2.1/../../../../arm-none-eabi/lib/thumb/v7e-m+fp/hard/crt0.o
LOAD _build/nrf52832_xxaa/gcc_startup_nrf52.S.o
LOAD _build/nrf52832_xxaa/nrf_log_backend_rtt.c.o
LOAD _build/nrf52832_xxaa/nrf_log_backend_serial.c.o
LOAD _build/nrf52832_xxaa/nrf_log_default_backends.c.o
LOAD _build/nrf52832_xxaa/nrf_log_frontend.c.o
LOAD _build/nrf52832_xxaa/nrf_log_str_formatter.c.o
LOAD _build/nrf52832_xxaa/app_button.c.o
LOAD _build/nrf52832_xxaa/nrfx_wdt.c.o
LOAD _build/nrf52832_xxaa/nrfx_ppi.c.o
LOAD _build/nrf52832_xxaa/nrfx_saadc.c.o
LOAD _build/nrf52832_xxaa/app_error.c.o
LOAD _build/nrf52832_xxaa/app_error_handler_gcc.c.o
LOAD _build/nrf52832_xxaa/app_error_weak.c.o
LOAD _build/nrf52832_xxaa/app_fifo.c.o
LOAD _build/nrf52832_xxaa/app_scheduler.c.o
LOAD _build/nrf52832_xxaa/app_timer.c.o
LOAD _build/nrf52832_xxaa/app_uart_fifo.c.o
LOAD _build/nrf52832_xxaa/app_util_platform.c.o
LOAD _build/nrf52832_xxaa/hardfault_implementation.c.o
LOAD _build/nrf52832_xxaa/nrf_assert.c.o
LOAD _build/nrf52832_xxaa/nrf_atfifo.c.o
LOAD _build/nrf52832_xxaa/nrf_atomic.c.o
LOAD _build/nrf52832_xxaa/nrf_balloc.c.o
LOAD _build/nrf52832_xxaa/nrf_fprintf.c.o
LOAD _build/nrf52832_xxaa/nrf_fprintf_format.c.o
LOAD _build/nrf52832_xxaa/nrf_memobj.c.o
LOAD _build/nrf52832_xxaa/nrf_pwr_mgmt.c.o
LOAD _build/nrf52832_xxaa/nrf_section_iter.c.o
LOAD _build/nrf52832_xxaa/nrf_strerror.c.o
LOAD _build/nrf52832_xxaa/retarget.c.o
LOAD _build/nrf52832_xxaa/system_nrf52.c.o
LOAD _build/nrf52832_xxaa/boards.c.o
LOAD _build/nrf52832_xxaa/nrf_drv_ppi.c.o
LOAD _build/nrf52832_xxaa/nrf_drv_clock.c.o
LOAD _build/nrf52832_xxaa/nrf_drv_uart.c.o
LOAD _build/nrf52832_xxaa/nrfx_clock.c.o
LOAD _build/nrf52832_xxaa/nrfx_gpiote.c.o
LOAD _build/nrf52832_xxaa/nrfx_power_clock.c.o
LOAD _build/nrf52832_xxaa/nrfx_prs.c.o
LOAD _build/nrf52832_xxaa/nrfx_uart.c.o
LOAD _build/nrf52832_xxaa/nrfx_uarte.c.o
LOAD _build/nrf52832_xxaa/main.c.o
LOAD _build/nrf52832_xxaa/i2c.c.o
LOAD _build/nrf52832_xxaa/oled.c.o
LOAD _build/nrf52832_xxaa/ssd1306.c.o
LOAD _build/nrf52832_xxaa/ble_app.c.o
LOAD _build/nrf52832_xxaa/hardware.c.o
LOAD _build/nrf52832_xxaa/adc.c.o
LOAD _build/nrf52832_xxaa/SEGGER_RTT.c.o
LOAD _build/nrf52832_xxaa/SEGGER_RTT_Syscalls_GCC.c.o
LOAD _build/nrf52832_xxaa/SEGGER_RTT_printf.c.o
LOAD _build/nrf52832_xxaa/ble_advdata.c.o
LOAD _build/nrf52832_xxaa/ble_db_discovery.c.o
LOAD _build/nrf52832_xxaa/ble_srv_common.c.o
LOAD _build/nrf52832_xxaa/nrf_ble_gatt.c.o
LOAD _build/nrf52832_xxaa/ble_nus_c.c.o
LOAD _build/nrf52832_xxaa/nrf_sdh.c.o
LOAD _build/nrf52832_xxaa/nrf_sdh_ble.c.o
LOAD _build/nrf52832_xxaa/nrf_sdh_soc.c.o
LOAD /Users/zuba1/Library/gcc-arm-none-eabi-9-2019-q4-major/bin/../lib/gcc/arm-none-eabi/9.2.1/../../../../arm-none-eabi/lib/thumb/v7e-m+fp/hard/libc_nano.a
LOAD /Users/zuba1/Library/gcc-arm-none-eabi-9-2019-q4-major/bin/../lib/gcc/arm-none-eabi/9.2.1/../../../../arm-none-eabi/lib/thumb/v7e-m+fp/hard/libnosys.a
LOAD /Users/zuba1/Library/gcc-arm-none-eabi-9-2019-q4-major/bin/../lib/gcc/arm-none-eabi/9.2.1/../../../../arm-none-eabi/lib/thumb/v7e-m+fp/hard/libm.a
START GROUP
LOAD /Users/zuba1/Library/gcc-arm-none-eabi-9-2019-q4-major/bin/../lib/gcc/arm-none-eabi/9.2.1/thumb/v7e-m+fp/hard/libgcc.a
LOAD /Users/zuba1/Library/gcc-arm-none-eabi-9-2019-q4-major/bin/../lib/gcc/arm-none-eabi/9.2.1/../../../../arm-none-eabi/lib/thumb/v7e-m+fp/hard/libg_nano.a
LOAD /Users/zuba1/Library/gcc-arm-none-eabi-9-2019-q4-major/bin/../lib/gcc/arm-none-eabi/9.2.1/../../../../arm-none-eabi/lib/thumb/v7e-m+fp/hard/libc_nano.a
END GROUP
START GROUP
LOAD /Users/zuba1/Library/gcc-arm-none-eabi-9-2019-q4-major/bin/../lib/gcc/arm-none-eabi/9.2.1/thumb/v7e-m+fp/hard/libgcc.a
LOAD /Users/zuba1/Library/gcc-arm-none-eabi-9-2019-q4-major/bin/../lib/gcc/arm-none-eabi/9.2.1/../../../../arm-none-eabi/lib/thumb/v7e-m+fp/hard/libc_nano.a
END GROUP
LOAD /Users/zuba1/Library/gcc-arm-none-eabi-9-2019-q4-major/bin/../lib/gcc/arm-none-eabi/9.2.1/thumb/v7e-m+fp/hard/crtend.o
LOAD /Users/zuba1/Library/gcc-arm-none-eabi-9-2019-q4-major/bin/../lib/gcc/arm-none-eabi/9.2.1/thumb/v7e-m+fp/hard/crtn.o
START GROUP
LOAD /Users/zuba1/Library/gcc-arm-none-eabi-9-2019-q4-major/bin/../lib/gcc/arm-none-eabi/9.2.1/thumb/v7e-m+fp/hard/libgcc.a
LOAD /Users/zuba1/Library/gcc-arm-none-eabi-9-2019-q4-major/bin/../lib/gcc/arm-none-eabi/9.2.1/../../../../arm-none-eabi/lib/thumb/v7e-m+fp/hard/libc.a
LOAD /Users/zuba1/Library/gcc-arm-none-eabi-9-2019-q4-major/bin/../lib/gcc/arm-none-eabi/9.2.1/../../../../arm-none-eabi/lib/thumb/v7e-m+fp/hard/libnosys.a
END GROUP

.igot.plt       0x0000000020002d38        0x0 load address 0x00000000000321c0
 .igot.plt      0x0000000020002d38        0x0 /Users/zuba1/Library/gcc-arm-none-eabi-9-2019-q4-major/bin/../lib/gcc/arm-none-eabi/9.2.1/thumb/v7e-m+fp/hard/crtbegin.o
                0x0000000020002d38                . = ALIGN (0x4)

.mem_section_dummy_ram

.log_dynamic_data
                0x0000000020002d38       0x48 load address 0x00000000000321c0
                0x0000000020002d38                PROVIDE (__start_log_dynamic_data = .)
 *(SORT_BY_NAME(.log_dynamic_data*))
 .log_dynamic_data_CLOCK
                0x0000000020002d38        0x4 _build/nrf52832_xxaa/nrfx_clock.c.o
                0x0000000020002d38                m_nrf_log_CLOCK_logs_data_dynamic
 .log_dynamic_data_GPIOTE
                0x0000000020002d3c        0x4 _build/nrf52832_xxaa/nrfx_gpiote.c.o
                0x0000000020002d3c                m_nrf_log_GPIOTE_logs_data_dynamic
 .log_dynamic_data_PPI
                0x0000000020002d40        0x4 _build/nrf52832_xxaa/nrfx_ppi.c.o
                0x0000000020002d40                m_nrf_log_PPI_logs_data_dynamic
 .log_dynamic_data_PRS
                0x0000000020002d44        0x4 _build/nrf52832_xxaa/nrfx_prs.c.o
                0x0000000020002d44                m_nrf_log_PRS_logs_data_dynamic
 .log_dynamic_data_SAADC
                0x0000000020002d48        0x4 _build/nrf52832_xxaa/nrfx_saadc.c.o
                0x0000000020002d48                m_nrf_log_SAADC_logs_data_dynamic
 .log_dynamic_data_UART
                0x0000000020002d4c        0x4 _build/nrf52832_xxaa/nrfx_uart.c.o
                0x0000000020002d4c                m_nrf_log_UART_logs_data_dynamic
 .log_dynamic_data_UARTE
                0x0000000020002d50        0x4 _build/nrf52832_xxaa/nrfx_uarte.c.o
                0x0000000020002d50                m_nrf_log_UARTE_logs_data_dynamic
 .log_dynamic_data_WDT
                0x0000000020002d54        0x4 _build/nrf52832_xxaa/nrfx_wdt.c.o
                0x0000000020002d54                m_nrf_log_WDT_logs_data_dynamic
 .log_dynamic_data_app
                0x0000000020002d58        0x4 _build/nrf52832_xxaa/nrf_log_frontend.c.o
                0x0000000020002d58                m_nrf_log_app_logs_data_dynamic
 .log_dynamic_data_balloc_log_mempool
                0x0000000020002d5c        0x4 _build/nrf52832_xxaa/nrf_log_frontend.c.o
                0x0000000020002d5c                m_nrf_log_balloc_log_mempool_logs_data_dynamic
 .log_dynamic_data_ble_db_disc
                0x0000000020002d60        0x4 _build/nrf52832_xxaa/ble_db_discovery.c.o
                0x0000000020002d60                m_nrf_log_ble_db_disc_logs_data_dynamic
 .log_dynamic_data_ble_nus
                0x0000000020002d64        0x4 _build/nrf52832_xxaa/ble_nus_c.c.o
                0x0000000020002d64                m_nrf_log_ble_nus_logs_data_dynamic
 .log_dynamic_data_clock
                0x0000000020002d68        0x4 _build/nrf52832_xxaa/nrf_drv_clock.c.o
                0x0000000020002d68                m_nrf_log_clock_logs_data_dynamic
 .log_dynamic_data_nrf_ble_gatt
                0x0000000020002d6c        0x4 _build/nrf52832_xxaa/nrf_ble_gatt.c.o
                0x0000000020002d6c                m_nrf_log_nrf_ble_gatt_logs_data_dynamic
 .log_dynamic_data_nrf_sdh
                0x0000000020002d70        0x4 _build/nrf52832_xxaa/nrf_sdh.c.o
                0x0000000020002d70                m_nrf_log_nrf_sdh_logs_data_dynamic
 .log_dynamic_data_nrf_sdh_ble
                0x0000000020002d74        0x4 _build/nrf52832_xxaa/nrf_sdh_ble.c.o
                0x0000000020002d74                m_nrf_log_nrf_sdh_ble_logs_data_dynamic
 .log_dynamic_data_nrf_sdh_soc
                0x0000000020002d78        0x4 _build/nrf52832_xxaa/nrf_sdh_soc.c.o
                0x0000000020002d78                m_nrf_log_nrf_sdh_soc_logs_data_dynamic
 .log_dynamic_data_pwr_mgmt
                0x0000000020002d7c        0x4 _build/nrf52832_xxaa/nrf_pwr_mgmt.c.o
                0x0000000020002d7c                m_nrf_log_pwr_mgmt_logs_data_dynamic
                [!provide]                        PROVIDE (__stop_log_dynamic_data = .)

.cli_sorted_cmd_ptrs
                0x0000000020002d80        0x0
                [!provide]                        PROVIDE (__start_cli_sorted_cmd_ptrs = .)
 *(.cli_sorted_cmd_ptrs)
                [!provide]                        PROVIDE (__stop_cli_sorted_cmd_ptrs = .)

.fs_data        0x0000000020002d80        0x0
                [!provide]                        PROVIDE (__start_fs_data = .)
 *(.fs_data)
                [!provide]                        PROVIDE (__stop_fs_data = .)

.bss            0x0000000020002d80     0x1028 load address 0x0000000000032208
                0x0000000020002d80                . = ALIGN (0x4)
                0x0000000020002d80                __bss_start__ = .
 *(.bss*)
 .bss           0x0000000020002d80       0x1c /Users/zuba1/Library/gcc-arm-none-eabi-9-2019-q4-major/bin/../lib/gcc/arm-none-eabi/9.2.1/thumb/v7e-m+fp/hard/crtbegin.o
 .bss.m_host_present
                0x0000000020002d9c        0x1 _build/nrf52832_xxaa/nrf_log_backend_rtt.c.o
 *fill*         0x0000000020002d9d        0x3 
 .bss.m_string_buff
                0x0000000020002da0       0x40 _build/nrf52832_xxaa/nrf_log_backend_rtt.c.o
 .bss.log_mempool_nrf_balloc_cb
                0x0000000020002de0        0x8 _build/nrf52832_xxaa/nrf_log_frontend.c.o
 .bss.log_mempool_nrf_balloc_pool_mem
                0x0000000020002de8       0xc0 _build/nrf52832_xxaa/nrf_log_frontend.c.o
 .bss.log_mempool_nrf_balloc_pool_stack
                0x0000000020002ea8        0x8 _build/nrf52832_xxaa/nrf_log_frontend.c.o
 .bss.m_log_data
                0x0000000020002eb0      0x424 _build/nrf52832_xxaa/nrf_log_frontend.c.o
 .bss.m_alloc_index
                0x00000000200032d4        0x4 _build/nrf52832_xxaa/nrfx_wdt.c.o
 .bss.m_state   0x00000000200032d8        0x1 _build/nrf52832_xxaa/nrfx_wdt.c.o
 *fill*         0x00000000200032d9        0x3 
 .bss.m_wdt_event_handler
                0x00000000200032dc        0x4 _build/nrf52832_xxaa/nrfx_wdt.c.o
 .bss.m_cb      0x00000000200032e0       0x30 _build/nrf52832_xxaa/nrfx_saadc.c.o
 .bss.m_op_queue
                0x0000000020003310      0x10c _build/nrf52832_xxaa/app_timer.c.o
 .bss.m_rtc1_reset
                0x000000002000341c        0x1 _build/nrf52832_xxaa/app_timer.c.o
 .bss.m_rtc1_running
                0x000000002000341d        0x1 _build/nrf52832_xxaa/app_timer.c.o
 *fill*         0x000000002000341e        0x2 
 .bss.m_ticks_elapsed
                0x0000000020003420        0x8 _build/nrf52832_xxaa/app_timer.c.o
 .bss.m_ticks_elapsed_q_read_ind
                0x0000000020003428        0x1 _build/nrf52832_xxaa/app_timer.c.o
 .bss.m_ticks_elapsed_q_write_ind
                0x0000000020003429        0x1 _build/nrf52832_xxaa/app_timer.c.o
 *fill*         0x000000002000342a        0x2 
 .bss.m_ticks_latest
                0x000000002000342c        0x4 _build/nrf52832_xxaa/app_timer.c.o
 .bss.mp_timer_id_head
                0x0000000020003430        0x4 _build/nrf52832_xxaa/app_timer.c.o
 .bss.m_handlers_iter
                0x0000000020003434        0x8 _build/nrf52832_xxaa/nrf_pwr_mgmt.c.o
 .bss.m_shutdown_started
                0x000000002000343c        0x1 _build/nrf52832_xxaa/nrf_pwr_mgmt.c.o
 *fill*         0x000000002000343d        0x3 
 .bss.m_sysoff_mtx
                0x0000000020003440        0x4 _build/nrf52832_xxaa/nrf_pwr_mgmt.c.o
 .bss.m_clock_cb
                0x0000000020003444       0x14 _build/nrf52832_xxaa/nrf_drv_clock.c.o
 .bss.m_clock_cb
                0x0000000020003458        0x8 _build/nrf52832_xxaa/nrfx_clock.c.o
 .bss.m_cb      0x0000000020003460       0x5c _build/nrf52832_xxaa/nrfx_gpiote.c.o
 .bss.m_prs_box_4
                0x00000000200034bc        0x8 _build/nrf52832_xxaa/nrfx_prs.c.o
 .bss.text      0x00000000200034c4       0x20 _build/nrf52832_xxaa/main.c.o
 .bss._scl      0x00000000200034e4        0x1 _build/nrf52832_xxaa/i2c.c.o
                0x00000000200034e4                _scl
 .bss._sda      0x00000000200034e5        0x1 _build/nrf52832_xxaa/i2c.c.o
                0x00000000200034e5                _sda
 .bss.HEIGHT    0x00000000200034e6        0x2 _build/nrf52832_xxaa/ssd1306.c.o
 .bss.WIDTH     0x00000000200034e8        0x2 _build/nrf52832_xxaa/ssd1306.c.o
 .bss._height   0x00000000200034ea        0x2 _build/nrf52832_xxaa/ssd1306.c.o
 .bss._oledi2caddr
                0x00000000200034ec        0x1 _build/nrf52832_xxaa/ssd1306.c.o
 .bss._vccstate
                0x00000000200034ed        0x1 _build/nrf52832_xxaa/ssd1306.c.o
 .bss._width    0x00000000200034ee        0x2 _build/nrf52832_xxaa/ssd1306.c.o
 .bss.buffer    0x00000000200034f0      0x200 _build/nrf52832_xxaa/ssd1306.c.o
 .bss.cursor_x  0x00000000200036f0        0x2 _build/nrf52832_xxaa/ssd1306.c.o
 .bss.cursor_y  0x00000000200036f2        0x2 _build/nrf52832_xxaa/ssd1306.c.o
 .bss.oledsda   0x00000000200036f4        0x1 _build/nrf52832_xxaa/ssd1306.c.o
                0x00000000200036f4                oledsda
 .bss.rotation  0x00000000200036f5        0x1 _build/nrf52832_xxaa/ssd1306.c.o
 .bss.textbgcolor
                0x00000000200036f6        0x2 _build/nrf52832_xxaa/ssd1306.c.o
 .bss.textcolor
                0x00000000200036f8        0x2 _build/nrf52832_xxaa/ssd1306.c.o
 .bss.textsize  0x00000000200036fa        0x1 _build/nrf52832_xxaa/ssd1306.c.o
 .bss._blestatemode
                0x00000000200036fb        0x1 _build/nrf52832_xxaa/ble_app.c.o
                0x00000000200036fb                _blestatemode
 .bss._localblebuff
                0x00000000200036fc       0x17 _build/nrf52832_xxaa/ble_app.c.o
 *fill*         0x0000000020003713        0x1 
 .bss.m_ble_nus_c
                0x0000000020003714       0x10 _build/nrf52832_xxaa/ble_app.c.o
 .bss.m_gatt    0x0000000020003724       0x14 _build/nrf52832_xxaa/ble_app.c.o
 .bss.m_scan_buffer_data
                0x0000000020003738       0x1f _build/nrf52832_xxaa/ble_app.c.o
 *fill*         0x0000000020003757        0x1 
 .bss._activitytime
                0x0000000020003758        0x4 _build/nrf52832_xxaa/hardware.c.o
                0x0000000020003758                _activitytime
 .bss._bstate   0x000000002000375c        0x1 _build/nrf52832_xxaa/hardware.c.o
                0x000000002000375c                _bstate
 .bss._cyclestamp.12358
                0x000000002000375d        0x1 _build/nrf52832_xxaa/hardware.c.o
 .bss._lastbstate.12379
                0x000000002000375e        0x1 _build/nrf52832_xxaa/hardware.c.o
 *fill*         0x000000002000375f        0x1 
 .bss._pofswtime.12359
                0x0000000020003760        0x4 _build/nrf52832_xxaa/hardware.c.o
 .bss._systemlocattimems
                0x0000000020003764        0x4 _build/nrf52832_xxaa/hardware.c.o
                0x0000000020003764                _systemlocattimems
 .bss.led_timer_data
                0x0000000020003768       0x20 _build/nrf52832_xxaa/hardware.c.o
 .bss.rebootdevice.12360
                0x0000000020003788        0x1 _build/nrf52832_xxaa/hardware.c.o
 *fill*         0x0000000020003789        0x3 
 .bss.systime_timer_data
                0x000000002000378c       0x20 _build/nrf52832_xxaa/hardware.c.o
 .bss.m_buffer_pool
                0x00000000200037ac        0x4 _build/nrf52832_xxaa/adc.c.o
 .bss._acDownBuffer
                0x00000000200037b0       0x10 _build/nrf52832_xxaa/SEGGER_RTT.c.o
 .bss._acUpBuffer
                0x00000000200037c0      0x200 _build/nrf52832_xxaa/SEGGER_RTT.c.o
 .bss.m_evt_handler
                0x00000000200039c0        0x4 _build/nrf52832_xxaa/ble_db_discovery.c.o
 .bss.m_initialized
                0x00000000200039c4        0x1 _build/nrf52832_xxaa/ble_db_discovery.c.o
 *fill*         0x00000000200039c5        0x3 
 .bss.m_num_of_handlers_reg
                0x00000000200039c8        0x4 _build/nrf52832_xxaa/ble_db_discovery.c.o
 .bss.m_pending_user_evts
                0x00000000200039cc      0x300 _build/nrf52832_xxaa/ble_db_discovery.c.o
 .bss.m_pending_usr_evt_index
                0x0000000020003ccc        0x4 _build/nrf52832_xxaa/ble_db_discovery.c.o
 .bss.m_registered_handlers
                0x0000000020003cd0       0x18 _build/nrf52832_xxaa/ble_db_discovery.c.o
 .bss.m_nrf_sdh_continue
                0x0000000020003ce8        0x1 _build/nrf52832_xxaa/nrf_sdh.c.o
 .bss.m_nrf_sdh_enabled
                0x0000000020003ce9        0x1 _build/nrf52832_xxaa/nrf_sdh.c.o
 .bss.m_nrf_sdh_suspended
                0x0000000020003cea        0x1 _build/nrf52832_xxaa/nrf_sdh.c.o
 .bss.m_stack_is_enabled
                0x0000000020003ceb        0x1 _build/nrf52832_xxaa/nrf_sdh_ble.c.o
 .bss.__malloc_free_list
                0x0000000020003cec        0x4 /Users/zuba1/Library/gcc-arm-none-eabi-9-2019-q4-major/bin/../lib/gcc/arm-none-eabi/9.2.1/../../../../arm-none-eabi/lib/thumb/v7e-m+fp/hard/libc_nano.a(lib_a-nano-mallocr.o)
                0x0000000020003cec                __malloc_free_list
 .bss.__malloc_sbrk_start
                0x0000000020003cf0        0x4 /Users/zuba1/Library/gcc-arm-none-eabi-9-2019-q4-major/bin/../lib/gcc/arm-none-eabi/9.2.1/../../../../arm-none-eabi/lib/thumb/v7e-m+fp/hard/libc_nano.a(lib_a-nano-mallocr.o)
                0x0000000020003cf0                __malloc_sbrk_start
 .bss.heap_end.5507
                0x0000000020003cf4        0x4 /Users/zuba1/Library/gcc-arm-none-eabi-9-2019-q4-major/bin/../lib/gcc/arm-none-eabi/9.2.1/../../../../arm-none-eabi/lib/thumb/v7e-m+fp/hard/libnosys.a(sbrk.o)
 *(COMMON)
 COMMON         0x0000000020003cf8        0xc _build/nrf52832_xxaa/app_util_platform.c.o
                0x0000000020003cf8                nrf_nvic_state
 COMMON         0x0000000020003d04        0x2 _build/nrf52832_xxaa/ssd1306.c.o
                0x0000000020003d04                _cp437
                0x0000000020003d05                wrap
 COMMON         0x0000000020003d06        0x1 _build/nrf52832_xxaa/ble_app.c.o
                0x0000000020003d06                _isnewbledata
 *fill*         0x0000000020003d07        0x1 
 COMMON         0x0000000020003d08       0x15 _build/nrf52832_xxaa/hardware.c.o
                0x0000000020003d08                ledtabgpio
                0x0000000020003d10                ledtabcollor
                0x0000000020003d14                ledtabcycle
                0x0000000020003d1c                m_channel_id
 *fill*         0x0000000020003d1d        0x3 
 COMMON         0x0000000020003d20       0x78 _build/nrf52832_xxaa/SEGGER_RTT.c.o
                0x0000000020003d20                _SEGGER_RTT
 COMMON         0x0000000020003d98        0x4 /Users/zuba1/Library/gcc-arm-none-eabi-9-2019-q4-major/bin/../lib/gcc/arm-none-eabi/9.2.1/../../../../arm-none-eabi/lib/thumb/v7e-m+fp/hard/libc_nano.a(lib_a-reent.o)
                0x0000000020003d98                errno
 COMMON         0x0000000020003d9c        0x9 /Users/zuba1/Library/gcc-arm-none-eabi-9-2019-q4-major/bin/../lib/gcc/arm-none-eabi/9.2.1/../../../../arm-none-eabi/lib/thumb/v7e-m+fp/hard/libc_nano.a(lib_a-lock.o)
                0x0000000020003d9c                __lock___atexit_recursive_mutex
                0x0000000020003d9d                __lock___arc4random_mutex
                0x0000000020003d9e                __lock___env_recursive_mutex
                0x0000000020003d9f                __lock___sinit_recursive_mutex
                0x0000000020003da0                __lock___malloc_recursive_mutex
                0x0000000020003da1                __lock___at_quick_exit_mutex
                0x0000000020003da2                __lock___dd_hash_mutex
                0x0000000020003da3                __lock___tz_mutex
                0x0000000020003da4                __lock___sfp_recursive_mutex
                0x0000000020003da8                . = ALIGN (0x4)
 *fill*         0x0000000020003da5        0x3 
                0x0000000020003da8                __bss_end__ = .

.heap           0x0000000020003da8     0x2000
                0x0000000020003da8                __HeapBase = .
                0x0000000020003da8                __end__ = .
                0x0000000020003da8                PROVIDE (end = .)
 *(.heap*)
 .heap          0x0000000020003da8     0x2000 _build/nrf52832_xxaa/gcc_startup_nrf52.S.o
                0x0000000020005da8                __HeapLimit = .

.stack_dummy    0x0000000020003da8     0x2000
 *(.stack*)
 .stack         0x0000000020003da8     0x2000 _build/nrf52832_xxaa/gcc_startup_nrf52.S.o
                0x0000000020010000                __StackTop = (ORIGIN (RAM) + LENGTH (RAM))
                0x000000002000e000                __StackLimit = (__StackTop - SIZEOF (.stack_dummy))
                0x0000000020010000                PROVIDE (__stack = __StackTop)
                0x0000000000000001                ASSERT ((__StackLimit >= __HeapLimit), region RAM overflowed with stack)
                0x00000000000003a0                DataInitFlashUsed = (__bss_start__ - __data_start__)
                0x000000000000be68                CodeFlashUsed = (__etext - ORIGIN (FLASH))
                0x000000000000c208                TotalFlashUsed = (CodeFlashUsed + DataInitFlashUsed)
                0x0000000000000001                ASSERT ((TotalFlashUsed <= LENGTH (FLASH)), region FLASH overflowed with .data and user data)
OUTPUT(_build/nrf52832_xxaa.out elf32-littlearm)

.ARM.attributes
                0x0000000000000000       0x30
 .ARM.attributes
                0x0000000000000000       0x1e /Users/zuba1/Library/gcc-arm-none-eabi-9-2019-q4-major/bin/../lib/gcc/arm-none-eabi/9.2.1/thumb/v7e-m+fp/hard/crti.o
 .ARM.attributes
                0x000000000000001e       0x34 /Users/zuba1/Library/gcc-arm-none-eabi-9-2019-q4-major/bin/../lib/gcc/arm-none-eabi/9.2.1/thumb/v7e-m+fp/hard/crtbegin.o
 .ARM.attributes
                0x0000000000000052       0x1c /Users/zuba1/Library/gcc-arm-none-eabi-9-2019-q4-major/bin/../lib/gcc/arm-none-eabi/9.2.1/../../../../arm-none-eabi/lib/thumb/v7e-m+fp/hard/crt0.o
 .ARM.attributes
                0x000000000000006e       0x20 _build/nrf52832_xxaa/gcc_startup_nrf52.S.o
 .ARM.attributes
                0x000000000000008e       0x34 _build/nrf52832_xxaa/nrf_log_backend_rtt.c.o
 .ARM.attributes
                0x00000000000000c2       0x34 _build/nrf52832_xxaa/nrf_log_backend_serial.c.o
 .ARM.attributes
                0x00000000000000f6       0x34 _build/nrf52832_xxaa/nrf_log_default_backends.c.o
 .ARM.attributes
                0x000000000000012a       0x34 _build/nrf52832_xxaa/nrf_log_frontend.c.o
 .ARM.attributes
                0x000000000000015e       0x34 _build/nrf52832_xxaa/nrf_log_str_formatter.c.o
 .ARM.attributes
                0x0000000000000192       0x34 _build/nrf52832_xxaa/nrfx_wdt.c.o
 .ARM.attributes
                0x00000000000001c6       0x34 _build/nrf52832_xxaa/nrfx_ppi.c.o
 .ARM.attributes
                0x00000000000001fa       0x34 _build/nrf52832_xxaa/nrfx_saadc.c.o
 .ARM.attributes